2026-05-16T21:49:17-04:00
               total        used        free      shared  buff/cache   available
Mem:           119Gi        80Gi        11Gi       1.1Gi        29Gi        38Gi
101.77% 4.89GiB / 119.6GiB
---
2026-05-16T21:49:33-04:00
               total        used        free      shared  buff/cache   available
Mem:           119Gi        83Gi       8.3Gi       1.1Gi        29Gi        35Gi
102.40% 5.146GiB / 119.6GiB
---
2026-05-16T21:49:49-04:00
               total        used        free      shared  buff/cache   available
Mem:           119Gi        84Gi       7.9Gi       1.1Gi        29Gi        35Gi
102.96% 5.735GiB / 119.6GiB
---
2026-05-16T21:50:05-04:00
               total        used        free      shared  buff/cache   available
Mem:           119Gi        83Gi       8.3Gi       1.1Gi        29Gi        35Gi
102.50% 5.429GiB / 119.6GiB
---
2026-05-16T21:50:21-04:00
               total        used        free      shared  buff/cache   available
Mem:           119Gi        83Gi       8.3Gi       1.1Gi        29Gi        35Gi
105.47% 5.428GiB / 119.6GiB
---
2026-05-16T21:50:37-04:00
               total        used        free      shared  buff/cache   available
Mem:           119Gi        83Gi       8.4Gi       1.1Gi        29Gi        35Gi
107.01% 5.428GiB / 119.6GiB
---
2026-05-16T21:50:53-04:00
               total        used        free      shared  buff/cache   available
Mem:           119Gi        83Gi       8.4Gi       1.1Gi        29Gi        35Gi
105.40% 5.428GiB / 119.6GiB
---
2026-05-16T21:51:09-04:00
               total        used        free      shared  buff/cache   available
Mem:           119Gi        83Gi       8.4Gi       1.1Gi        29Gi        35Gi
105.50% 5.428GiB / 119.6GiB
---
2026-05-16T21:51:25-04:00
               total        used        free      shared  buff/cache   available
Mem:           119Gi        83Gi       8.4Gi       1.1Gi        29Gi        35Gi
105.50% 5.428GiB / 119.6GiB
---
2026-05-16T21:51:41-04:00
               total        used        free      shared  buff/cache   available
Mem:           119Gi        83Gi       8.4Gi       1.1Gi        29Gi        35Gi
107.23% 5.428GiB / 119.6GiB
---
2026-05-16T21:51:57-04:00
               total        used        free      shared  buff/cache   available
Mem:           119Gi        83Gi       8.4Gi       1.1Gi        29Gi        35Gi
106.15% 5.429GiB / 119.6GiB
---
2026-05-16T21:52:13-04:00
               total        used        free      shared  buff/cache   available
Mem:           119Gi        83Gi       8.4Gi       1.1Gi        29Gi        35Gi
106.74% 5.428GiB / 119.6GiB
---
2026-05-16T21:52:29-04:00
               total        used        free      shared  buff/cache   available
Mem:           119Gi        83Gi       8.4Gi       1.1Gi        29Gi        35Gi
105.27% 5.428GiB / 119.6GiB
---
2026-05-16T21:52:45-04:00
               total        used        free      shared  buff/cache   available
Mem:           119Gi        83Gi       8.4Gi       1.1Gi        29Gi        35Gi
105.37% 5.427GiB / 119.6GiB
---
2026-05-16T21:53:01-04:00
               total        used        free      shared  buff/cache   available
Mem:           119Gi        83Gi       8.4Gi       1.1Gi        29Gi        35Gi
106.90% 5.428GiB / 119.6GiB
---
2026-05-16T21:53:18-04:00
               total        used        free      shared  buff/cache   available
Mem:           119Gi        83Gi       8.4Gi       1.1Gi        29Gi        35Gi
106.62% 5.428GiB / 119.6GiB
---
2026-05-16T21:53:34-04:00
               total        used        free      shared  buff/cache   available
Mem:           119Gi        83Gi       8.4Gi       1.1Gi        29Gi        35Gi
106.78% 5.428GiB / 119.6GiB
---
2026-05-16T21:53:50-04:00
               total        used        free      shared  buff/cache   available
Mem:           119Gi        83Gi       8.4Gi       1.1Gi        29Gi        35Gi
105.04% 5.428GiB / 119.6GiB
---
2026-05-16T21:54:06-04:00
               total        used        free      shared  buff/cache   available
Mem:           119Gi        83Gi       8.4Gi       1.1Gi        29Gi        35Gi
105.09% 5.428GiB / 119.6GiB
---
2026-05-16T21:54:22-04:00
               total        used        free      shared  buff/cache   available
Mem:           119Gi        83Gi       8.4Gi       1.1Gi        29Gi        35Gi
107.00% 5.428GiB / 119.6GiB
---
2026-05-16T21:54:38-04:00
               total        used        free      shared  buff/cache   available
Mem:           119Gi        83Gi       8.4Gi       1.1Gi        29Gi        35Gi
105.37% 5.428GiB / 119.6GiB
---
2026-05-16T21:54:54-04:00
               total        used        free      shared  buff/cache   available
Mem:           119Gi        83Gi       8.4Gi       1.1Gi        29Gi        35Gi
105.04% 5.428GiB / 119.6GiB
---
2026-05-16T21:55:10-04:00
               total        used        free      shared  buff/cache   available
Mem:           119Gi        83Gi       8.4Gi       1.1Gi        29Gi        35Gi
105.65% 5.428GiB / 119.6GiB
---
2026-05-16T21:55:26-04:00
               total        used        free      shared  buff/cache   available
Mem:           119Gi        83Gi       8.4Gi       1.1Gi        29Gi        35Gi
105.13% 5.428GiB / 119.6GiB
---
2026-05-16T21:55:42-04:00
               total        used        free      shared  buff/cache   available
Mem:           119Gi        83Gi       8.4Gi       1.1Gi        29Gi        35Gi
107.01% 5.428GiB / 119.6GiB
---
2026-05-16T21:55:58-04:00
               total        used        free      shared  buff/cache   available
Mem:           119Gi        83Gi       8.4Gi       1.1Gi        29Gi        35Gi
105.17% 5.428GiB / 119.6GiB
---
2026-05-16T21:56:14-04:00
               total        used        free      shared  buff/cache   available
Mem:           119Gi        83Gi       8.4Gi       1.1Gi        29Gi        35Gi
105.22% 5.428GiB / 119.6GiB
---
2026-05-16T21:56:30-04:00
               total        used        free      shared  buff/cache   available
Mem:           119Gi        83Gi       8.4Gi       1.1Gi        29Gi        35Gi
106.96% 5.428GiB / 119.6GiB
---
2026-05-16T21:56:46-04:00
               total        used        free      shared  buff/cache   available
Mem:           119Gi        83Gi       8.3Gi       1.1Gi        29Gi        35Gi
105.45% 5.428GiB / 119.6GiB
---
2026-05-16T21:57:02-04:00
               total        used        free      shared  buff/cache   available
Mem:           119Gi        83Gi       8.4Gi       1.1Gi        29Gi        35Gi
105.37% 5.428GiB / 119.6GiB
---
2026-05-16T21:57:18-04:00
               total        used        free      shared  buff/cache   available
Mem:           119Gi        83Gi       8.4Gi       1.1Gi        29Gi        35Gi
106.75% 5.428GiB / 119.6GiB
---
2026-05-16T21:57:34-04:00
               total        used        free      shared  buff/cache   available
Mem:           119Gi        83Gi       8.4Gi       1.1Gi        29Gi        35Gi
107.00% 5.428GiB / 119.6GiB
---
2026-05-16T21:57:50-04:00
               total        used        free      shared  buff/cache   available
Mem:           119Gi        83Gi       8.4Gi       1.1Gi        29Gi        35Gi
108.53% 5.436GiB / 119.6GiB
---
2026-05-16T21:58:06-04:00
               total        used        free      shared  buff/cache   available
Mem:           119Gi        83Gi       8.4Gi       1.1Gi        29Gi        35Gi
113.49% 5.454GiB / 119.6GiB
---
2026-05-16T21:58:22-04:00
               total        used        free      shared  buff/cache   available
Mem:           119Gi        83Gi       8.3Gi       1.1Gi        29Gi        35Gi
113.09% 5.487GiB / 119.6GiB
---
2026-05-16T21:58:38-04:00
               total        used        free      shared  buff/cache   available
Mem:           119Gi        83Gi       8.3Gi       1.1Gi        29Gi        35Gi
106.57% 5.54GiB / 119.6GiB
---
2026-05-16T21:58:54-04:00
               total        used        free      shared  buff/cache   available
Mem:           119Gi        83Gi       8.2Gi       1.1Gi        29Gi        35Gi
142.23% 6.249GiB / 119.6GiB
---
2026-05-16T21:59:10-04:00
               total        used        free      shared  buff/cache   available
Mem:           119Gi        85Gi       6.4Gi       1.1Gi        30Gi        34Gi
102.47% 7.215GiB / 119.6GiB
---
2026-05-16T21:59:26-04:00
               total        used        free      shared  buff/cache   available
Mem:           119Gi        88Gi       3.7Gi       1.1Gi        29Gi        31Gi
102.78% 10.13GiB / 119.6GiB
---
2026-05-16T21:59:42-04:00
               total        used        free      shared  buff/cache   available
Mem:           119Gi        88Gi       3.4Gi       1.1Gi        29Gi        31Gi
102.65% 10.23GiB / 119.6GiB
---
2026-05-16T21:59:58-04:00
               total        used        free      shared  buff/cache   available
Mem:           119Gi        88Gi       3.5Gi       1.1Gi        29Gi        31Gi
107.51% 10.23GiB / 119.6GiB
---
2026-05-16T22:00:14-04:00
               total        used        free      shared  buff/cache   available
Mem:           119Gi        88Gi       3.5Gi       1.1Gi        29Gi        31Gi
105.77% 10.23GiB / 119.6GiB
---
2026-05-16T22:00:30-04:00
               total        used        free      shared  buff/cache   available
Mem:           119Gi        88Gi       3.6Gi       1.1Gi        29Gi        31Gi
105.66% 10.23GiB / 119.6GiB
---
2026-05-16T22:00:46-04:00
               total        used        free      shared  buff/cache   available
Mem:           119Gi        88Gi       3.6Gi       1.1Gi        29Gi        31Gi
107.53% 10.23GiB / 119.6GiB
---
2026-05-16T22:01:02-04:00
               total        used        free      shared  buff/cache   available
Mem:           119Gi        88Gi       3.6Gi       1.1Gi        29Gi        31Gi
102.65% 10.23GiB / 119.6GiB
---
2026-05-16T22:01:18-04:00
               total        used        free      shared  buff/cache   available
Mem:           119Gi        88Gi       3.6Gi       1.1Gi        29Gi        31Gi
110.94% 10.23GiB / 119.6GiB
---
2026-05-16T22:01:34-04:00
               total        used        free      shared  buff/cache   available
Mem:           119Gi        88Gi       3.6Gi       1.1Gi        29Gi        31Gi
107.51% 10.23GiB / 119.6GiB
---
2026-05-16T22:01:50-04:00
               total        used        free      shared  buff/cache   available
Mem:           119Gi        88Gi       3.6Gi       1.1Gi        29Gi        31Gi
107.37% 10.23GiB / 119.6GiB
---
2026-05-16T22:02:06-04:00
               total        used        free      shared  buff/cache   available
Mem:           119Gi        88Gi       3.6Gi       1.1Gi        29Gi        31Gi
105.68% 10.23GiB / 119.6GiB
---
2026-05-16T22:02:22-04:00
               total        used        free      shared  buff/cache   available
Mem:           119Gi        88Gi       3.6Gi       1.1Gi        29Gi        31Gi
114.90% 10.23GiB / 119.6GiB
---
2026-05-16T22:02:38-04:00
               total        used        free      shared  buff/cache   available
Mem:           119Gi        88Gi       3.6Gi       1.1Gi        29Gi        31Gi
114.90% 10.23GiB / 119.6GiB
---
2026-05-16T22:02:54-04:00
               total        used        free      shared  buff/cache   available
Mem:           119Gi        88Gi       3.6Gi       1.1Gi        29Gi        31Gi
105.42% 10.23GiB / 119.6GiB
---
2026-05-16T22:03:10-04:00
               total        used        free      shared  buff/cache   available
Mem:           119Gi        88Gi       3.6Gi       1.1Gi        29Gi        31Gi
106.19% 10.23GiB / 119.6GiB
---
2026-05-16T22:03:26-04:00
               total        used        free      shared  buff/cache   available
Mem:           119Gi        88Gi       3.6Gi       1.1Gi        29Gi        31Gi
113.84% 10.23GiB / 119.6GiB
---
2026-05-16T22:03:42-04:00
               total        used        free      shared  buff/cache   available
Mem:           119Gi        88Gi       3.6Gi       1.1Gi        29Gi        31Gi
107.52% 10.24GiB / 119.6GiB
---
2026-05-16T22:03:58-04:00
               total        used        free      shared  buff/cache   available
Mem:           119Gi        88Gi       3.6Gi       1.1Gi        29Gi        31Gi
107.30% 10.24GiB / 119.6GiB
---
2026-05-16T22:04:14-04:00
               total        used        free      shared  buff/cache   available
Mem:           119Gi        88Gi       3.6Gi       1.1Gi        29Gi        31Gi
105.89% 10.24GiB / 119.6GiB
---
2026-05-16T22:04:30-04:00
               total        used        free      shared  buff/cache   available
Mem:           119Gi        88Gi       3.6Gi       1.1Gi        29Gi        31Gi
107.28% 10.24GiB / 119.6GiB
---
2026-05-16T22:04:47-04:00
               total        used        free      shared  buff/cache   available
Mem:           119Gi        88Gi       3.6Gi       1.1Gi        29Gi        31Gi
107.21% 10.24GiB / 119.6GiB
---
2026-05-16T22:05:03-04:00
               total        used        free      shared  buff/cache   available
Mem:           119Gi        88Gi       3.6Gi       1.1Gi        29Gi        31Gi
105.61% 10.24GiB / 119.6GiB
---
2026-05-16T22:05:19-04:00
               total        used        free      shared  buff/cache   available
Mem:           119Gi        88Gi       3.6Gi       1.1Gi        29Gi        31Gi
105.63% 10.24GiB / 119.6GiB
---
2026-05-16T22:05:35-04:00
               total        used        free      shared  buff/cache   available
Mem:           119Gi        88Gi       3.6Gi       1.1Gi        29Gi        31Gi
107.64% 10.24GiB / 119.6GiB
---
2026-05-16T22:05:51-04:00
               total        used        free      shared  buff/cache   available
Mem:           119Gi        88Gi       3.6Gi       1.1Gi        29Gi        31Gi
105.82% 10.24GiB / 119.6GiB
---
2026-05-16T22:06:07-04:00
               total        used        free      shared  buff/cache   available
Mem:           119Gi        88Gi       3.6Gi       1.1Gi        29Gi        31Gi
110.70% 10.24GiB / 119.6GiB
---
2026-05-16T22:06:23-04:00
               total        used        free      shared  buff/cache   available
Mem:           119Gi        88Gi       3.6Gi       1.1Gi        29Gi        31Gi
105.56% 10.24GiB / 119.6GiB
---
2026-05-16T22:06:39-04:00
               total        used        free      shared  buff/cache   available
Mem:           119Gi        88Gi       3.6Gi       1.1Gi        29Gi        31Gi
105.32% 10.24GiB / 119.6GiB
---
2026-05-16T22:06:55-04:00
               total        used        free      shared  buff/cache   available
Mem:           119Gi        88Gi       3.6Gi       1.1Gi        29Gi        31Gi
112.76% 10.24GiB / 119.6GiB
---
2026-05-16T22:07:11-04:00
               total        used        free      shared  buff/cache   available
Mem:           119Gi        88Gi       3.6Gi       1.1Gi        29Gi        31Gi
107.21% 10.24GiB / 119.6GiB
---
2026-05-16T22:07:27-04:00
               total        used        free      shared  buff/cache   available
Mem:           119Gi        88Gi       3.6Gi       1.1Gi        29Gi        31Gi
107.20% 10.24GiB / 119.6GiB
---
2026-05-16T22:07:43-04:00
               total        used        free      shared  buff/cache   available
Mem:           119Gi        88Gi       3.6Gi       1.1Gi        29Gi        31Gi
110.56% 10.24GiB / 119.6GiB
---
2026-05-16T22:07:59-04:00
               total        used        free      shared  buff/cache   available
Mem:           119Gi        88Gi       3.6Gi       1.1Gi        29Gi        31Gi
106.95% 10.24GiB / 119.6GiB
---
2026-05-16T22:08:15-04:00
               total        used        free      shared  buff/cache   available
Mem:           119Gi        88Gi       3.6Gi       1.1Gi        29Gi        31Gi
114.73% 10.24GiB / 119.6GiB
---
2026-05-16T22:08:31-04:00
               total        used        free      shared  buff/cache   available
Mem:           119Gi        88Gi       3.6Gi       1.1Gi        29Gi        31Gi
110.50% 10.24GiB / 119.6GiB
---
2026-05-16T22:08:47-04:00
               total        used        free      shared  buff/cache   available
Mem:           119Gi        88Gi       3.6Gi       1.1Gi        29Gi        31Gi
106.58% 10.24GiB / 119.6GiB
---
2026-05-16T22:09:03-04:00
               total        used        free      shared  buff/cache   available
Mem:           119Gi        88Gi       3.6Gi       1.1Gi        29Gi        31Gi
107.18% 10.24GiB / 119.6GiB
---
2026-05-16T22:09:19-04:00
               total        used        free      shared  buff/cache   available
Mem:           119Gi        88Gi       3.6Gi       1.1Gi        29Gi        31Gi
105.69% 10.24GiB / 119.6GiB
---
2026-05-16T22:09:35-04:00
               total        used        free      shared  buff/cache   available
Mem:           119Gi        88Gi       3.6Gi       1.1Gi        29Gi        31Gi
105.62% 10.24GiB / 119.6GiB
---
2026-05-16T22:09:51-04:00
               total        used        free      shared  buff/cache   available
Mem:           119Gi        88Gi       3.5Gi       1.1Gi        29Gi        31Gi
107.64% 10.24GiB / 119.6GiB
---
2026-05-16T22:10:07-04:00
               total        used        free      shared  buff/cache   available
Mem:           119Gi        88Gi       3.5Gi       1.1Gi        29Gi        31Gi
105.64% 10.25GiB / 119.6GiB
---
2026-05-16T22:10:23-04:00
               total        used        free      shared  buff/cache   available
Mem:           119Gi        88Gi       3.5Gi       1.1Gi        29Gi        31Gi
110.37% 10.25GiB / 119.6GiB
---
2026-05-16T22:10:39-04:00
               total        used        free      shared  buff/cache   available
Mem:           119Gi        88Gi       3.5Gi       1.1Gi        29Gi        31Gi
109.65% 10.25GiB / 119.6GiB
---
2026-05-16T22:10:55-04:00
               total        used        free      shared  buff/cache   available
Mem:           119Gi        88Gi       3.5Gi       1.1Gi        29Gi        31Gi
105.46% 10.25GiB / 119.6GiB
---
2026-05-16T22:11:11-04:00
               total        used        free      shared  buff/cache   available
Mem:           119Gi        88Gi       3.6Gi       1.1Gi        29Gi        31Gi
105.53% 10.25GiB / 119.6GiB
---
2026-05-16T22:11:27-04:00
               total        used        free      shared  buff/cache   available
Mem:           119Gi        88Gi       3.6Gi       1.1Gi        29Gi        31Gi
105.58% 10.25GiB / 119.6GiB
---
2026-05-16T22:11:43-04:00
               total        used        free      shared  buff/cache   available
Mem:           119Gi        88Gi       3.6Gi       1.1Gi        29Gi        31Gi
110.64% 10.25GiB / 119.6GiB
---
2026-05-16T22:11:59-04:00
               total        used        free      shared  buff/cache   available
Mem:           119Gi        88Gi       3.6Gi       1.1Gi        29Gi        31Gi
114.82% 10.25GiB / 119.6GiB
---
2026-05-16T22:12:15-04:00
               total        used        free      shared  buff/cache   available
Mem:           119Gi        88Gi       3.6Gi       1.1Gi        29Gi        31Gi
106.48% 10.25GiB / 119.6GiB
---
2026-05-16T22:12:31-04:00
               total        used        free      shared  buff/cache   available
Mem:           119Gi        88Gi       3.6Gi       1.1Gi        29Gi        31Gi
110.40% 10.25GiB / 119.6GiB
---
2026-05-16T22:12:47-04:00
               total        used        free      shared  buff/cache   available
Mem:           119Gi        88Gi       3.6Gi       1.1Gi        29Gi        31Gi
115.08% 10.25GiB / 119.6GiB
---
2026-05-16T22:13:03-04:00
               total        used        free      shared  buff/cache   available
Mem:           119Gi        88Gi       3.5Gi       1.1Gi        29Gi        31Gi
114.97% 10.25GiB / 119.6GiB
---
2026-05-16T22:13:19-04:00
               total        used        free      shared  buff/cache   available
Mem:           119Gi        88Gi       3.6Gi       1.1Gi        29Gi        31Gi
106.91% 10.25GiB / 119.6GiB
---
2026-05-16T22:13:35-04:00
               total        used        free      shared  buff/cache   available
Mem:           119Gi        88Gi       3.5Gi       1.1Gi        29Gi        31Gi
114.00% 10.25GiB / 119.6GiB
---
2026-05-16T22:13:51-04:00
               total        used        free      shared  buff/cache   available
Mem:           119Gi        88Gi       3.5Gi       1.1Gi        29Gi        31Gi
111.37% 10.25GiB / 119.6GiB
---
2026-05-16T22:14:07-04:00
               total        used        free      shared  buff/cache   available
Mem:           119Gi        88Gi       3.5Gi       1.1Gi        29Gi        31Gi
107.16% 10.25GiB / 119.6GiB
---
2026-05-16T22:14:23-04:00
               total        used        free      shared  buff/cache   available
Mem:           119Gi        88Gi       3.5Gi       1.1Gi        29Gi        31Gi
102.09% 10.25GiB / 119.6GiB
---
2026-05-16T22:14:39-04:00
               total        used        free      shared  buff/cache   available
Mem:           119Gi        88Gi       3.5Gi       1.1Gi        29Gi        31Gi
105.72% 10.25GiB / 119.6GiB
---
2026-05-16T22:14:55-04:00
               total        used        free      shared  buff/cache   available
Mem:           119Gi        88Gi       3.5Gi       1.1Gi        29Gi        31Gi
107.69% 10.25GiB / 119.6GiB
---
2026-05-16T22:15:11-04:00
               total        used        free      shared  buff/cache   available
Mem:           119Gi        88Gi       3.5Gi       1.1Gi        29Gi        31Gi
107.43% 10.25GiB / 119.6GiB
---
2026-05-16T22:15:27-04:00
               total        used        free      shared  buff/cache   available
Mem:           119Gi        88Gi       3.5Gi       1.1Gi        29Gi        31Gi
106.10% 10.25GiB / 119.6GiB
---
2026-05-16T22:15:43-04:00
               total        used        free      shared  buff/cache   available
Mem:           119Gi        88Gi       3.5Gi       1.1Gi        29Gi        31Gi
107.51% 10.25GiB / 119.6GiB
---
2026-05-16T22:16:00-04:00
               total        used        free      shared  buff/cache   available
Mem:           119Gi        88Gi       3.5Gi       1.1Gi        29Gi        31Gi
107.27% 10.25GiB / 119.6GiB
---
2026-05-16T22:16:16-04:00
               total        used        free      shared  buff/cache   available
Mem:           119Gi        88Gi       3.5Gi       1.1Gi        29Gi        31Gi
105.57% 10.26GiB / 119.6GiB
---
2026-05-16T22:16:32-04:00
               total        used        free      shared  buff/cache   available
Mem:           119Gi        88Gi       3.5Gi       1.1Gi        29Gi        31Gi
105.50% 10.26GiB / 119.6GiB
---
2026-05-16T22:16:48-04:00
               total        used        free      shared  buff/cache   available
Mem:           119Gi        88Gi       3.5Gi       1.1Gi        29Gi        31Gi
114.88% 10.26GiB / 119.6GiB
---
2026-05-16T22:17:04-04:00
               total        used        free      shared  buff/cache   available
Mem:           119Gi        88Gi       3.5Gi       1.1Gi        29Gi        31Gi
106.68% 10.26GiB / 119.6GiB
---
2026-05-16T22:17:20-04:00
               total        used        free      shared  buff/cache   available
Mem:           119Gi        88Gi       3.5Gi       1.1Gi        29Gi        31Gi
105.90% 10.26GiB / 119.6GiB
---
2026-05-16T22:17:36-04:00
               total        used        free      shared  buff/cache   available
Mem:           119Gi        88Gi       3.5Gi       1.1Gi        29Gi        31Gi
110.71% 10.26GiB / 119.6GiB
---
2026-05-16T22:17:52-04:00
               total        used        free      shared  buff/cache   available
Mem:           119Gi        88Gi       3.5Gi       1.1Gi        29Gi        31Gi
107.19% 10.26GiB / 119.6GiB
---
2026-05-16T22:18:08-04:00
               total        used        free      shared  buff/cache   available
Mem:           119Gi        88Gi       3.5Gi       1.1Gi        29Gi        31Gi
107.23% 10.26GiB / 119.6GiB
---
2026-05-16T22:18:24-04:00
               total        used        free      shared  buff/cache   available
Mem:           119Gi        88Gi       3.5Gi       1.1Gi        29Gi        31Gi
105.62% 10.26GiB / 119.6GiB
---
2026-05-16T22:18:40-04:00
               total        used        free      shared  buff/cache   available
Mem:           119Gi        88Gi       3.5Gi       1.1Gi        29Gi        31Gi
105.61% 10.26GiB / 119.6GiB
---
2026-05-16T22:18:56-04:00
               total        used        free      shared  buff/cache   available
Mem:           119Gi        88Gi       3.5Gi       1.1Gi        29Gi        31Gi
107.07% 10.26GiB / 119.6GiB
---
2026-05-16T22:19:12-04:00
               total        used        free      shared  buff/cache   available
Mem:           119Gi        88Gi       3.5Gi       1.1Gi        29Gi        31Gi
105.73% 10.26GiB / 119.6GiB
---
2026-05-16T22:19:28-04:00
               total        used        free      shared  buff/cache   available
Mem:           119Gi        88Gi       3.5Gi       1.1Gi        29Gi        31Gi
105.89% 10.26GiB / 119.6GiB
---
2026-05-16T22:19:44-04:00
               total        used        free      shared  buff/cache   available
Mem:           119Gi        88Gi       3.5Gi       1.1Gi        29Gi        31Gi
106.84% 10.26GiB / 119.6GiB
---
2026-05-16T22:20:00-04:00
               total        used        free      shared  buff/cache   available
Mem:           119Gi        88Gi       3.5Gi       1.1Gi        29Gi        31Gi
105.08% 10.26GiB / 119.6GiB
---
2026-05-16T22:20:16-04:00
               total        used        free      shared  buff/cache   available
Mem:           119Gi        88Gi       3.5Gi       1.1Gi        29Gi        31Gi
105.13% 10.26GiB / 119.6GiB
---
2026-05-16T22:20:32-04:00
               total        used        free      shared  buff/cache   available
Mem:           119Gi        88Gi       3.5Gi       1.1Gi        29Gi        31Gi
106.89% 10.26GiB / 119.6GiB
---
2026-05-16T22:20:48-04:00
               total        used        free      shared  buff/cache   available
Mem:           119Gi        88Gi       3.5Gi       1.1Gi        29Gi        31Gi
107.18% 10.26GiB / 119.6GiB
---
2026-05-16T22:21:04-04:00
               total        used        free      shared  buff/cache   available
Mem:           119Gi        88Gi       3.5Gi       1.1Gi        29Gi        31Gi
105.69% 10.26GiB / 119.6GiB
---
2026-05-16T22:21:20-04:00
               total        used        free      shared  buff/cache   available
Mem:           119Gi        88Gi       3.5Gi       1.1Gi        29Gi        31Gi
107.33% 10.26GiB / 119.6GiB
---
2026-05-16T22:21:36-04:00
               total        used        free      shared  buff/cache   available
Mem:           119Gi        88Gi       3.5Gi       1.1Gi        29Gi        31Gi
115.16% 10.26GiB / 119.6GiB
---
2026-05-16T22:21:52-04:00
               total        used        free      shared  buff/cache   available
Mem:           119Gi        88Gi       3.5Gi       1.1Gi        29Gi        31Gi
105.76% 10.26GiB / 119.6GiB
---
2026-05-16T22:22:08-04:00
               total        used        free      shared  buff/cache   available
Mem:           119Gi        88Gi       3.5Gi       1.1Gi        29Gi        31Gi
103.86% 10.26GiB / 119.6GiB
---
2026-05-16T22:22:24-04:00
               total        used        free      shared  buff/cache   available
Mem:           119Gi        88Gi       3.5Gi       1.1Gi        29Gi        31Gi
114.92% 10.26GiB / 119.6GiB
---
2026-05-16T22:22:40-04:00
               total        used        free      shared  buff/cache   available
Mem:           119Gi        88Gi       3.5Gi       1.1Gi        29Gi        31Gi
105.72% 10.27GiB / 119.6GiB
---
2026-05-16T22:22:56-04:00
               total        used        free      shared  buff/cache   available
Mem:           119Gi        88Gi       3.5Gi       1.1Gi        29Gi        31Gi
111.66% 10.26GiB / 119.6GiB
---
2026-05-16T22:23:12-04:00
               total        used        free      shared  buff/cache   available
Mem:           119Gi        88Gi       3.5Gi       1.1Gi        29Gi        31Gi
113.52% 10.27GiB / 119.6GiB
---
2026-05-16T22:23:28-04:00
               total        used        free      shared  buff/cache   available
Mem:           119Gi        88Gi       3.5Gi       1.1Gi        29Gi        31Gi
106.87% 10.27GiB / 119.6GiB
---
2026-05-16T22:23:44-04:00
               total        used        free      shared  buff/cache   available
Mem:           119Gi        88Gi       3.5Gi       1.1Gi        29Gi        31Gi
106.75% 10.27GiB / 119.6GiB
---
2026-05-16T22:24:00-04:00
               total        used        free      shared  buff/cache   available
Mem:           119Gi        88Gi       3.5Gi       1.1Gi        29Gi        31Gi
105.25% 10.27GiB / 119.6GiB
---
2026-05-16T22:24:16-04:00
               total        used        free      shared  buff/cache   available
Mem:           119Gi        88Gi       3.5Gi       1.1Gi        29Gi        31Gi
106.04% 10.27GiB / 119.6GiB
---
2026-05-16T22:24:32-04:00
               total        used        free      shared  buff/cache   available
Mem:           119Gi        88Gi       3.5Gi       1.1Gi        29Gi        31Gi
107.48% 10.27GiB / 119.6GiB
---
2026-05-16T22:24:48-04:00
               total        used        free      shared  buff/cache   available
Mem:           119Gi        88Gi       3.5Gi       1.1Gi        29Gi        31Gi
110.73% 10.27GiB / 119.6GiB
---
2026-05-16T22:25:04-04:00
               total        used        free      shared  buff/cache   available
Mem:           119Gi        88Gi       3.5Gi       1.1Gi        29Gi        31Gi
110.81% 10.27GiB / 119.6GiB
---
2026-05-16T22:25:20-04:00
               total        used        free      shared  buff/cache   available
Mem:           119Gi        88Gi       3.5Gi       1.1Gi        29Gi        31Gi
107.32% 10.27GiB / 119.6GiB
---
2026-05-16T22:25:36-04:00
               total        used        free      shared  buff/cache   available
Mem:           119Gi        88Gi       3.5Gi       1.1Gi        29Gi        31Gi
106.84% 10.27GiB / 119.6GiB
---
2026-05-16T22:25:52-04:00
               total        used        free      shared  buff/cache   available
Mem:           119Gi        88Gi       3.5Gi       1.1Gi        29Gi        31Gi
110.86% 10.27GiB / 119.6GiB
---
2026-05-16T22:26:08-04:00
               total        used        free      shared  buff/cache   available
Mem:           119Gi        88Gi       3.5Gi       1.1Gi        29Gi        31Gi
114.99% 10.27GiB / 119.6GiB
---
2026-05-16T22:26:24-04:00
               total        used        free      shared  buff/cache   available
Mem:           119Gi        88Gi       3.5Gi       1.1Gi        29Gi        31Gi
114.75% 10.27GiB / 119.6GiB
---
2026-05-16T22:26:40-04:00
               total        used        free      shared  buff/cache   available
Mem:           119Gi        88Gi       3.5Gi       1.1Gi        29Gi        31Gi
110.22% 10.27GiB / 119.6GiB
---
2026-05-16T22:26:56-04:00
               total        used        free      shared  buff/cache   available
Mem:           119Gi        88Gi       3.5Gi       1.1Gi        29Gi        31Gi
106.79% 10.27GiB / 119.6GiB
---
2026-05-16T22:27:13-04:00
               total        used        free      shared  buff/cache   available
Mem:           119Gi        88Gi       3.5Gi       1.1Gi        29Gi        31Gi
106.83% 10.27GiB / 119.6GiB
---
2026-05-16T22:27:29-04:00
               total        used        free      shared  buff/cache   available
Mem:           119Gi        88Gi       3.5Gi       1.1Gi        29Gi        31Gi
105.16% 10.27GiB / 119.6GiB
---
2026-05-16T22:27:45-04:00
               total        used        free      shared  buff/cache   available
Mem:           119Gi        88Gi       3.5Gi       1.1Gi        29Gi        31Gi
102.23% 10.27GiB / 119.6GiB
---
2026-05-16T22:28:01-04:00
               total        used        free      shared  buff/cache   available
Mem:           119Gi        88Gi       3.5Gi       1.1Gi        29Gi        31Gi
106.69% 10.27GiB / 119.6GiB
---
2026-05-16T22:28:17-04:00
               total        used        free      shared  buff/cache   available
Mem:           119Gi        88Gi       3.5Gi       1.1Gi        29Gi        31Gi
105.21% 10.27GiB / 119.6GiB
---
2026-05-16T22:28:33-04:00
               total        used        free      shared  buff/cache   available
Mem:           119Gi        88Gi       3.5Gi       1.1Gi        29Gi        31Gi
110.78% 10.27GiB / 119.6GiB
---
2026-05-16T22:28:49-04:00
               total        used        free      shared  buff/cache   available
Mem:           119Gi        88Gi       3.5Gi       1.1Gi        29Gi        31Gi
107.33% 10.27GiB / 119.6GiB
---
2026-05-16T22:29:05-04:00
               total        used        free      shared  buff/cache   available
Mem:           119Gi        88Gi       3.5Gi       1.1Gi        29Gi        31Gi
106.00% 10.27GiB / 119.6GiB
---
2026-05-16T22:29:21-04:00
               total        used        free      shared  buff/cache   available
Mem:           119Gi        88Gi       3.5Gi       1.1Gi        29Gi        31Gi
106.03% 10.27GiB / 119.6GiB
---
2026-05-16T22:29:37-04:00
               total        used        free      shared  buff/cache   available
Mem:           119Gi        88Gi       3.5Gi       1.1Gi        29Gi        31Gi
107.31% 10.28GiB / 119.6GiB
---
2026-05-16T22:29:53-04:00
               total        used        free      shared  buff/cache   available
Mem:           119Gi        88Gi       3.5Gi       1.1Gi        29Gi        31Gi
105.27% 10.28GiB / 119.6GiB
---
2026-05-16T22:30:09-04:00
               total        used        free      shared  buff/cache   available
Mem:           119Gi        88Gi       3.5Gi       1.1Gi        29Gi        31Gi
105.52% 10.28GiB / 119.6GiB
---
2026-05-16T22:30:25-04:00
               total        used        free      shared  buff/cache   available
Mem:           119Gi        88Gi       3.5Gi       1.1Gi        29Gi        31Gi
107.46% 10.28GiB / 119.6GiB
---
2026-05-16T22:30:41-04:00
               total        used        free      shared  buff/cache   available
Mem:           119Gi        88Gi       3.5Gi       1.1Gi        29Gi        31Gi
115.85% 10.28GiB / 119.6GiB
---
2026-05-16T22:30:57-04:00
               total        used        free      shared  buff/cache   available
Mem:           119Gi        88Gi       3.5Gi       1.1Gi        29Gi        31Gi
105.79% 10.28GiB / 119.6GiB
---
2026-05-16T22:31:13-04:00
               total        used        free      shared  buff/cache   available
Mem:           119Gi        88Gi       3.5Gi       1.1Gi        29Gi        31Gi
107.45% 10.28GiB / 119.6GiB
---
2026-05-16T22:31:29-04:00
               total        used        free      shared  buff/cache   available
Mem:           119Gi        88Gi       3.5Gi       1.1Gi        29Gi        31Gi
107.52% 10.28GiB / 119.6GiB
---
2026-05-16T22:31:45-04:00
               total        used        free      shared  buff/cache   available
Mem:           119Gi        88Gi       3.5Gi       1.1Gi        29Gi        31Gi
105.62% 10.28GiB / 119.6GiB
---
2026-05-16T22:32:01-04:00
               total        used        free      shared  buff/cache   available
Mem:           119Gi        88Gi       3.5Gi       1.1Gi        29Gi        31Gi
105.78% 10.28GiB / 119.6GiB
---
2026-05-16T22:32:17-04:00
               total        used        free      shared  buff/cache   available
Mem:           119Gi        88Gi       3.5Gi       1.1Gi        29Gi        31Gi
107.68% 10.28GiB / 119.6GiB
---
2026-05-16T22:32:33-04:00
               total        used        free      shared  buff/cache   available
Mem:           119Gi        88Gi       3.5Gi       1.1Gi        29Gi        31Gi
105.52% 10.28GiB / 119.6GiB
---
2026-05-16T22:32:49-04:00
               total        used        free      shared  buff/cache   available
Mem:           119Gi        88Gi       3.5Gi       1.1Gi        29Gi        31Gi
110.52% 10.28GiB / 119.6GiB
---
2026-05-16T22:33:05-04:00
               total        used        free      shared  buff/cache   available
Mem:           119Gi        88Gi       3.5Gi       1.1Gi        29Gi        31Gi
114.73% 10.28GiB / 119.6GiB
---
2026-05-16T22:33:21-04:00
               total        used        free      shared  buff/cache   available
Mem:           119Gi        88Gi       3.5Gi       1.1Gi        29Gi        31Gi
105.17% 10.28GiB / 119.6GiB
---
2026-05-16T22:33:37-04:00
               total        used        free      shared  buff/cache   available
Mem:           119Gi        88Gi       3.5Gi       1.1Gi        29Gi        31Gi
105.47% 10.28GiB / 119.6GiB
---
2026-05-16T22:33:53-04:00
               total        used        free      shared  buff/cache   available
Mem:           119Gi        88Gi       3.5Gi       1.1Gi        29Gi        31Gi
107.37% 10.28GiB / 119.6GiB
---
2026-05-16T22:34:09-04:00
               total        used        free      shared  buff/cache   available
Mem:           119Gi        88Gi       3.5Gi       1.1Gi        29Gi        31Gi
107.21% 10.28GiB / 119.6GiB
---
2026-05-16T22:34:25-04:00
               total        used        free      shared  buff/cache   available
Mem:           119Gi        88Gi       3.5Gi       1.1Gi        29Gi        31Gi
105.52% 10.28GiB / 119.6GiB
---
2026-05-16T22:34:41-04:00
               total        used        free      shared  buff/cache   available
Mem:           119Gi        88Gi       3.5Gi       1.1Gi        29Gi        31Gi
107.06% 10.28GiB / 119.6GiB
---
2026-05-16T22:34:57-04:00
               total        used        free      shared  buff/cache   available
Mem:           119Gi        88Gi       3.5Gi       1.1Gi        29Gi        31Gi
107.39% 10.28GiB / 119.6GiB
---
2026-05-16T22:35:13-04:00
               total        used        free      shared  buff/cache   available
Mem:           119Gi        88Gi       3.5Gi       1.1Gi        29Gi        31Gi
110.77% 10.28GiB / 119.6GiB
---
2026-05-16T22:35:29-04:00
               total        used        free      shared  buff/cache   available
Mem:           119Gi        88Gi       3.5Gi       1.1Gi        29Gi        31Gi
107.00% 10.28GiB / 119.6GiB
---
2026-05-16T22:35:45-04:00
               total        used        free      shared  buff/cache   available
Mem:           119Gi        88Gi       3.5Gi       1.1Gi        29Gi        31Gi
107.30% 10.28GiB / 119.6GiB
---
2026-05-16T22:36:01-04:00
               total        used        free      shared  buff/cache   available
Mem:           119Gi        88Gi       3.5Gi       1.1Gi        29Gi        31Gi
105.52% 10.29GiB / 119.6GiB
---
2026-05-16T22:36:17-04:00
               total        used        free      shared  buff/cache   available
Mem:           119Gi        88Gi       3.5Gi       1.1Gi        29Gi        31Gi
105.19% 10.29GiB / 119.6GiB
---
2026-05-16T22:36:33-04:00
               total        used        free      shared  buff/cache   available
Mem:           119Gi        88Gi       3.5Gi       1.1Gi        29Gi        31Gi
107.17% 10.29GiB / 119.6GiB
---
2026-05-16T22:36:49-04:00
               total        used        free      shared  buff/cache   available
Mem:           119Gi        88Gi       3.5Gi       1.1Gi        29Gi        31Gi
108.04% 10.29GiB / 119.6GiB
---
2026-05-16T22:37:05-04:00
               total        used        free      shared  buff/cache   available
Mem:           119Gi        88Gi       3.5Gi       1.1Gi        29Gi        31Gi
110.66% 10.29GiB / 119.6GiB
---
2026-05-16T22:37:21-04:00
               total        used        free      shared  buff/cache   available
Mem:           119Gi        88Gi       3.5Gi       1.1Gi        29Gi        31Gi
107.35% 10.29GiB / 119.6GiB
---
2026-05-16T22:37:37-04:00
               total        used        free      shared  buff/cache   available
Mem:           119Gi        88Gi       3.5Gi       1.1Gi        29Gi        31Gi
107.47% 10.29GiB / 119.6GiB
---
2026-05-16T22:37:53-04:00
               total        used        free      shared  buff/cache   available
Mem:           119Gi        88Gi       3.5Gi       1.1Gi        29Gi        31Gi
110.74% 10.29GiB / 119.6GiB
---
2026-05-16T22:38:09-04:00
               total        used        free      shared  buff/cache   available
Mem:           119Gi        88Gi       3.5Gi       1.1Gi        29Gi        31Gi
105.75% 10.29GiB / 119.6GiB
---
2026-05-16T22:38:25-04:00
               total        used        free      shared  buff/cache   available
Mem:           119Gi        88Gi       3.5Gi       1.1Gi        29Gi        31Gi
111.42% 10.29GiB / 119.6GiB
---
2026-05-16T22:38:42-04:00
               total        used        free      shared  buff/cache   available
Mem:           119Gi        88Gi       3.5Gi       1.1Gi        29Gi        31Gi
107.39% 10.29GiB / 119.6GiB
---
2026-05-16T22:38:58-04:00
               total        used        free      shared  buff/cache   available
Mem:           119Gi        88Gi       3.5Gi       1.1Gi        29Gi        31Gi
106.53% 10.29GiB / 119.6GiB
---
2026-05-16T22:39:14-04:00
               total        used        free      shared  buff/cache   available
Mem:           119Gi        88Gi       3.5Gi       1.1Gi        29Gi        31Gi
110.57% 10.29GiB / 119.6GiB
---
2026-05-16T22:39:30-04:00
               total        used        free      shared  buff/cache   available
Mem:           119Gi        88Gi       3.5Gi       1.1Gi        29Gi        31Gi
107.14% 10.29GiB / 119.6GiB
---
2026-05-16T22:39:46-04:00
               total        used        free      shared  buff/cache   available
Mem:           119Gi        88Gi       3.5Gi       1.1Gi        29Gi        31Gi
115.10% 10.29GiB / 119.6GiB
---
2026-05-16T22:40:02-04:00
               total        used        free      shared  buff/cache   available
Mem:           119Gi        88Gi       3.5Gi       1.1Gi        29Gi        31Gi
110.82% 10.29GiB / 119.6GiB
---
2026-05-16T22:40:18-04:00
               total        used        free      shared  buff/cache   available
Mem:           119Gi        88Gi       3.5Gi       1.1Gi        29Gi        31Gi
109.69% 10.29GiB / 119.6GiB
---
2026-05-16T22:40:34-04:00
               total        used        free      shared  buff/cache   available
Mem:           119Gi        88Gi       3.5Gi       1.1Gi        29Gi        31Gi
114.90% 10.29GiB / 119.6GiB
---
2026-05-16T22:40:50-04:00
               total        used        free      shared  buff/cache   available
Mem:           119Gi        88Gi       3.5Gi       1.1Gi        29Gi        31Gi
110.38% 10.29GiB / 119.6GiB
---
2026-05-16T22:41:06-04:00
               total        used        free      shared  buff/cache   available
Mem:           119Gi        88Gi       3.5Gi       1.1Gi        29Gi        31Gi
102.08% 10.29GiB / 119.6GiB
---
2026-05-16T22:41:22-04:00
               total        used        free      shared  buff/cache   available
Mem:           119Gi        88Gi       3.5Gi       1.1Gi        29Gi        31Gi
114.72% 10.29GiB / 119.6GiB
---
2026-05-16T22:41:38-04:00
               total        used        free      shared  buff/cache   available
Mem:           119Gi        88Gi       3.5Gi       1.1Gi        29Gi        31Gi
109.95% 10.29GiB / 119.6GiB
---
2026-05-16T22:41:54-04:00
               total        used        free      shared  buff/cache   available
Mem:           119Gi        88Gi       3.5Gi       1.1Gi        29Gi        31Gi
114.89% 10.29GiB / 119.6GiB
---
2026-05-16T22:42:10-04:00
               total        used        free      shared  buff/cache   available
Mem:           119Gi        88Gi       3.5Gi       1.1Gi        29Gi        31Gi
108.23% 10.29GiB / 119.6GiB
---
2026-05-16T22:42:26-04:00
               total        used        free      shared  buff/cache   available
Mem:           119Gi        88Gi       3.5Gi       1.1Gi        29Gi        31Gi
107.22% 10.29GiB / 119.6GiB
---
2026-05-16T22:42:42-04:00
               total        used        free      shared  buff/cache   available
Mem:           119Gi        88Gi       3.5Gi       1.1Gi        29Gi        31Gi
115.09% 10.29GiB / 119.6GiB
---
2026-05-16T22:42:58-04:00
               total        used        free      shared  buff/cache   available
Mem:           119Gi        88Gi       3.5Gi       1.1Gi        29Gi        31Gi
105.90% 10.3GiB / 119.6GiB
---
2026-05-16T22:43:14-04:00
               total        used        free      shared  buff/cache   available
Mem:           119Gi        88Gi       3.5Gi       1.1Gi        29Gi        31Gi
105.80% 10.3GiB / 119.6GiB
---
2026-05-16T22:43:30-04:00
               total        used        free      shared  buff/cache   available
Mem:           119Gi        88Gi       3.5Gi       1.1Gi        29Gi        31Gi
107.54% 10.3GiB / 119.6GiB
---
2026-05-16T22:43:46-04:00
               total        used        free      shared  buff/cache   available
Mem:           119Gi        88Gi       3.5Gi       1.1Gi        29Gi        31Gi
105.80% 10.3GiB / 119.6GiB
---
2026-05-16T22:44:02-04:00
               total        used        free      shared  buff/cache   available
Mem:           119Gi        88Gi       3.5Gi       1.1Gi        29Gi        31Gi
105.50% 10.3GiB / 119.6GiB
---
2026-05-16T22:44:18-04:00
               total        used        free      shared  buff/cache   available
Mem:           119Gi        88Gi       3.5Gi       1.1Gi        29Gi        31Gi
107.28% 10.3GiB / 119.6GiB
---
2026-05-16T22:44:34-04:00
               total        used        free      shared  buff/cache   available
Mem:           119Gi        88Gi       3.5Gi       1.1Gi        29Gi        31Gi
104.92% 10.3GiB / 119.6GiB
---
2026-05-16T22:44:50-04:00
               total        used        free      shared  buff/cache   available
Mem:           119Gi        88Gi       3.5Gi       1.1Gi        29Gi        31Gi
105.10% 10.3GiB / 119.6GiB
---
2026-05-16T22:45:06-04:00
               total        used        free      shared  buff/cache   available
Mem:           119Gi        88Gi       3.5Gi       1.1Gi        29Gi        31Gi
109.60% 10.3GiB / 119.6GiB
---
2026-05-16T22:45:22-04:00
               total        used        free      shared  buff/cache   available
Mem:           119Gi        88Gi       3.5Gi       1.1Gi        29Gi        31Gi
105.73% 10.3GiB / 119.6GiB
---
2026-05-16T22:45:38-04:00
               total        used        free      shared  buff/cache   available
Mem:           119Gi        88Gi       3.5Gi       1.1Gi        29Gi        31Gi
107.20% 10.3GiB / 119.6GiB
---
2026-05-16T22:45:54-04:00
               total        used        free      shared  buff/cache   available
Mem:           119Gi        88Gi       3.5Gi       1.1Gi        29Gi        31Gi
107.39% 10.3GiB / 119.6GiB
---
2026-05-16T22:46:10-04:00
               total        used        free      shared  buff/cache   available
Mem:           119Gi        88Gi       3.5Gi       1.1Gi        29Gi        31Gi
107.47% 10.3GiB / 119.6GiB
---
2026-05-16T22:46:26-04:00
               total        used        free      shared  buff/cache   available
Mem:           119Gi        88Gi       3.5Gi       1.1Gi        29Gi        31Gi
105.51% 10.3GiB / 119.6GiB
---
2026-05-16T22:46:42-04:00
               total        used        free      shared  buff/cache   available
Mem:           119Gi        88Gi       3.5Gi       1.1Gi        29Gi        31Gi
105.12% 10.3GiB / 119.6GiB
---
2026-05-16T22:46:58-04:00
               total        used        free      shared  buff/cache   available
Mem:           119Gi        88Gi       3.5Gi       1.1Gi        29Gi        31Gi
115.91% 10.3GiB / 119.6GiB
---
2026-05-16T22:47:14-04:00
               total        used        free      shared  buff/cache   available
Mem:           119Gi        88Gi       3.5Gi       1.1Gi        29Gi        31Gi
111.48% 10.3GiB / 119.6GiB
---
2026-05-16T22:47:30-04:00
               total        used        free      shared  buff/cache   available
Mem:           119Gi        88Gi       3.5Gi       1.1Gi        29Gi        31Gi
111.40% 10.3GiB / 119.6GiB
---
2026-05-16T22:47:46-04:00
               total        used        free      shared  buff/cache   available
Mem:           119Gi        88Gi       3.5Gi       1.1Gi        29Gi        31Gi
107.60% 10.3GiB / 119.6GiB
---
2026-05-16T22:48:02-04:00
               total        used        free      shared  buff/cache   available
Mem:           119Gi        88Gi       3.5Gi       1.1Gi        29Gi        31Gi
105.95% 10.3GiB / 119.6GiB
---
2026-05-16T22:48:18-04:00
               total        used        free      shared  buff/cache   available
Mem:           119Gi        88Gi       3.5Gi       1.1Gi        29Gi        31Gi
105.79% 10.3GiB / 119.6GiB
---
2026-05-16T22:48:34-04:00
               total        used        free      shared  buff/cache   available
Mem:           119Gi        88Gi       3.5Gi       1.1Gi        29Gi        31Gi
107.19% 10.3GiB / 119.6GiB
---
2026-05-16T22:48:50-04:00
               total        used        free      shared  buff/cache   available
Mem:           119Gi        88Gi       3.5Gi       1.1Gi        29Gi        31Gi
105.97% 10.3GiB / 119.6GiB
---
2026-05-16T22:49:06-04:00
               total        used        free      shared  buff/cache   available
Mem:           119Gi        88Gi       3.5Gi       1.1Gi        29Gi        31Gi
111.23% 10.3GiB / 119.6GiB
---
2026-05-16T22:49:22-04:00
               total        used        free      shared  buff/cache   available
Mem:           119Gi        88Gi       3.5Gi       1.1Gi        29Gi        31Gi
107.10% 10.3GiB / 119.6GiB
---
2026-05-16T22:49:38-04:00
               total        used        free      shared  buff/cache   available
Mem:           119Gi        88Gi       3.5Gi       1.1Gi        29Gi        31Gi
106.67% 10.3GiB / 119.6GiB
---
2026-05-16T22:49:55-04:00
               total        used        free      shared  buff/cache   available
Mem:           119Gi        88Gi       3.5Gi       1.1Gi        29Gi        31Gi
105.64% 10.31GiB / 119.6GiB
---
2026-05-16T22:50:11-04:00
               total        used        free      shared  buff/cache   available
Mem:           119Gi        88Gi       3.5Gi       1.1Gi        29Gi        31Gi
107.11% 10.31GiB / 119.6GiB
---
2026-05-16T22:50:27-04:00
               total        used        free      shared  buff/cache   available
Mem:           119Gi        88Gi       3.5Gi       1.1Gi        29Gi        31Gi
106.90% 10.31GiB / 119.6GiB
---
2026-05-16T22:50:43-04:00
               total        used        free      shared  buff/cache   available
Mem:           119Gi        88Gi       3.5Gi       1.1Gi        29Gi        31Gi
106.00% 10.31GiB / 119.6GiB
---
2026-05-16T22:50:59-04:00
               total        used        free      shared  buff/cache   available
Mem:           119Gi        88Gi       3.5Gi       1.1Gi        29Gi        31Gi
105.56% 10.31GiB / 119.6GiB
---
2026-05-16T22:51:15-04:00
               total        used        free      shared  buff/cache   available
Mem:           119Gi        88Gi       3.5Gi       1.1Gi        29Gi        31Gi
107.26% 10.31GiB / 119.6GiB
---
2026-05-16T22:51:31-04:00
               total        used        free      shared  buff/cache   available
Mem:           119Gi        88Gi       3.5Gi       1.1Gi        29Gi        31Gi
105.45% 10.31GiB / 119.6GiB
---
2026-05-16T22:51:47-04:00
               total        used        free      shared  buff/cache   available
Mem:           119Gi        88Gi       3.5Gi       1.1Gi        29Gi        31Gi
111.53% 10.31GiB / 119.6GiB
---
2026-05-16T22:52:03-04:00
               total        used        free      shared  buff/cache   available
Mem:           119Gi        88Gi       3.5Gi       1.1Gi        29Gi        31Gi
107.00% 10.31GiB / 119.6GiB
---
2026-05-16T22:52:19-04:00
               total        used        free      shared  buff/cache   available
Mem:           119Gi        88Gi       3.5Gi       1.1Gi        29Gi        31Gi
107.10% 10.31GiB / 119.6GiB
---
2026-05-16T22:52:35-04:00
               total        used        free      shared  buff/cache   available
Mem:           119Gi        88Gi       3.5Gi       1.1Gi        29Gi        31Gi
105.77% 10.31GiB / 119.6GiB
---
2026-05-16T22:52:51-04:00
               total        used        free      shared  buff/cache   available
Mem:           119Gi        88Gi       3.5Gi       1.1Gi        29Gi        31Gi
107.41% 10.31GiB / 119.6GiB
---
2026-05-16T22:53:07-04:00
               total        used        free      shared  buff/cache   available
Mem:           119Gi        88Gi       3.5Gi       1.1Gi        29Gi        31Gi
107.12% 10.31GiB / 119.6GiB
---
2026-05-16T22:53:23-04:00
               total        used        free      shared  buff/cache   available
Mem:           119Gi        88Gi       3.5Gi       1.1Gi        29Gi        31Gi
105.60% 10.31GiB / 119.6GiB
---
2026-05-16T22:53:39-04:00
               total        used        free      shared  buff/cache   available
Mem:           119Gi        88Gi       3.5Gi       1.1Gi        29Gi        31Gi
107.24% 10.31GiB / 119.6GiB
---
2026-05-16T22:53:55-04:00
               total        used        free      shared  buff/cache   available
Mem:           119Gi        88Gi       3.5Gi       1.1Gi        29Gi        31Gi
115.73% 10.31GiB / 119.6GiB
---
2026-05-16T22:54:11-04:00
               total        used        free      shared  buff/cache   available
Mem:           119Gi        88Gi       3.5Gi       1.1Gi        29Gi        31Gi
105.78% 10.31GiB / 119.6GiB
---
2026-05-16T22:54:27-04:00
               total        used        free      shared  buff/cache   available
Mem:           119Gi        88Gi       3.5Gi       1.1Gi        29Gi        31Gi
102.16% 10.31GiB / 119.6GiB
---
2026-05-16T22:54:43-04:00
               total        used        free      shared  buff/cache   available
Mem:           119Gi        88Gi       3.5Gi       1.1Gi        29Gi        31Gi
106.92% 10.31GiB / 119.6GiB
---
2026-05-16T22:54:59-04:00
               total        used        free      shared  buff/cache   available
Mem:           119Gi        88Gi       3.5Gi       1.1Gi        29Gi        31Gi
105.46% 10.31GiB / 119.6GiB
---
2026-05-16T22:55:15-04:00
               total        used        free      shared  buff/cache   available
Mem:           119Gi        88Gi       3.5Gi       1.1Gi        29Gi        31Gi
105.32% 10.31GiB / 119.6GiB
---
2026-05-16T22:55:31-04:00
               total        used        free      shared  buff/cache   available
Mem:           119Gi        88Gi       3.5Gi       1.1Gi        29Gi        31Gi
107.47% 10.31GiB / 119.6GiB
---
2026-05-16T22:55:47-04:00
               total        used        free      shared  buff/cache   available
Mem:           119Gi        88Gi       3.5Gi       1.1Gi        29Gi        31Gi
106.87% 10.31GiB / 119.6GiB
---
2026-05-16T22:56:03-04:00
               total        used        free      shared  buff/cache   available
Mem:           119Gi        88Gi       3.5Gi       1.1Gi        29Gi        31Gi
105.62% 10.31GiB / 119.6GiB
---
2026-05-16T22:56:19-04:00
               total        used        free      shared  buff/cache   available
Mem:           119Gi        88Gi       3.5Gi       1.1Gi        29Gi        31Gi
111.37% 10.32GiB / 119.6GiB
---
2026-05-16T22:56:35-04:00
               total        used        free      shared  buff/cache   available
Mem:           119Gi        88Gi       3.5Gi       1.1Gi        29Gi        31Gi
111.90% 10.32GiB / 119.6GiB
---
2026-05-16T22:56:51-04:00
               total        used        free      shared  buff/cache   available
Mem:           119Gi        88Gi       3.5Gi       1.1Gi        29Gi        31Gi
116.20% 10.32GiB / 119.6GiB
---
2026-05-16T22:57:07-04:00
               total        used        free      shared  buff/cache   available
Mem:           119Gi        88Gi       3.5Gi       1.1Gi        29Gi        31Gi
105.75% 10.32GiB / 119.6GiB
---
2026-05-16T22:57:23-04:00
               total        used        free      shared  buff/cache   available
Mem:           119Gi        88Gi       3.5Gi       1.1Gi        29Gi        31Gi
105.65% 10.32GiB / 119.6GiB
---
2026-05-16T22:57:39-04:00
               total        used        free      shared  buff/cache   available
Mem:           119Gi        88Gi       3.5Gi       1.1Gi        29Gi        31Gi
105.96% 10.32GiB / 119.6GiB
---
2026-05-16T22:57:55-04:00
               total        used        free      shared  buff/cache   available
Mem:           119Gi        88Gi       3.5Gi       1.1Gi        29Gi        31Gi
107.35% 10.32GiB / 119.6GiB
---
2026-05-16T22:58:11-04:00
               total        used        free      shared  buff/cache   available
Mem:           119Gi        88Gi       3.5Gi       1.1Gi        29Gi        31Gi
107.62% 10.32GiB / 119.6GiB
---
2026-05-16T22:58:27-04:00
               total        used        free      shared  buff/cache   available
Mem:           119Gi        88Gi       3.5Gi       1.1Gi        29Gi        31Gi
105.85% 10.32GiB / 119.6GiB
---
2026-05-16T22:58:43-04:00
               total        used        free      shared  buff/cache   available
Mem:           119Gi        88Gi       3.5Gi       1.1Gi        29Gi        31Gi
111.16% 10.32GiB / 119.6GiB
---
2026-05-16T22:58:59-04:00
               total        used        free      shared  buff/cache   available
Mem:           119Gi        88Gi       3.5Gi       1.1Gi        29Gi        31Gi
107.21% 10.32GiB / 119.6GiB
---
2026-05-16T22:59:15-04:00
               total        used        free      shared  buff/cache   available
Mem:           119Gi        88Gi       3.5Gi       1.1Gi        29Gi        31Gi
107.18% 10.32GiB / 119.6GiB
---
2026-05-16T22:59:31-04:00
               total        used        free      shared  buff/cache   available
Mem:           119Gi        88Gi       3.5Gi       1.1Gi        29Gi        31Gi
116.74% 10.32GiB / 119.6GiB
---
2026-05-16T22:59:47-04:00
               total        used        free      shared  buff/cache   available
Mem:           119Gi        88Gi       3.5Gi       1.1Gi        29Gi        31Gi
105.66% 10.32GiB / 119.6GiB
---
2026-05-16T23:00:03-04:00
               total        used        free      shared  buff/cache   available
Mem:           119Gi        88Gi       3.5Gi       1.1Gi        29Gi        31Gi
105.41% 10.32GiB / 119.6GiB
---
2026-05-16T23:00:19-04:00
               total        used        free      shared  buff/cache   available
Mem:           119Gi        88Gi       3.5Gi       1.1Gi        29Gi        31Gi
107.28% 10.32GiB / 119.6GiB
---
2026-05-16T23:00:35-04:00
               total        used        free      shared  buff/cache   available
Mem:           119Gi        88Gi       3.5Gi       1.1Gi        29Gi        31Gi
105.62% 10.32GiB / 119.6GiB
---
2026-05-16T23:00:51-04:00
               total        used        free      shared  buff/cache   available
Mem:           119Gi        88Gi       3.5Gi       1.1Gi        29Gi        31Gi
106.28% 10.32GiB / 119.6GiB
---
2026-05-16T23:01:07-04:00
               total        used        free      shared  buff/cache   available
Mem:           119Gi        88Gi       3.5Gi       1.1Gi        29Gi        31Gi
110.32% 10.32GiB / 119.6GiB
---
2026-05-16T23:01:23-04:00
               total        used        free      shared  buff/cache   available
Mem:           119Gi        88Gi       3.5Gi       1.1Gi        29Gi        31Gi
105.73% 10.32GiB / 119.6GiB
---
2026-05-16T23:01:39-04:00
               total        used        free      shared  buff/cache   available
Mem:           119Gi        88Gi       3.5Gi       1.1Gi        29Gi        31Gi
112.11% 10.32GiB / 119.6GiB
---
2026-05-16T23:01:56-04:00
               total        used        free      shared  buff/cache   available
Mem:           119Gi        88Gi       3.5Gi       1.1Gi        29Gi        31Gi
113.37% 10.32GiB / 119.6GiB
---
2026-05-16T23:02:12-04:00
               total        used        free      shared  buff/cache   available
Mem:           119Gi        88Gi       3.5Gi       1.1Gi        29Gi        31Gi
111.07% 10.32GiB / 119.6GiB
---
2026-05-16T23:02:28-04:00
               total        used        free      shared  buff/cache   available
Mem:           119Gi        88Gi       3.5Gi       1.1Gi        29Gi        31Gi
105.43% 10.32GiB / 119.6GiB
---
2026-05-16T23:02:44-04:00
               total        used        free      shared  buff/cache   available
Mem:           119Gi        88Gi       3.5Gi       1.1Gi        29Gi        31Gi
111.39% 10.32GiB / 119.6GiB
---
2026-05-16T23:03:00-04:00
               total        used        free      shared  buff/cache   available
Mem:           119Gi        88Gi       3.5Gi       1.1Gi        29Gi        31Gi
111.53% 10.32GiB / 119.6GiB
---
2026-05-16T23:03:16-04:00
               total        used        free      shared  buff/cache   available
Mem:           119Gi        88Gi       3.5Gi       1.1Gi        29Gi        31Gi
107.84% 10.33GiB / 119.6GiB
---
2026-05-16T23:03:32-04:00
               total        used        free      shared  buff/cache   available
Mem:           119Gi        88Gi       3.5Gi       1.1Gi        29Gi        31Gi
105.70% 10.33GiB / 119.6GiB
---
2026-05-16T23:03:48-04:00
               total        used        free      shared  buff/cache   available
Mem:           119Gi        88Gi       3.4Gi       1.1Gi        29Gi        31Gi
105.84% 10.33GiB / 119.6GiB
---
2026-05-16T23:04:04-04:00
               total        used        free      shared  buff/cache   available
Mem:           119Gi        88Gi       3.5Gi       1.1Gi        29Gi        31Gi
116.74% 10.33GiB / 119.6GiB
---
2026-05-16T23:04:20-04:00
               total        used        free      shared  buff/cache   available
Mem:           119Gi        88Gi       3.5Gi       1.1Gi        29Gi        31Gi
116.67% 10.33GiB / 119.6GiB
---
2026-05-16T23:04:36-04:00
               total        used        free      shared  buff/cache   available
Mem:           119Gi        88Gi       3.5Gi       1.1Gi        29Gi        31Gi
112.28% 10.33GiB / 119.6GiB
---
2026-05-16T23:04:52-04:00
               total        used        free      shared  buff/cache   available
Mem:           119Gi        88Gi       3.5Gi       1.1Gi        29Gi        31Gi
107.67% 10.33GiB / 119.6GiB
---
2026-05-16T23:05:08-04:00
               total        used        free      shared  buff/cache   available
Mem:           119Gi        88Gi       3.5Gi       1.1Gi        29Gi        31Gi
107.37% 10.33GiB / 119.6GiB
---
2026-05-16T23:05:24-04:00
               total        used        free      shared  buff/cache   available
Mem:           119Gi        88Gi       3.4Gi       1.1Gi        29Gi        31Gi
105.96% 10.33GiB / 119.6GiB
---
2026-05-16T23:05:40-04:00
               total        used        free      shared  buff/cache   available
Mem:           119Gi        88Gi       3.4Gi       1.1Gi        29Gi        31Gi
105.46% 10.33GiB / 119.6GiB
---
2026-05-16T23:05:56-04:00
               total        used        free      shared  buff/cache   available
Mem:           119Gi        88Gi       3.5Gi       1.1Gi        29Gi        31Gi
106.05% 10.33GiB / 119.6GiB
---
2026-05-16T23:06:12-04:00
               total        used        free      shared  buff/cache   available
Mem:           119Gi        88Gi       3.5Gi       1.1Gi        29Gi        31Gi
107.41% 10.33GiB / 119.6GiB
---
2026-05-16T23:06:28-04:00
               total        used        free      shared  buff/cache   available
Mem:           119Gi        88Gi       3.4Gi       1.1Gi        29Gi        31Gi
107.18% 10.33GiB / 119.6GiB
---
2026-05-16T23:06:44-04:00
               total        used        free      shared  buff/cache   available
Mem:           119Gi        88Gi       3.5Gi       1.1Gi        29Gi        31Gi
105.54% 10.33GiB / 119.6GiB
---
2026-05-16T23:07:00-04:00
               total        used        free      shared  buff/cache   available
Mem:           119Gi        88Gi       3.5Gi       1.1Gi        29Gi        31Gi
107.56% 10.33GiB / 119.6GiB
---
2026-05-16T23:07:16-04:00
               total        used        free      shared  buff/cache   available
Mem:           119Gi        88Gi       3.4Gi       1.1Gi        29Gi        31Gi
107.55% 10.33GiB / 119.6GiB
---
2026-05-16T23:07:32-04:00
               total        used        free      shared  buff/cache   available
Mem:           119Gi        88Gi       3.5Gi       1.1Gi        29Gi        31Gi
106.38% 10.33GiB / 119.6GiB
---
2026-05-16T23:07:48-04:00
               total        used        free      shared  buff/cache   available
Mem:           119Gi        88Gi       3.4Gi       1.1Gi        29Gi        31Gi
104.67% 10.33GiB / 119.6GiB
---
2026-05-16T23:08:04-04:00
               total        used        free      shared  buff/cache   available
Mem:           119Gi        88Gi       3.4Gi       1.1Gi        29Gi        31Gi
107.78% 10.33GiB / 119.6GiB
---
2026-05-16T23:08:20-04:00
               total        used        free      shared  buff/cache   available
Mem:           119Gi        88Gi       3.4Gi       1.1Gi        29Gi        31Gi
105.79% 10.33GiB / 119.6GiB
---
2026-05-16T23:08:36-04:00
               total        used        free      shared  buff/cache   available
Mem:           119Gi        88Gi       3.5Gi       1.1Gi        29Gi        31Gi
111.76% 10.33GiB / 119.6GiB
---
2026-05-16T23:08:52-04:00
               total        used        free      shared  buff/cache   available
Mem:           119Gi        88Gi       3.5Gi       1.1Gi        29Gi        31Gi
107.52% 10.33GiB / 119.6GiB
---
2026-05-16T23:09:08-04:00
               total        used        free      shared  buff/cache   available
Mem:           119Gi        88Gi       3.4Gi       1.1Gi        29Gi        31Gi
107.60% 10.33GiB / 119.6GiB
---
2026-05-16T23:09:24-04:00
               total        used        free      shared  buff/cache   available
Mem:           119Gi        88Gi       3.4Gi       1.1Gi        29Gi        31Gi
105.25% 10.33GiB / 119.6GiB
---
2026-05-16T23:09:40-04:00
               total        used        free      shared  buff/cache   available
Mem:           119Gi        88Gi       3.4Gi       1.1Gi        29Gi        31Gi
105.47% 10.33GiB / 119.6GiB
---
2026-05-16T23:09:56-04:00
               total        used        free      shared  buff/cache   available
Mem:           119Gi        88Gi       3.4Gi       1.1Gi        29Gi        31Gi
105.47% 10.33GiB / 119.6GiB
---
2026-05-16T23:10:12-04:00
               total        used        free      shared  buff/cache   available
Mem:           119Gi        88Gi       3.4Gi       1.1Gi        29Gi        31Gi
115.96% 10.34GiB / 119.6GiB
---
2026-05-16T23:10:28-04:00
               total        used        free      shared  buff/cache   available
Mem:           119Gi        88Gi       3.4Gi       1.1Gi        29Gi        31Gi
105.81% 10.34GiB / 119.6GiB
---
2026-05-16T23:10:44-04:00
               total        used        free      shared  buff/cache   available
Mem:           119Gi        88Gi       3.4Gi       1.1Gi        29Gi        31Gi
105.91% 10.34GiB / 119.6GiB
---
2026-05-16T23:11:00-04:00
               total        used        free      shared  buff/cache   available
Mem:           119Gi        88Gi       3.4Gi       1.1Gi        29Gi        31Gi
115.32% 10.34GiB / 119.6GiB
---
2026-05-16T23:11:16-04:00
               total        used        free      shared  buff/cache   available
Mem:           119Gi        88Gi       3.4Gi       1.1Gi        29Gi        31Gi
107.19% 10.34GiB / 119.6GiB
---
2026-05-16T23:11:32-04:00
               total        used        free      shared  buff/cache   available
Mem:           119Gi        88Gi       3.4Gi       1.1Gi        29Gi        31Gi
105.66% 10.34GiB / 119.6GiB
---
2026-05-16T23:11:48-04:00
               total        used        free      shared  buff/cache   available
Mem:           119Gi        88Gi       3.4Gi       1.1Gi        29Gi        31Gi
107.30% 10.34GiB / 119.6GiB
---
2026-05-16T23:12:04-04:00
               total        used        free      shared  buff/cache   available
Mem:           119Gi        88Gi       3.4Gi       1.1Gi        29Gi        31Gi
116.15% 10.34GiB / 119.6GiB
---
2026-05-16T23:12:20-04:00
               total        used        free      shared  buff/cache   available
Mem:           119Gi        88Gi       3.4Gi       1.1Gi        29Gi        31Gi
105.72% 10.34GiB / 119.6GiB
---
2026-05-16T23:12:36-04:00
               total        used        free      shared  buff/cache   available
Mem:           119Gi        88Gi       3.4Gi       1.1Gi        29Gi        31Gi
107.60% 10.34GiB / 119.6GiB
---
2026-05-16T23:12:52-04:00
               total        used        free      shared  buff/cache   available
Mem:           119Gi        88Gi       3.4Gi       1.1Gi        29Gi        31Gi
107.57% 10.34GiB / 119.6GiB
---
2026-05-16T23:13:08-04:00
               total        used        free      shared  buff/cache   available
Mem:           119Gi        88Gi       3.4Gi       1.1Gi        29Gi        31Gi
105.92% 10.34GiB / 119.6GiB
---
2026-05-16T23:13:24-04:00
               total        used        free      shared  buff/cache   available
Mem:           119Gi        88Gi       3.4Gi       1.1Gi        29Gi        31Gi
103.51% 10.34GiB / 119.6GiB
---
2026-05-16T23:13:40-04:00
               total        used        free      shared  buff/cache   available
Mem:           119Gi        88Gi       3.4Gi       1.1Gi        29Gi        31Gi
107.37% 10.34GiB / 119.6GiB
---
2026-05-16T23:13:57-04:00
               total        used        free      shared  buff/cache   available
Mem:           119Gi        88Gi       3.4Gi       1.1Gi        29Gi        31Gi
106.38% 10.34GiB / 119.6GiB
---
2026-05-16T23:14:13-04:00
               total        used        free      shared  buff/cache   available
Mem:           119Gi        88Gi       3.4Gi       1.1Gi        29Gi        31Gi
106.56% 10.34GiB / 119.6GiB
---
2026-05-16T23:14:29-04:00
               total        used        free      shared  buff/cache   available
Mem:           119Gi        88Gi       3.4Gi       1.1Gi        29Gi        31Gi
107.38% 10.34GiB / 119.6GiB
---
2026-05-16T23:14:45-04:00
               total        used        free      shared  buff/cache   available
Mem:           119Gi        88Gi       3.4Gi       1.1Gi        29Gi        31Gi
107.60% 10.34GiB / 119.6GiB
---
2026-05-16T23:15:01-04:00
               total        used        free      shared  buff/cache   available
Mem:           119Gi        88Gi       3.4Gi       1.1Gi        29Gi        31Gi
116.05% 10.34GiB / 119.6GiB
---
2026-05-16T23:15:17-04:00
               total        used        free      shared  buff/cache   available
Mem:           119Gi        88Gi       3.4Gi       1.1Gi        29Gi        31Gi
111.55% 10.34GiB / 119.6GiB
---
2026-05-16T23:15:33-04:00
               total        used        free      shared  buff/cache   available
Mem:           119Gi        88Gi       3.4Gi       1.1Gi        29Gi        31Gi
111.53% 10.34GiB / 119.6GiB
---
2026-05-16T23:15:49-04:00
               total        used        free      shared  buff/cache   available
Mem:           119Gi        88Gi       3.4Gi       1.1Gi        29Gi        31Gi
107.25% 10.34GiB / 119.6GiB
---
2026-05-16T23:16:05-04:00
               total        used        free      shared  buff/cache   available
Mem:           119Gi        88Gi       3.4Gi       1.1Gi        29Gi        31Gi
105.95% 10.34GiB / 119.6GiB
---
2026-05-16T23:16:21-04:00
               total        used        free      shared  buff/cache   available
Mem:           119Gi        88Gi       3.4Gi       1.1Gi        29Gi        31Gi
105.94% 10.34GiB / 119.6GiB
---
2026-05-16T23:16:37-04:00
               total        used        free      shared  buff/cache   available
Mem:           119Gi        88Gi       3.4Gi       1.1Gi        29Gi        31Gi
107.84% 10.35GiB / 119.6GiB
---
2026-05-16T23:16:53-04:00
               total        used        free      shared  buff/cache   available
Mem:           119Gi        88Gi       3.4Gi       1.1Gi        29Gi        31Gi
105.71% 10.35GiB / 119.6GiB
---
2026-05-16T23:17:09-04:00
               total        used        free      shared  buff/cache   available
Mem:           119Gi        88Gi       3.4Gi       1.1Gi        29Gi        31Gi
111.40% 10.35GiB / 119.6GiB
---
2026-05-16T23:17:25-04:00
               total        used        free      shared  buff/cache   available
Mem:           119Gi        88Gi       3.4Gi       1.1Gi        29Gi        31Gi
107.08% 10.35GiB / 119.6GiB
---
2026-05-16T23:17:41-04:00
               total        used        free      shared  buff/cache   available
Mem:           119Gi        88Gi       3.4Gi       1.1Gi        29Gi        31Gi
112.01% 10.35GiB / 119.6GiB
---
2026-05-16T23:17:57-04:00
               total        used        free      shared  buff/cache   available
Mem:           119Gi        88Gi       3.4Gi       1.1Gi        29Gi        31Gi
105.98% 10.35GiB / 119.6GiB
---
2026-05-16T23:18:13-04:00
               total        used        free      shared  buff/cache   available
Mem:           119Gi        88Gi       3.4Gi       1.1Gi        29Gi        31Gi
105.49% 10.35GiB / 119.6GiB
---
2026-05-16T23:18:29-04:00
               total        used        free      shared  buff/cache   available
Mem:           119Gi        88Gi       3.4Gi       1.1Gi        29Gi        31Gi
105.56% 10.35GiB / 119.6GiB
---
2026-05-16T23:18:45-04:00
               total        used        free      shared  buff/cache   available
Mem:           119Gi        88Gi       3.4Gi       1.1Gi        29Gi        31Gi
107.57% 10.35GiB / 119.6GiB
---
2026-05-16T23:19:01-04:00
               total        used        free      shared  buff/cache   available
Mem:           119Gi        88Gi       3.4Gi       1.1Gi        29Gi        31Gi
102.78% 10.35GiB / 119.6GiB
---
2026-05-16T23:19:17-04:00
               total        used        free      shared  buff/cache   available
Mem:           119Gi        88Gi       3.4Gi       1.1Gi        29Gi        31Gi
105.96% 10.35GiB / 119.6GiB
---
2026-05-16T23:19:33-04:00
               total        used        free      shared  buff/cache   available
Mem:           119Gi        88Gi       3.4Gi       1.1Gi        29Gi        31Gi
107.47% 10.35GiB / 119.6GiB
---
2026-05-16T23:19:49-04:00
               total        used        free      shared  buff/cache   available
Mem:           119Gi        88Gi       3.4Gi       1.1Gi        29Gi        31Gi
107.11% 10.35GiB / 119.6GiB
---
2026-05-16T23:20:05-04:00
               total        used        free      shared  buff/cache   available
Mem:           119Gi        88Gi       3.4Gi       1.1Gi        29Gi        31Gi
106.19% 10.35GiB / 119.6GiB
---
2026-05-16T23:20:21-04:00
               total        used        free      shared  buff/cache   available
Mem:           119Gi        88Gi       3.4Gi       1.1Gi        29Gi        31Gi
107.73% 10.35GiB / 119.6GiB
---
2026-05-16T23:20:37-04:00
               total        used        free      shared  buff/cache   available
Mem:           119Gi        88Gi       3.4Gi       1.1Gi        29Gi        31Gi
107.57% 10.35GiB / 119.6GiB
---
2026-05-16T23:20:53-04:00
               total        used        free      shared  buff/cache   available
Mem:           119Gi        88Gi       3.4Gi       1.1Gi        29Gi        31Gi
112.49% 10.35GiB / 119.6GiB
---
2026-05-16T23:21:09-04:00
               total        used        free      shared  buff/cache   available
Mem:           119Gi        88Gi       3.4Gi       1.1Gi        29Gi        31Gi
112.10% 10.35GiB / 119.6GiB
---
2026-05-16T23:21:25-04:00
               total        used        free      shared  buff/cache   available
Mem:           119Gi        88Gi       3.4Gi       1.1Gi        29Gi        31Gi
107.34% 10.35GiB / 119.6GiB
---
2026-05-16T23:21:41-04:00
               total        used        free      shared  buff/cache   available
Mem:           119Gi        88Gi       3.4Gi       1.1Gi        29Gi        31Gi
106.92% 10.35GiB / 119.6GiB
---
2026-05-16T23:21:57-04:00
               total        used        free      shared  buff/cache   available
Mem:           119Gi        88Gi       3.4Gi       1.1Gi        29Gi        31Gi
116.22% 10.35GiB / 119.6GiB
---
2026-05-16T23:22:13-04:00
               total        used        free      shared  buff/cache   available
Mem:           119Gi        88Gi       3.4Gi       1.1Gi        29Gi        31Gi
106.88% 10.35GiB / 119.6GiB
---
2026-05-16T23:22:29-04:00
               total        used        free      shared  buff/cache   available
Mem:           119Gi        88Gi       3.4Gi       1.1Gi        29Gi        31Gi
107.53% 10.35GiB / 119.6GiB
---
2026-05-16T23:22:45-04:00
               total        used        free      shared  buff/cache   available
Mem:           119Gi        88Gi       3.4Gi       1.1Gi        29Gi        31Gi
107.74% 10.36GiB / 119.6GiB
---
2026-05-16T23:23:01-04:00
               total        used        free      shared  buff/cache   available
Mem:           119Gi        88Gi       3.4Gi       1.1Gi        29Gi        31Gi
105.59% 10.35GiB / 119.6GiB
---
2026-05-16T23:23:17-04:00
               total        used        free      shared  buff/cache   available
Mem:           119Gi        88Gi       3.4Gi       1.1Gi        29Gi        31Gi
105.64% 10.36GiB / 119.6GiB
---
2026-05-16T23:23:33-04:00
               total        used        free      shared  buff/cache   available
Mem:           119Gi        88Gi       3.4Gi       1.1Gi        29Gi        31Gi
107.48% 10.36GiB / 119.6GiB
---
2026-05-16T23:23:49-04:00
               total        used        free      shared  buff/cache   available
Mem:           119Gi        88Gi       3.4Gi       1.1Gi        29Gi        31Gi
105.93% 10.36GiB / 119.6GiB
---
2026-05-16T23:24:05-04:00
               total        used        free      shared  buff/cache   available
Mem:           119Gi        88Gi       3.4Gi       1.1Gi        29Gi        31Gi
106.01% 10.36GiB / 119.6GiB
---
2026-05-16T23:24:21-04:00
               total        used        free      shared  buff/cache   available
Mem:           119Gi        88Gi       3.4Gi       1.1Gi        29Gi        31Gi
106.97% 10.36GiB / 119.6GiB
---
2026-05-16T23:24:37-04:00
               total        used        free      shared  buff/cache   available
Mem:           119Gi        88Gi       3.4Gi       1.1Gi        29Gi        31Gi
15.58% 10.36GiB / 119.6GiB
---
2026-05-16T23:24:53-04:00
               total        used        free      shared  buff/cache   available
Mem:           119Gi        88Gi       3.4Gi       1.1Gi        29Gi        31Gi
2.72% 10.36GiB / 119.6GiB
---
2026-05-16T23:25:09-04:00
               total        used        free      shared  buff/cache   available
Mem:           119Gi        88Gi       3.4Gi       1.1Gi        29Gi        31Gi
2.65% 10.36GiB / 119.6GiB
---
2026-05-16T23:25:26-04:00
               total        used        free      shared  buff/cache   available
Mem:           119Gi        88Gi       3.4Gi       1.1Gi        29Gi        31Gi
2.97% 10.36GiB / 119.6GiB
---
2026-05-16T23:25:42-04:00
               total        used        free      shared  buff/cache   available
Mem:           119Gi        88Gi       3.4Gi       1.1Gi        29Gi        31Gi
3.04% 10.36GiB / 119.6GiB
---
2026-05-16T23:25:58-04:00
               total        used        free      shared  buff/cache   available
Mem:           119Gi        88Gi       3.4Gi       1.1Gi        29Gi        31Gi
2.87% 10.36GiB / 119.6GiB
---
2026-05-16T23:26:14-04:00
               total        used        free      shared  buff/cache   available
Mem:           119Gi        88Gi       3.4Gi       1.1Gi        29Gi        31Gi
3.00% 10.36GiB / 119.6GiB
---
2026-05-16T23:26:30-04:00
               total        used        free      shared  buff/cache   available
Mem:           119Gi        88Gi       3.4Gi       1.1Gi        29Gi        31Gi
2.87% 10.36GiB / 119.6GiB
---
