2026-05-16T20:08:01-04:00
               total        used        free      shared  buff/cache   available
Mem:           119Gi        80Gi        11Gi       1.1Gi        29Gi        39Gi
102.41% 4.867GiB / 119.6GiB
---
2026-05-16T20:08:17-04:00
               total        used        free      shared  buff/cache   available
Mem:           119Gi        83Gi       8.4Gi       1.1Gi        29Gi        35Gi
102.27% 5.124GiB / 119.6GiB
---
2026-05-16T20:08:33-04:00
               total        used        free      shared  buff/cache   available
Mem:           119Gi        84Gi       8.0Gi       1.1Gi        29Gi        35Gi
103.01% 5.712GiB / 119.6GiB
---
2026-05-16T20:08:49-04:00
               total        used        free      shared  buff/cache   available
Mem:           119Gi        83Gi       8.3Gi       1.1Gi        29Gi        35Gi
102.50% 5.407GiB / 119.6GiB
---
2026-05-16T20:09:05-04:00
               total        used        free      shared  buff/cache   available
Mem:           119Gi        83Gi       8.3Gi       1.1Gi        29Gi        35Gi
105.64% 5.405GiB / 119.6GiB
---
2026-05-16T20:09:21-04:00
               total        used        free      shared  buff/cache   available
Mem:           119Gi        83Gi       8.4Gi       1.1Gi        29Gi        35Gi
113.82% 5.405GiB / 119.6GiB
---
2026-05-16T20:09:37-04:00
               total        used        free      shared  buff/cache   available
Mem:           119Gi        83Gi       8.5Gi       1.1Gi        29Gi        35Gi
105.72% 5.405GiB / 119.6GiB
---
2026-05-16T20:09:53-04:00
               total        used        free      shared  buff/cache   available
Mem:           119Gi        83Gi       8.5Gi       1.1Gi        29Gi        35Gi
105.73% 5.405GiB / 119.6GiB
---
2026-05-16T20:10:09-04:00
               total        used        free      shared  buff/cache   available
Mem:           119Gi        83Gi       8.5Gi       1.1Gi        29Gi        35Gi
105.74% 5.405GiB / 119.6GiB
---
2026-05-16T20:10:25-04:00
               total        used        free      shared  buff/cache   available
Mem:           119Gi        83Gi       8.5Gi       1.1Gi        29Gi        35Gi
105.43% 5.405GiB / 119.6GiB
---
2026-05-16T20:10:41-04:00
               total        used        free      shared  buff/cache   available
Mem:           119Gi        83Gi       8.5Gi       1.1Gi        29Gi        35Gi
105.51% 5.405GiB / 119.6GiB
---
2026-05-16T20:10:57-04:00
               total        used        free      shared  buff/cache   available
Mem:           119Gi        83Gi       8.5Gi       1.1Gi        29Gi        35Gi
105.49% 5.405GiB / 119.6GiB
---
2026-05-16T20:11:13-04:00
               total        used        free      shared  buff/cache   available
Mem:           119Gi        83Gi       8.5Gi       1.1Gi        29Gi        35Gi
106.86% 5.406GiB / 119.6GiB
---
2026-05-16T20:11:29-04:00
               total        used        free      shared  buff/cache   available
Mem:           119Gi        83Gi       8.5Gi       1.1Gi        29Gi        35Gi
105.95% 5.405GiB / 119.6GiB
---
2026-05-16T20:11:45-04:00
               total        used        free      shared  buff/cache   available
Mem:           119Gi        83Gi       8.5Gi       1.1Gi        29Gi        35Gi
106.73% 5.405GiB / 119.6GiB
---
2026-05-16T20:12:01-04:00
               total        used        free      shared  buff/cache   available
Mem:           119Gi        83Gi       8.5Gi       1.1Gi        29Gi        35Gi
106.64% 5.405GiB / 119.6GiB
---
2026-05-16T20:12:17-04:00
               total        used        free      shared  buff/cache   available
Mem:           119Gi        83Gi       8.5Gi       1.1Gi        29Gi        35Gi
107.16% 5.405GiB / 119.6GiB
---
2026-05-16T20:12:33-04:00
               total        used        free      shared  buff/cache   available
Mem:           119Gi        83Gi       8.5Gi       1.1Gi        29Gi        35Gi
105.35% 5.405GiB / 119.6GiB
---
2026-05-16T20:12:49-04:00
               total        used        free      shared  buff/cache   available
Mem:           119Gi        83Gi       8.5Gi       1.1Gi        29Gi        35Gi
106.34% 5.405GiB / 119.6GiB
---
2026-05-16T20:13:05-04:00
               total        used        free      shared  buff/cache   available
Mem:           119Gi        83Gi       8.5Gi       1.1Gi        29Gi        35Gi
105.57% 5.405GiB / 119.6GiB
---
2026-05-16T20:13:21-04:00
               total        used        free      shared  buff/cache   available
Mem:           119Gi        83Gi       8.5Gi       1.1Gi        29Gi        35Gi
106.84% 5.405GiB / 119.6GiB
---
2026-05-16T20:13:38-04:00
               total        used        free      shared  buff/cache   available
Mem:           119Gi        83Gi       8.5Gi       1.1Gi        29Gi        35Gi
105.03% 5.404GiB / 119.6GiB
---
2026-05-16T20:13:54-04:00
               total        used        free      shared  buff/cache   available
Mem:           119Gi        83Gi       8.5Gi       1.1Gi        29Gi        35Gi
107.01% 5.405GiB / 119.6GiB
---
2026-05-16T20:14:10-04:00
               total        used        free      shared  buff/cache   available
Mem:           119Gi        83Gi       8.5Gi       1.1Gi        29Gi        35Gi
104.24% 5.405GiB / 119.6GiB
---
2026-05-16T20:14:26-04:00
               total        used        free      shared  buff/cache   available
Mem:           119Gi        83Gi       8.5Gi       1.1Gi        29Gi        35Gi
107.15% 5.405GiB / 119.6GiB
---
2026-05-16T20:14:42-04:00
               total        used        free      shared  buff/cache   available
Mem:           119Gi        83Gi       8.5Gi       1.1Gi        29Gi        35Gi
105.33% 5.406GiB / 119.6GiB
---
2026-05-16T20:14:58-04:00
               total        used        free      shared  buff/cache   available
Mem:           119Gi        83Gi       8.5Gi       1.1Gi        29Gi        35Gi
105.17% 5.405GiB / 119.6GiB
---
2026-05-16T20:15:14-04:00
               total        used        free      shared  buff/cache   available
Mem:           119Gi        83Gi       8.5Gi       1.1Gi        29Gi        35Gi
107.07% 5.405GiB / 119.6GiB
---
2026-05-16T20:15:30-04:00
               total        used        free      shared  buff/cache   available
Mem:           119Gi        83Gi       8.5Gi       1.1Gi        29Gi        35Gi
105.26% 5.406GiB / 119.6GiB
---
2026-05-16T20:15:46-04:00
               total        used        free      shared  buff/cache   available
Mem:           119Gi        83Gi       8.5Gi       1.1Gi        29Gi        35Gi
105.04% 5.406GiB / 119.6GiB
---
2026-05-16T20:16:02-04:00
               total        used        free      shared  buff/cache   available
Mem:           119Gi        83Gi       8.5Gi       1.1Gi        29Gi        35Gi
106.86% 5.406GiB / 119.6GiB
---
2026-05-16T20:16:18-04:00
               total        used        free      shared  buff/cache   available
Mem:           119Gi        83Gi       8.5Gi       1.1Gi        29Gi        35Gi
110.03% 5.406GiB / 119.6GiB
---
2026-05-16T20:16:34-04:00
               total        used        free      shared  buff/cache   available
Mem:           119Gi        83Gi       8.4Gi       1.1Gi        29Gi        35Gi
105.77% 5.41GiB / 119.6GiB
---
2026-05-16T20:16:50-04:00
               total        used        free      shared  buff/cache   available
Mem:           119Gi        83Gi       8.4Gi       1.1Gi        29Gi        35Gi
106.57% 5.429GiB / 119.6GiB
---
2026-05-16T20:17:06-04:00
               total        used        free      shared  buff/cache   available
Mem:           119Gi        83Gi       8.4Gi       1.1Gi        29Gi        35Gi
106.39% 5.462GiB / 119.6GiB
---
2026-05-16T20:17:22-04:00
               total        used        free      shared  buff/cache   available
Mem:           119Gi        83Gi       8.3Gi       1.1Gi        29Gi        35Gi
108.48% 5.517GiB / 119.6GiB
---
2026-05-16T20:17:38-04:00
               total        used        free      shared  buff/cache   available
Mem:           119Gi        83Gi       8.2Gi       1.1Gi        29Gi        35Gi
103.25% 6.36GiB / 119.6GiB
---
2026-05-16T20:17:54-04:00
               total        used        free      shared  buff/cache   available
Mem:           119Gi        85Gi       6.8Gi       1.1Gi        29Gi        34Gi
102.24% 7.195GiB / 119.6GiB
---
2026-05-16T20:18:10-04:00
               total        used        free      shared  buff/cache   available
Mem:           119Gi        88Gi       3.8Gi       1.1Gi        29Gi        31Gi
102.60% 10.12GiB / 119.6GiB
---
2026-05-16T20:18:26-04:00
               total        used        free      shared  buff/cache   available
Mem:           119Gi        88Gi       3.4Gi       1.1Gi        29Gi        30Gi
102.15% 10.21GiB / 119.6GiB
---
2026-05-16T20:18:42-04:00
               total        used        free      shared  buff/cache   available
Mem:           119Gi        88Gi       3.5Gi       1.1Gi        29Gi        31Gi
116.16% 10.21GiB / 119.6GiB
---
2026-05-16T20:18:58-04:00
               total        used        free      shared  buff/cache   available
Mem:           119Gi        88Gi       3.6Gi       1.1Gi        29Gi        31Gi
105.75% 10.21GiB / 119.6GiB
---
2026-05-16T20:19:14-04:00
               total        used        free      shared  buff/cache   available
Mem:           119Gi        88Gi       3.6Gi       1.1Gi        29Gi        31Gi
105.63% 10.21GiB / 119.6GiB
---
2026-05-16T20:19:30-04:00
               total        used        free      shared  buff/cache   available
Mem:           119Gi        88Gi       3.6Gi       1.1Gi        29Gi        31Gi
106.78% 10.21GiB / 119.6GiB
---
2026-05-16T20:19:46-04:00
               total        used        free      shared  buff/cache   available
Mem:           119Gi        88Gi       3.6Gi       1.1Gi        29Gi        31Gi
102.43% 10.21GiB / 119.6GiB
---
2026-05-16T20:20:02-04:00
               total        used        free      shared  buff/cache   available
Mem:           119Gi        88Gi       3.6Gi       1.1Gi        29Gi        31Gi
115.81% 10.21GiB / 119.6GiB
---
2026-05-16T20:20:18-04:00
               total        used        free      shared  buff/cache   available
Mem:           119Gi        88Gi       3.6Gi       1.1Gi        29Gi        31Gi
105.35% 10.22GiB / 119.6GiB
---
2026-05-16T20:20:34-04:00
               total        used        free      shared  buff/cache   available
Mem:           119Gi        88Gi       3.6Gi       1.1Gi        29Gi        31Gi
105.31% 10.22GiB / 119.6GiB
---
2026-05-16T20:20:50-04:00
               total        used        free      shared  buff/cache   available
Mem:           119Gi        88Gi       3.6Gi       1.1Gi        29Gi        31Gi
114.98% 10.22GiB / 119.6GiB
---
2026-05-16T20:21:06-04:00
               total        used        free      shared  buff/cache   available
Mem:           119Gi        88Gi       3.6Gi       1.1Gi        29Gi        31Gi
106.97% 10.22GiB / 119.6GiB
---
2026-05-16T20:21:22-04:00
               total        used        free      shared  buff/cache   available
Mem:           119Gi        88Gi       3.6Gi       1.1Gi        29Gi        31Gi
113.55% 10.22GiB / 119.6GiB
---
2026-05-16T20:21:38-04:00
               total        used        free      shared  buff/cache   available
Mem:           119Gi        88Gi       3.6Gi       1.1Gi        29Gi        31Gi
105.63% 10.22GiB / 119.6GiB
---
2026-05-16T20:21:54-04:00
               total        used        free      shared  buff/cache   available
Mem:           119Gi        88Gi       3.6Gi       1.1Gi        29Gi        31Gi
105.56% 10.22GiB / 119.6GiB
---
2026-05-16T20:22:10-04:00
               total        used        free      shared  buff/cache   available
Mem:           119Gi        88Gi       3.6Gi       1.1Gi        29Gi        31Gi
105.74% 10.22GiB / 119.6GiB
---
2026-05-16T20:22:26-04:00
               total        used        free      shared  buff/cache   available
Mem:           119Gi        88Gi       3.6Gi       1.1Gi        29Gi        31Gi
105.95% 10.22GiB / 119.6GiB
---
2026-05-16T20:22:42-04:00
               total        used        free      shared  buff/cache   available
Mem:           119Gi        88Gi       3.6Gi       1.1Gi        29Gi        31Gi
105.77% 10.22GiB / 119.6GiB
---
2026-05-16T20:22:58-04:00
               total        used        free      shared  buff/cache   available
Mem:           119Gi        88Gi       3.6Gi       1.1Gi        29Gi        31Gi
105.49% 10.22GiB / 119.6GiB
---
2026-05-16T20:23:14-04:00
               total        used        free      shared  buff/cache   available
Mem:           119Gi        88Gi       3.6Gi       1.1Gi        29Gi        31Gi
105.18% 10.22GiB / 119.6GiB
---
2026-05-16T20:23:30-04:00
               total        used        free      shared  buff/cache   available
Mem:           119Gi        88Gi       3.6Gi       1.1Gi        29Gi        31Gi
107.03% 10.22GiB / 119.6GiB
---
2026-05-16T20:23:46-04:00
               total        used        free      shared  buff/cache   available
Mem:           119Gi        88Gi       3.6Gi       1.1Gi        29Gi        31Gi
105.16% 10.22GiB / 119.6GiB
---
2026-05-16T20:24:02-04:00
               total        used        free      shared  buff/cache   available
Mem:           119Gi        88Gi       3.6Gi       1.1Gi        29Gi        31Gi
105.56% 10.22GiB / 119.6GiB
---
2026-05-16T20:24:18-04:00
               total        used        free      shared  buff/cache   available
Mem:           119Gi        88Gi       3.6Gi       1.1Gi        29Gi        31Gi
115.57% 10.22GiB / 119.6GiB
---
2026-05-16T20:24:34-04:00
               total        used        free      shared  buff/cache   available
Mem:           119Gi        88Gi       3.6Gi       1.1Gi        29Gi        31Gi
106.83% 10.22GiB / 119.6GiB
---
2026-05-16T20:24:50-04:00
               total        used        free      shared  buff/cache   available
Mem:           119Gi        88Gi       3.6Gi       1.1Gi        29Gi        31Gi
105.62% 10.22GiB / 119.6GiB
---
2026-05-16T20:25:06-04:00
               total        used        free      shared  buff/cache   available
Mem:           119Gi        88Gi       3.6Gi       1.1Gi        29Gi        31Gi
107.22% 10.22GiB / 119.6GiB
---
2026-05-16T20:25:23-04:00
               total        used        free      shared  buff/cache   available
Mem:           119Gi        88Gi       3.6Gi       1.1Gi        29Gi        31Gi
105.45% 10.22GiB / 119.6GiB
---
2026-05-16T20:25:39-04:00
               total        used        free      shared  buff/cache   available
Mem:           119Gi        88Gi       3.6Gi       1.1Gi        29Gi        31Gi
105.54% 10.22GiB / 119.6GiB
---
2026-05-16T20:25:55-04:00
               total        used        free      shared  buff/cache   available
Mem:           119Gi        88Gi       3.6Gi       1.1Gi        29Gi        31Gi
113.26% 10.22GiB / 119.6GiB
---
2026-05-16T20:26:11-04:00
               total        used        free      shared  buff/cache   available
Mem:           119Gi        88Gi       3.6Gi       1.1Gi        29Gi        31Gi
113.05% 10.23GiB / 119.6GiB
---
2026-05-16T20:26:27-04:00
               total        used        free      shared  buff/cache   available
Mem:           119Gi        88Gi       3.6Gi       1.1Gi        29Gi        31Gi
105.76% 10.23GiB / 119.6GiB
---
2026-05-16T20:26:43-04:00
               total        used        free      shared  buff/cache   available
Mem:           119Gi        88Gi       3.6Gi       1.1Gi        29Gi        31Gi
105.81% 10.23GiB / 119.6GiB
---
2026-05-16T20:26:59-04:00
               total        used        free      shared  buff/cache   available
Mem:           119Gi        88Gi       3.6Gi       1.1Gi        29Gi        31Gi
107.17% 10.23GiB / 119.6GiB
---
2026-05-16T20:27:15-04:00
               total        used        free      shared  buff/cache   available
Mem:           119Gi        88Gi       3.6Gi       1.1Gi        29Gi        31Gi
105.81% 10.23GiB / 119.6GiB
---
2026-05-16T20:27:31-04:00
               total        used        free      shared  buff/cache   available
Mem:           119Gi        88Gi       3.6Gi       1.1Gi        29Gi        31Gi
105.86% 10.23GiB / 119.6GiB
---
2026-05-16T20:27:47-04:00
               total        used        free      shared  buff/cache   available
Mem:           119Gi        88Gi       3.6Gi       1.1Gi        29Gi        31Gi
107.43% 10.23GiB / 119.6GiB
---
2026-05-16T20:28:03-04:00
               total        used        free      shared  buff/cache   available
Mem:           119Gi        88Gi       3.6Gi       1.1Gi        29Gi        31Gi
106.77% 10.23GiB / 119.6GiB
---
2026-05-16T20:28:19-04:00
               total        used        free      shared  buff/cache   available
Mem:           119Gi        88Gi       3.6Gi       1.1Gi        29Gi        31Gi
105.57% 10.23GiB / 119.6GiB
---
2026-05-16T20:28:35-04:00
               total        used        free      shared  buff/cache   available
Mem:           119Gi        88Gi       3.6Gi       1.1Gi        29Gi        31Gi
114.29% 10.23GiB / 119.6GiB
---
2026-05-16T20:28:51-04:00
               total        used        free      shared  buff/cache   available
Mem:           119Gi        88Gi       3.6Gi       1.1Gi        29Gi        31Gi
107.57% 10.23GiB / 119.6GiB
---
2026-05-16T20:29:07-04:00
               total        used        free      shared  buff/cache   available
Mem:           119Gi        88Gi       3.6Gi       1.1Gi        29Gi        31Gi
106.15% 10.23GiB / 119.6GiB
---
2026-05-16T20:29:23-04:00
               total        used        free      shared  buff/cache   available
Mem:           119Gi        88Gi       3.6Gi       1.1Gi        29Gi        31Gi
107.31% 10.23GiB / 119.6GiB
---
2026-05-16T20:29:39-04:00
               total        used        free      shared  buff/cache   available
Mem:           119Gi        88Gi       3.6Gi       1.1Gi        29Gi        31Gi
106.08% 10.23GiB / 119.6GiB
---
2026-05-16T20:29:55-04:00
               total        used        free      shared  buff/cache   available
Mem:           119Gi        88Gi       3.6Gi       1.1Gi        29Gi        31Gi
105.87% 10.23GiB / 119.6GiB
---
2026-05-16T20:30:11-04:00
               total        used        free      shared  buff/cache   available
Mem:           119Gi        88Gi       3.6Gi       1.1Gi        29Gi        31Gi
105.96% 10.23GiB / 119.6GiB
---
2026-05-16T20:30:27-04:00
               total        used        free      shared  buff/cache   available
Mem:           119Gi        88Gi       3.6Gi       1.1Gi        29Gi        31Gi
107.27% 10.23GiB / 119.6GiB
---
2026-05-16T20:30:43-04:00
               total        used        free      shared  buff/cache   available
Mem:           119Gi        88Gi       3.6Gi       1.1Gi        29Gi        31Gi
105.60% 10.23GiB / 119.6GiB
---
2026-05-16T20:30:59-04:00
               total        used        free      shared  buff/cache   available
Mem:           119Gi        88Gi       3.6Gi       1.1Gi        29Gi        31Gi
108.75% 10.23GiB / 119.6GiB
---
2026-05-16T20:31:15-04:00
               total        used        free      shared  buff/cache   available
Mem:           119Gi        88Gi       3.6Gi       1.1Gi        29Gi        31Gi
107.27% 10.23GiB / 119.6GiB
---
2026-05-16T20:31:31-04:00
               total        used        free      shared  buff/cache   available
Mem:           119Gi        88Gi       3.6Gi       1.1Gi        29Gi        31Gi
105.34% 10.23GiB / 119.6GiB
---
2026-05-16T20:31:47-04:00
               total        used        free      shared  buff/cache   available
Mem:           119Gi        88Gi       3.6Gi       1.1Gi        29Gi        31Gi
112.49% 10.23GiB / 119.6GiB
---
2026-05-16T20:32:03-04:00
               total        used        free      shared  buff/cache   available
Mem:           119Gi        88Gi       3.6Gi       1.1Gi        29Gi        31Gi
107.27% 10.23GiB / 119.6GiB
---
2026-05-16T20:32:19-04:00
               total        used        free      shared  buff/cache   available
Mem:           119Gi        88Gi       3.6Gi       1.1Gi        29Gi        31Gi
107.32% 10.23GiB / 119.6GiB
---
2026-05-16T20:32:35-04:00
               total        used        free      shared  buff/cache   available
Mem:           119Gi        88Gi       3.6Gi       1.1Gi        29Gi        31Gi
105.86% 10.24GiB / 119.6GiB
---
2026-05-16T20:32:51-04:00
               total        used        free      shared  buff/cache   available
Mem:           119Gi        88Gi       3.6Gi       1.1Gi        29Gi        31Gi
114.19% 10.24GiB / 119.6GiB
---
2026-05-16T20:33:07-04:00
               total        used        free      shared  buff/cache   available
Mem:           119Gi        88Gi       3.6Gi       1.1Gi        29Gi        31Gi
102.81% 10.24GiB / 119.6GiB
---
2026-05-16T20:33:23-04:00
               total        used        free      shared  buff/cache   available
Mem:           119Gi        88Gi       3.6Gi       1.1Gi        29Gi        31Gi
105.99% 10.24GiB / 119.6GiB
---
2026-05-16T20:33:39-04:00
               total        used        free      shared  buff/cache   available
Mem:           119Gi        88Gi       3.6Gi       1.1Gi        29Gi        31Gi
107.08% 10.24GiB / 119.6GiB
---
2026-05-16T20:33:55-04:00
               total        used        free      shared  buff/cache   available
Mem:           119Gi        88Gi       3.6Gi       1.1Gi        29Gi        31Gi
106.86% 10.24GiB / 119.6GiB
---
2026-05-16T20:34:11-04:00
               total        used        free      shared  buff/cache   available
Mem:           119Gi        88Gi       3.6Gi       1.1Gi        29Gi        31Gi
104.94% 10.24GiB / 119.6GiB
---
2026-05-16T20:34:27-04:00
               total        used        free      shared  buff/cache   available
Mem:           119Gi        88Gi       3.6Gi       1.1Gi        29Gi        31Gi
106.46% 10.24GiB / 119.6GiB
---
2026-05-16T20:34:43-04:00
               total        used        free      shared  buff/cache   available
Mem:           119Gi        88Gi       3.6Gi       1.1Gi        29Gi        31Gi
114.71% 10.24GiB / 119.6GiB
---
2026-05-16T20:34:59-04:00
               total        used        free      shared  buff/cache   available
Mem:           119Gi        88Gi       3.6Gi       1.1Gi        29Gi        31Gi
104.98% 10.24GiB / 119.6GiB
---
2026-05-16T20:35:15-04:00
               total        used        free      shared  buff/cache   available
Mem:           119Gi        88Gi       3.6Gi       1.1Gi        29Gi        31Gi
106.39% 10.24GiB / 119.6GiB
---
2026-05-16T20:35:31-04:00
               total        used        free      shared  buff/cache   available
Mem:           119Gi        88Gi       3.6Gi       1.1Gi        29Gi        31Gi
107.00% 10.24GiB / 119.6GiB
---
2026-05-16T20:35:47-04:00
               total        used        free      shared  buff/cache   available
Mem:           119Gi        88Gi       3.6Gi       1.1Gi        29Gi        31Gi
105.83% 10.24GiB / 119.6GiB
---
2026-05-16T20:36:03-04:00
               total        used        free      shared  buff/cache   available
Mem:           119Gi        88Gi       3.6Gi       1.1Gi        29Gi        31Gi
106.02% 10.24GiB / 119.6GiB
---
2026-05-16T20:36:19-04:00
               total        used        free      shared  buff/cache   available
Mem:           119Gi        88Gi       3.6Gi       1.1Gi        29Gi        31Gi
107.24% 10.24GiB / 119.6GiB
---
2026-05-16T20:36:35-04:00
               total        used        free      shared  buff/cache   available
Mem:           119Gi        88Gi       3.6Gi       1.1Gi        29Gi        31Gi
106.40% 10.24GiB / 119.6GiB
---
2026-05-16T20:36:51-04:00
               total        used        free      shared  buff/cache   available
Mem:           119Gi        88Gi       3.6Gi       1.1Gi        29Gi        31Gi
105.28% 10.24GiB / 119.6GiB
---
2026-05-16T20:37:08-04:00
               total        used        free      shared  buff/cache   available
Mem:           119Gi        88Gi       3.6Gi       1.1Gi        29Gi        31Gi
106.78% 10.24GiB / 119.6GiB
---
2026-05-16T20:37:24-04:00
               total        used        free      shared  buff/cache   available
Mem:           119Gi        88Gi       3.6Gi       1.1Gi        29Gi        31Gi
107.11% 10.24GiB / 119.6GiB
---
2026-05-16T20:37:40-04:00
               total        used        free      shared  buff/cache   available
Mem:           119Gi        88Gi       3.6Gi       1.1Gi        29Gi        31Gi
105.75% 10.24GiB / 119.6GiB
---
2026-05-16T20:37:56-04:00
               total        used        free      shared  buff/cache   available
Mem:           119Gi        88Gi       3.6Gi       1.1Gi        29Gi        31Gi
107.29% 10.24GiB / 119.6GiB
---
2026-05-16T20:38:12-04:00
               total        used        free      shared  buff/cache   available
Mem:           119Gi        88Gi       3.6Gi       1.1Gi        29Gi        31Gi
115.72% 10.24GiB / 119.6GiB
---
2026-05-16T20:38:28-04:00
               total        used        free      shared  buff/cache   available
Mem:           119Gi        88Gi       3.6Gi       1.1Gi        29Gi        31Gi
105.45% 10.25GiB / 119.6GiB
---
2026-05-16T20:38:44-04:00
               total        used        free      shared  buff/cache   available
Mem:           119Gi        88Gi       3.6Gi       1.1Gi        29Gi        31Gi
106.95% 10.25GiB / 119.6GiB
---
2026-05-16T20:39:00-04:00
               total        used        free      shared  buff/cache   available
Mem:           119Gi        88Gi       3.6Gi       1.1Gi        29Gi        31Gi
116.41% 10.25GiB / 119.6GiB
---
2026-05-16T20:39:16-04:00
               total        used        free      shared  buff/cache   available
Mem:           119Gi        88Gi       3.6Gi       1.1Gi        29Gi        31Gi
105.63% 10.25GiB / 119.6GiB
---
2026-05-16T20:39:32-04:00
               total        used        free      shared  buff/cache   available
Mem:           119Gi        88Gi       3.6Gi       1.1Gi        29Gi        31Gi
105.86% 10.25GiB / 119.6GiB
---
2026-05-16T20:39:48-04:00
               total        used        free      shared  buff/cache   available
Mem:           119Gi        88Gi       3.6Gi       1.1Gi        29Gi        31Gi
107.19% 10.25GiB / 119.6GiB
---
2026-05-16T20:40:04-04:00
               total        used        free      shared  buff/cache   available
Mem:           119Gi        88Gi       3.6Gi       1.1Gi        29Gi        31Gi
106.99% 10.25GiB / 119.6GiB
---
2026-05-16T20:40:20-04:00
               total        used        free      shared  buff/cache   available
Mem:           119Gi        88Gi       3.6Gi       1.1Gi        29Gi        31Gi
105.25% 10.25GiB / 119.6GiB
---
2026-05-16T20:40:36-04:00
               total        used        free      shared  buff/cache   available
Mem:           119Gi        88Gi       3.6Gi       1.1Gi        29Gi        31Gi
106.64% 10.25GiB / 119.6GiB
---
2026-05-16T20:40:52-04:00
               total        used        free      shared  buff/cache   available
Mem:           119Gi        88Gi       3.6Gi       1.1Gi        29Gi        31Gi
103.94% 10.25GiB / 119.6GiB
---
2026-05-16T20:41:08-04:00
               total        used        free      shared  buff/cache   available
Mem:           119Gi        88Gi       3.6Gi       1.1Gi        29Gi        31Gi
105.32% 10.25GiB / 119.6GiB
---
2026-05-16T20:41:24-04:00
               total        used        free      shared  buff/cache   available
Mem:           119Gi        88Gi       3.6Gi       1.1Gi        29Gi        31Gi
106.72% 10.25GiB / 119.6GiB
---
2026-05-16T20:41:40-04:00
               total        used        free      shared  buff/cache   available
Mem:           119Gi        88Gi       3.6Gi       1.1Gi        29Gi        31Gi
106.47% 10.25GiB / 119.6GiB
---
2026-05-16T20:41:56-04:00
               total        used        free      shared  buff/cache   available
Mem:           119Gi        88Gi       3.6Gi       1.1Gi        29Gi        31Gi
105.82% 10.25GiB / 119.6GiB
---
2026-05-16T20:42:12-04:00
               total        used        free      shared  buff/cache   available
Mem:           119Gi        88Gi       3.6Gi       1.1Gi        29Gi        31Gi
105.59% 10.25GiB / 119.6GiB
---
2026-05-16T20:42:28-04:00
               total        used        free      shared  buff/cache   available
Mem:           119Gi        88Gi       3.6Gi       1.1Gi        29Gi        31Gi
107.52% 10.25GiB / 119.6GiB
---
2026-05-16T20:42:44-04:00
               total        used        free      shared  buff/cache   available
Mem:           119Gi        88Gi       3.6Gi       1.1Gi        29Gi        31Gi
106.16% 10.25GiB / 119.6GiB
---
2026-05-16T20:43:00-04:00
               total        used        free      shared  buff/cache   available
Mem:           119Gi        88Gi       3.6Gi       1.1Gi        29Gi        31Gi
106.66% 10.25GiB / 119.6GiB
---
2026-05-16T20:43:16-04:00
               total        used        free      shared  buff/cache   available
Mem:           119Gi        88Gi       3.6Gi       1.1Gi        29Gi        31Gi
107.20% 10.25GiB / 119.6GiB
---
2026-05-16T20:43:32-04:00
               total        used        free      shared  buff/cache   available
Mem:           119Gi        88Gi       3.6Gi       1.1Gi        29Gi        31Gi
107.53% 10.25GiB / 119.6GiB
---
2026-05-16T20:43:48-04:00
               total        used        free      shared  buff/cache   available
Mem:           119Gi        88Gi       3.6Gi       1.1Gi        29Gi        31Gi
105.99% 10.25GiB / 119.6GiB
---
2026-05-16T20:44:04-04:00
               total        used        free      shared  buff/cache   available
Mem:           119Gi        88Gi       3.6Gi       1.1Gi        29Gi        31Gi
107.24% 10.25GiB / 119.6GiB
---
2026-05-16T20:44:20-04:00
               total        used        free      shared  buff/cache   available
Mem:           119Gi        88Gi       3.6Gi       1.1Gi        29Gi        31Gi
107.64% 10.25GiB / 119.6GiB
---
2026-05-16T20:44:36-04:00
               total        used        free      shared  buff/cache   available
Mem:           119Gi        88Gi       3.6Gi       1.1Gi        29Gi        31Gi
105.19% 10.25GiB / 119.6GiB
---
2026-05-16T20:44:52-04:00
               total        used        free      shared  buff/cache   available
Mem:           119Gi        88Gi       3.6Gi       1.1Gi        29Gi        31Gi
107.10% 10.25GiB / 119.6GiB
---
2026-05-16T20:45:08-04:00
               total        used        free      shared  buff/cache   available
Mem:           119Gi        88Gi       3.6Gi       1.1Gi        29Gi        31Gi
105.72% 10.25GiB / 119.6GiB
---
2026-05-16T20:45:24-04:00
               total        used        free      shared  buff/cache   available
Mem:           119Gi        88Gi       3.6Gi       1.1Gi        29Gi        31Gi
112.49% 10.26GiB / 119.6GiB
---
2026-05-16T20:45:40-04:00
               total        used        free      shared  buff/cache   available
Mem:           119Gi        88Gi       3.6Gi       1.1Gi        29Gi        31Gi
106.83% 10.26GiB / 119.6GiB
---
2026-05-16T20:45:56-04:00
               total        used        free      shared  buff/cache   available
Mem:           119Gi        88Gi       3.6Gi       1.1Gi        29Gi        31Gi
106.60% 10.26GiB / 119.6GiB
---
2026-05-16T20:46:12-04:00
               total        used        free      shared  buff/cache   available
Mem:           119Gi        88Gi       3.6Gi       1.1Gi        29Gi        31Gi
105.02% 10.26GiB / 119.6GiB
---
2026-05-16T20:46:28-04:00
               total        used        free      shared  buff/cache   available
Mem:           119Gi        88Gi       3.6Gi       1.1Gi        29Gi        31Gi
104.24% 10.26GiB / 119.6GiB
---
2026-05-16T20:46:44-04:00
               total        used        free      shared  buff/cache   available
Mem:           119Gi        88Gi       3.6Gi       1.1Gi        29Gi        31Gi
107.03% 10.26GiB / 119.6GiB
---
2026-05-16T20:47:00-04:00
               total        used        free      shared  buff/cache   available
Mem:           119Gi        88Gi       3.6Gi       1.1Gi        29Gi        31Gi
105.24% 10.26GiB / 119.6GiB
---
2026-05-16T20:47:16-04:00
               total        used        free      shared  buff/cache   available
Mem:           119Gi        88Gi       3.6Gi       1.1Gi        29Gi        31Gi
105.59% 10.26GiB / 119.6GiB
---
2026-05-16T20:47:32-04:00
               total        used        free      shared  buff/cache   available
Mem:           119Gi        88Gi       3.6Gi       1.1Gi        29Gi        31Gi
107.29% 10.26GiB / 119.6GiB
---
2026-05-16T20:47:48-04:00
               total        used        free      shared  buff/cache   available
Mem:           119Gi        88Gi       3.6Gi       1.1Gi        29Gi        31Gi
105.76% 10.26GiB / 119.6GiB
---
2026-05-16T20:48:04-04:00
               total        used        free      shared  buff/cache   available
Mem:           119Gi        88Gi       3.6Gi       1.1Gi        29Gi        31Gi
105.31% 10.26GiB / 119.6GiB
---
2026-05-16T20:48:20-04:00
               total        used        free      shared  buff/cache   available
Mem:           119Gi        88Gi       3.6Gi       1.1Gi        29Gi        31Gi
106.61% 10.26GiB / 119.6GiB
---
2026-05-16T20:48:36-04:00
               total        used        free      shared  buff/cache   available
Mem:           119Gi        88Gi       3.6Gi       1.1Gi        29Gi        31Gi
105.36% 10.26GiB / 119.6GiB
---
2026-05-16T20:48:52-04:00
               total        used        free      shared  buff/cache   available
Mem:           119Gi        88Gi       3.6Gi       1.1Gi        29Gi        31Gi
105.31% 10.26GiB / 119.6GiB
---
2026-05-16T20:49:09-04:00
               total        used        free      shared  buff/cache   available
Mem:           119Gi        88Gi       3.6Gi       1.1Gi        29Gi        31Gi
107.00% 10.26GiB / 119.6GiB
---
2026-05-16T20:49:25-04:00
               total        used        free      shared  buff/cache   available
Mem:           119Gi        88Gi       3.6Gi       1.1Gi        29Gi        31Gi
113.32% 10.26GiB / 119.6GiB
---
2026-05-16T20:49:41-04:00
               total        used        free      shared  buff/cache   available
Mem:           119Gi        88Gi       3.6Gi       1.1Gi        29Gi        31Gi
105.21% 10.26GiB / 119.6GiB
---
2026-05-16T20:49:57-04:00
               total        used        free      shared  buff/cache   available
Mem:           119Gi        88Gi       3.6Gi       1.1Gi        29Gi        31Gi
106.04% 10.26GiB / 119.6GiB
---
2026-05-16T20:50:13-04:00
               total        used        free      shared  buff/cache   available
Mem:           119Gi        88Gi       3.6Gi       1.1Gi        29Gi        31Gi
113.97% 10.26GiB / 119.6GiB
---
2026-05-16T20:50:29-04:00
               total        used        free      shared  buff/cache   available
Mem:           119Gi        88Gi       3.6Gi       1.1Gi        29Gi        31Gi
105.79% 10.26GiB / 119.6GiB
---
2026-05-16T20:50:45-04:00
               total        used        free      shared  buff/cache   available
Mem:           119Gi        88Gi       3.6Gi       1.1Gi        29Gi        31Gi
106.17% 10.26GiB / 119.6GiB
---
2026-05-16T20:51:01-04:00
               total        used        free      shared  buff/cache   available
Mem:           119Gi        88Gi       3.6Gi       1.1Gi        29Gi        31Gi
107.29% 10.26GiB / 119.6GiB
---
2026-05-16T20:51:17-04:00
               total        used        free      shared  buff/cache   available
Mem:           119Gi        88Gi       3.6Gi       1.1Gi        29Gi        31Gi
105.48% 10.26GiB / 119.6GiB
---
2026-05-16T20:51:33-04:00
               total        used        free      shared  buff/cache   available
Mem:           119Gi        88Gi       3.6Gi       1.1Gi        29Gi        31Gi
105.72% 10.26GiB / 119.6GiB
---
2026-05-16T20:51:49-04:00
               total        used        free      shared  buff/cache   available
Mem:           119Gi        88Gi       3.6Gi       1.1Gi        29Gi        31Gi
107.48% 10.27GiB / 119.6GiB
---
2026-05-16T20:52:05-04:00
               total        used        free      shared  buff/cache   available
Mem:           119Gi        88Gi       3.6Gi       1.1Gi        29Gi        31Gi
107.05% 10.27GiB / 119.6GiB
---
2026-05-16T20:52:21-04:00
               total        used        free      shared  buff/cache   available
Mem:           119Gi        88Gi       3.5Gi       1.1Gi        29Gi        31Gi
106.00% 10.27GiB / 119.6GiB
---
2026-05-16T20:52:37-04:00
               total        used        free      shared  buff/cache   available
Mem:           119Gi        88Gi       3.5Gi       1.1Gi        29Gi        31Gi
107.66% 10.27GiB / 119.6GiB
---
2026-05-16T20:52:53-04:00
               total        used        free      shared  buff/cache   available
Mem:           119Gi        88Gi       3.6Gi       1.1Gi        29Gi        31Gi
116.35% 10.27GiB / 119.6GiB
---
2026-05-16T20:53:09-04:00
               total        used        free      shared  buff/cache   available
Mem:           119Gi        88Gi       3.5Gi       1.1Gi        29Gi        31Gi
106.10% 10.27GiB / 119.6GiB
---
2026-05-16T20:53:25-04:00
               total        used        free      shared  buff/cache   available
Mem:           119Gi        88Gi       3.5Gi       1.1Gi        29Gi        31Gi
107.63% 10.27GiB / 119.6GiB
---
2026-05-16T20:53:41-04:00
               total        used        free      shared  buff/cache   available
Mem:           119Gi        88Gi       3.5Gi       1.1Gi        29Gi        31Gi
107.90% 10.27GiB / 119.6GiB
---
2026-05-16T20:53:57-04:00
               total        used        free      shared  buff/cache   available
Mem:           119Gi        88Gi       3.5Gi       1.1Gi        29Gi        31Gi
105.80% 10.27GiB / 119.6GiB
---
2026-05-16T20:54:13-04:00
               total        used        free      shared  buff/cache   available
Mem:           119Gi        88Gi       3.5Gi       1.1Gi        29Gi        31Gi
102.21% 10.27GiB / 119.6GiB
---
2026-05-16T20:54:29-04:00
               total        used        free      shared  buff/cache   available
Mem:           119Gi        88Gi       3.5Gi       1.1Gi        29Gi        31Gi
107.32% 10.27GiB / 119.6GiB
---
2026-05-16T20:54:45-04:00
               total        used        free      shared  buff/cache   available
Mem:           119Gi        88Gi       3.5Gi       1.1Gi        29Gi        31Gi
105.39% 10.27GiB / 119.6GiB
---
2026-05-16T20:55:01-04:00
               total        used        free      shared  buff/cache   available
Mem:           119Gi        88Gi       3.5Gi       1.1Gi        29Gi        31Gi
105.22% 10.27GiB / 119.6GiB
---
2026-05-16T20:55:17-04:00
               total        used        free      shared  buff/cache   available
Mem:           119Gi        88Gi       3.5Gi       1.1Gi        29Gi        31Gi
106.79% 10.27GiB / 119.6GiB
---
2026-05-16T20:55:33-04:00
               total        used        free      shared  buff/cache   available
Mem:           119Gi        88Gi       3.6Gi       1.1Gi        29Gi        31Gi
105.68% 10.27GiB / 119.6GiB
---
2026-05-16T20:55:49-04:00
               total        used        free      shared  buff/cache   available
Mem:           119Gi        88Gi       3.6Gi       1.1Gi        29Gi        31Gi
111.26% 10.27GiB / 119.6GiB
---
2026-05-16T20:56:05-04:00
               total        used        free      shared  buff/cache   available
Mem:           119Gi        88Gi       3.6Gi       1.1Gi        29Gi        31Gi
112.81% 10.27GiB / 119.6GiB
---
2026-05-16T20:56:21-04:00
               total        used        free      shared  buff/cache   available
Mem:           119Gi        88Gi       3.5Gi       1.1Gi        29Gi        31Gi
115.60% 10.27GiB / 119.6GiB
---
2026-05-16T20:56:37-04:00
               total        used        free      shared  buff/cache   available
Mem:           119Gi        88Gi       3.5Gi       1.1Gi        29Gi        31Gi
110.96% 10.27GiB / 119.6GiB
---
2026-05-16T20:56:53-04:00
               total        used        free      shared  buff/cache   available
Mem:           119Gi        88Gi       3.5Gi       1.1Gi        29Gi        31Gi
106.91% 10.27GiB / 119.6GiB
---
2026-05-16T20:57:09-04:00
               total        used        free      shared  buff/cache   available
Mem:           119Gi        88Gi       3.5Gi       1.1Gi        29Gi        31Gi
114.00% 10.27GiB / 119.6GiB
---
2026-05-16T20:57:25-04:00
               total        used        free      shared  buff/cache   available
Mem:           119Gi        88Gi       3.5Gi       1.1Gi        29Gi        31Gi
105.38% 10.27GiB / 119.6GiB
---
2026-05-16T20:57:41-04:00
               total        used        free      shared  buff/cache   available
Mem:           119Gi        88Gi       3.5Gi       1.1Gi        29Gi        31Gi
105.43% 10.27GiB / 119.6GiB
---
2026-05-16T20:57:57-04:00
               total        used        free      shared  buff/cache   available
Mem:           119Gi        88Gi       3.5Gi       1.1Gi        29Gi        31Gi
107.15% 10.27GiB / 119.6GiB
---
2026-05-16T20:58:13-04:00
               total        used        free      shared  buff/cache   available
Mem:           119Gi        88Gi       3.5Gi       1.1Gi        29Gi        31Gi
105.28% 10.28GiB / 119.6GiB
---
2026-05-16T20:58:29-04:00
               total        used        free      shared  buff/cache   available
Mem:           119Gi        88Gi       3.5Gi       1.1Gi        29Gi        31Gi
105.81% 10.28GiB / 119.6GiB
---
2026-05-16T20:58:45-04:00
               total        used        free      shared  buff/cache   available
Mem:           119Gi        88Gi       3.5Gi       1.1Gi        29Gi        31Gi
107.28% 10.28GiB / 119.6GiB
---
2026-05-16T20:59:01-04:00
               total        used        free      shared  buff/cache   available
Mem:           119Gi        88Gi       3.5Gi       1.1Gi        29Gi        31Gi
105.50% 10.28GiB / 119.6GiB
---
2026-05-16T20:59:17-04:00
               total        used        free      shared  buff/cache   available
Mem:           119Gi        88Gi       3.5Gi       1.1Gi        29Gi        31Gi
106.10% 10.28GiB / 119.6GiB
---
2026-05-16T20:59:33-04:00
               total        used        free      shared  buff/cache   available
Mem:           119Gi        88Gi       3.5Gi       1.1Gi        29Gi        31Gi
107.45% 10.28GiB / 119.6GiB
---
2026-05-16T20:59:49-04:00
               total        used        free      shared  buff/cache   available
Mem:           119Gi        88Gi       3.5Gi       1.1Gi        29Gi        31Gi
105.23% 10.28GiB / 119.6GiB
---
2026-05-16T21:00:05-04:00
               total        used        free      shared  buff/cache   available
Mem:           119Gi        88Gi       3.5Gi       1.1Gi        29Gi        31Gi
105.68% 10.28GiB / 119.6GiB
---
2026-05-16T21:00:21-04:00
               total        used        free      shared  buff/cache   available
Mem:           119Gi        88Gi       3.5Gi       1.1Gi        29Gi        31Gi
107.16% 10.28GiB / 119.6GiB
---
2026-05-16T21:00:37-04:00
               total        used        free      shared  buff/cache   available
Mem:           119Gi        88Gi       3.5Gi       1.1Gi        29Gi        31Gi
107.16% 10.28GiB / 119.6GiB
---
2026-05-16T21:00:54-04:00
               total        used        free      shared  buff/cache   available
Mem:           119Gi        88Gi       3.5Gi       1.1Gi        29Gi        31Gi
105.67% 10.28GiB / 119.6GiB
---
2026-05-16T21:01:10-04:00
               total        used        free      shared  buff/cache   available
Mem:           119Gi        88Gi       3.5Gi       1.1Gi        29Gi        31Gi
107.16% 10.28GiB / 119.6GiB
---
2026-05-16T21:01:26-04:00
               total        used        free      shared  buff/cache   available
Mem:           119Gi        88Gi       3.5Gi       1.1Gi        29Gi        31Gi
107.16% 10.28GiB / 119.6GiB
---
2026-05-16T21:01:42-04:00
               total        used        free      shared  buff/cache   available
Mem:           119Gi        88Gi       3.5Gi       1.1Gi        29Gi        31Gi
105.63% 10.28GiB / 119.6GiB
---
2026-05-16T21:01:58-04:00
               total        used        free      shared  buff/cache   available
Mem:           119Gi        88Gi       3.5Gi       1.1Gi        29Gi        31Gi
104.54% 10.28GiB / 119.6GiB
---
2026-05-16T21:02:14-04:00
               total        used        free      shared  buff/cache   available
Mem:           119Gi        88Gi       3.5Gi       1.1Gi        29Gi        31Gi
107.56% 10.28GiB / 119.6GiB
---
2026-05-16T21:02:30-04:00
               total        used        free      shared  buff/cache   available
Mem:           119Gi        88Gi       3.5Gi       1.1Gi        29Gi        31Gi
108.28% 10.28GiB / 119.6GiB
---
2026-05-16T21:02:46-04:00
               total        used        free      shared  buff/cache   available
Mem:           119Gi        88Gi       3.5Gi       1.1Gi        29Gi        31Gi
110.79% 10.28GiB / 119.6GiB
---
2026-05-16T21:03:02-04:00
               total        used        free      shared  buff/cache   available
Mem:           119Gi        88Gi       3.5Gi       1.1Gi        29Gi        31Gi
107.23% 10.28GiB / 119.6GiB
---
2026-05-16T21:03:18-04:00
               total        used        free      shared  buff/cache   available
Mem:           119Gi        88Gi       3.5Gi       1.1Gi        29Gi        31Gi
105.51% 10.28GiB / 119.6GiB
---
2026-05-16T21:03:34-04:00
               total        used        free      shared  buff/cache   available
Mem:           119Gi        88Gi       3.5Gi       1.1Gi        29Gi        31Gi
105.55% 10.28GiB / 119.6GiB
---
2026-05-16T21:03:50-04:00
               total        used        free      shared  buff/cache   available
Mem:           119Gi        88Gi       3.5Gi       1.1Gi        29Gi        31Gi
106.87% 10.28GiB / 119.6GiB
---
2026-05-16T21:04:06-04:00
               total        used        free      shared  buff/cache   available
Mem:           119Gi        88Gi       3.5Gi       1.1Gi        29Gi        31Gi
107.16% 10.28GiB / 119.6GiB
---
2026-05-16T21:04:22-04:00
               total        used        free      shared  buff/cache   available
Mem:           119Gi        88Gi       3.5Gi       1.1Gi        29Gi        31Gi
105.51% 10.29GiB / 119.6GiB
---
2026-05-16T21:04:38-04:00
               total        used        free      shared  buff/cache   available
Mem:           119Gi        88Gi       3.5Gi       1.1Gi        29Gi        31Gi
106.94% 10.29GiB / 119.6GiB
---
2026-05-16T21:04:54-04:00
               total        used        free      shared  buff/cache   available
Mem:           119Gi        88Gi       3.5Gi       1.1Gi        29Gi        31Gi
108.73% 10.29GiB / 119.6GiB
---
2026-05-16T21:05:10-04:00
               total        used        free      shared  buff/cache   available
Mem:           119Gi        88Gi       3.5Gi       1.1Gi        29Gi        31Gi
105.21% 10.29GiB / 119.6GiB
---
2026-05-16T21:05:26-04:00
               total        used        free      shared  buff/cache   available
Mem:           119Gi        88Gi       3.5Gi       1.1Gi        29Gi        31Gi
108.14% 10.29GiB / 119.6GiB
---
2026-05-16T21:05:42-04:00
               total        used        free      shared  buff/cache   available
Mem:           119Gi        88Gi       3.5Gi       1.1Gi        29Gi        31Gi
106.93% 10.29GiB / 119.6GiB
---
2026-05-16T21:05:58-04:00
               total        used        free      shared  buff/cache   available
Mem:           119Gi        88Gi       3.5Gi       1.1Gi        29Gi        31Gi
105.30% 10.29GiB / 119.6GiB
---
2026-05-16T21:06:14-04:00
               total        used        free      shared  buff/cache   available
Mem:           119Gi        88Gi       3.5Gi       1.1Gi        29Gi        31Gi
105.74% 10.29GiB / 119.6GiB
---
2026-05-16T21:06:30-04:00
               total        used        free      shared  buff/cache   available
Mem:           119Gi        88Gi       3.5Gi       1.1Gi        29Gi        31Gi
107.14% 10.29GiB / 119.6GiB
---
2026-05-16T21:06:46-04:00
               total        used        free      shared  buff/cache   available
Mem:           119Gi        88Gi       3.5Gi       1.1Gi        29Gi        31Gi
105.53% 10.29GiB / 119.6GiB
---
2026-05-16T21:07:02-04:00
               total        used        free      shared  buff/cache   available
Mem:           119Gi        88Gi       3.5Gi       1.1Gi        29Gi        31Gi
110.48% 10.29GiB / 119.6GiB
---
2026-05-16T21:07:18-04:00
               total        used        free      shared  buff/cache   available
Mem:           119Gi        88Gi       3.5Gi       1.1Gi        29Gi        31Gi
106.98% 10.29GiB / 119.6GiB
---
2026-05-16T21:07:34-04:00
               total        used        free      shared  buff/cache   available
Mem:           119Gi        88Gi       3.5Gi       1.1Gi        29Gi        31Gi
102.47% 10.29GiB / 119.6GiB
---
2026-05-16T21:07:50-04:00
               total        used        free      shared  buff/cache   available
Mem:           119Gi        88Gi       3.5Gi       1.1Gi        29Gi        31Gi
105.77% 10.29GiB / 119.6GiB
---
2026-05-16T21:08:06-04:00
               total        used        free      shared  buff/cache   available
Mem:           119Gi        88Gi       3.5Gi       1.1Gi        29Gi        31Gi
107.56% 10.29GiB / 119.6GiB
---
2026-05-16T21:08:22-04:00
               total        used        free      shared  buff/cache   available
Mem:           119Gi        88Gi       3.5Gi       1.1Gi        29Gi        31Gi
114.96% 10.29GiB / 119.6GiB
---
2026-05-16T21:08:38-04:00
               total        used        free      shared  buff/cache   available
Mem:           119Gi        88Gi       3.5Gi       1.1Gi        29Gi        31Gi
110.91% 10.29GiB / 119.6GiB
---
2026-05-16T21:08:54-04:00
               total        used        free      shared  buff/cache   available
Mem:           119Gi        88Gi       3.5Gi       1.1Gi        29Gi        31Gi
107.55% 10.29GiB / 119.6GiB
---
2026-05-16T21:09:10-04:00
               total        used        free      shared  buff/cache   available
Mem:           119Gi        88Gi       3.5Gi       1.1Gi        29Gi        31Gi
107.18% 10.29GiB / 119.6GiB
---
2026-05-16T21:09:26-04:00
               total        used        free      shared  buff/cache   available
Mem:           119Gi        88Gi       3.5Gi       1.1Gi        29Gi        31Gi
110.82% 10.29GiB / 119.6GiB
---
2026-05-16T21:09:42-04:00
               total        used        free      shared  buff/cache   available
Mem:           119Gi        88Gi       3.5Gi       1.1Gi        29Gi        31Gi
110.72% 10.29GiB / 119.6GiB
---
2026-05-16T21:09:58-04:00
               total        used        free      shared  buff/cache   available
Mem:           119Gi        88Gi       3.5Gi       1.1Gi        29Gi        31Gi
107.56% 10.29GiB / 119.6GiB
---
2026-05-16T21:10:14-04:00
               total        used        free      shared  buff/cache   available
Mem:           119Gi        88Gi       3.5Gi       1.1Gi        29Gi        31Gi
106.10% 10.3GiB / 119.6GiB
---
2026-05-16T21:10:30-04:00
               total        used        free      shared  buff/cache   available
Mem:           119Gi        88Gi       3.5Gi       1.1Gi        29Gi        31Gi
111.23% 10.29GiB / 119.6GiB
---
2026-05-16T21:10:46-04:00
               total        used        free      shared  buff/cache   available
Mem:           119Gi        88Gi       3.5Gi       1.1Gi        29Gi        31Gi
115.15% 10.3GiB / 119.6GiB
---
2026-05-16T21:11:02-04:00
               total        used        free      shared  buff/cache   available
Mem:           119Gi        88Gi       3.5Gi       1.1Gi        29Gi        31Gi
106.82% 10.3GiB / 119.6GiB
---
2026-05-16T21:11:18-04:00
               total        used        free      shared  buff/cache   available
Mem:           119Gi        88Gi       3.5Gi       1.1Gi        29Gi        31Gi
111.10% 10.3GiB / 119.6GiB
---
2026-05-16T21:11:34-04:00
               total        used        free      shared  buff/cache   available
Mem:           119Gi        88Gi       3.5Gi       1.1Gi        29Gi        31Gi
112.54% 10.3GiB / 119.6GiB
---
2026-05-16T21:11:50-04:00
               total        used        free      shared  buff/cache   available
Mem:           119Gi        88Gi       3.5Gi       1.1Gi        29Gi        31Gi
108.96% 10.3GiB / 119.6GiB
---
2026-05-16T21:12:07-04:00
               total        used        free      shared  buff/cache   available
Mem:           119Gi        88Gi       3.5Gi       1.1Gi        29Gi        31Gi
105.60% 10.3GiB / 119.6GiB
---
2026-05-16T21:12:23-04:00
               total        used        free      shared  buff/cache   available
Mem:           119Gi        88Gi       3.5Gi       1.1Gi        29Gi        31Gi
107.11% 10.3GiB / 119.6GiB
---
2026-05-16T21:12:39-04:00
               total        used        free      shared  buff/cache   available
Mem:           119Gi        88Gi       3.5Gi       1.1Gi        29Gi        31Gi
107.20% 10.3GiB / 119.6GiB
---
2026-05-16T21:12:55-04:00
               total        used        free      shared  buff/cache   available
Mem:           119Gi        88Gi       3.5Gi       1.1Gi        29Gi        31Gi
105.42% 10.3GiB / 119.6GiB
---
2026-05-16T21:13:11-04:00
               total        used        free      shared  buff/cache   available
Mem:           119Gi        88Gi       3.5Gi       1.1Gi        29Gi        31Gi
105.49% 10.3GiB / 119.6GiB
---
2026-05-16T21:13:27-04:00
               total        used        free      shared  buff/cache   available
Mem:           119Gi        88Gi       3.5Gi       1.1Gi        29Gi        31Gi
107.69% 10.3GiB / 119.6GiB
---
2026-05-16T21:13:43-04:00
               total        used        free      shared  buff/cache   available
Mem:           119Gi        88Gi       3.5Gi       1.1Gi        29Gi        31Gi
105.63% 10.3GiB / 119.6GiB
---
2026-05-16T21:13:59-04:00
               total        used        free      shared  buff/cache   available
Mem:           119Gi        88Gi       3.5Gi       1.1Gi        29Gi        31Gi
105.63% 10.3GiB / 119.6GiB
---
2026-05-16T21:14:15-04:00
               total        used        free      shared  buff/cache   available
Mem:           119Gi        88Gi       3.5Gi       1.1Gi        29Gi        31Gi
115.09% 10.3GiB / 119.6GiB
---
2026-05-16T21:14:31-04:00
               total        used        free      shared  buff/cache   available
Mem:           119Gi        88Gi       3.5Gi       1.1Gi        29Gi        31Gi
106.68% 10.3GiB / 119.6GiB
---
2026-05-16T21:14:47-04:00
               total        used        free      shared  buff/cache   available
Mem:           119Gi        88Gi       3.5Gi       1.1Gi        29Gi        31Gi
105.21% 10.3GiB / 119.6GiB
---
2026-05-16T21:15:03-04:00
               total        used        free      shared  buff/cache   available
Mem:           119Gi        88Gi       3.5Gi       1.1Gi        29Gi        31Gi
107.39% 10.3GiB / 119.6GiB
---
2026-05-16T21:15:19-04:00
               total        used        free      shared  buff/cache   available
Mem:           119Gi        88Gi       3.5Gi       1.1Gi        29Gi        31Gi
106.50% 10.3GiB / 119.6GiB
---
2026-05-16T21:15:35-04:00
               total        used        free      shared  buff/cache   available
Mem:           119Gi        88Gi       3.5Gi       1.1Gi        29Gi        31Gi
105.49% 10.3GiB / 119.6GiB
---
2026-05-16T21:15:51-04:00
               total        used        free      shared  buff/cache   available
Mem:           119Gi        88Gi       3.5Gi       1.1Gi        29Gi        31Gi
105.76% 10.3GiB / 119.6GiB
---
2026-05-16T21:16:07-04:00
               total        used        free      shared  buff/cache   available
Mem:           119Gi        88Gi       3.5Gi       1.1Gi        29Gi        31Gi
106.31% 10.3GiB / 119.6GiB
---
2026-05-16T21:16:23-04:00
               total        used        free      shared  buff/cache   available
Mem:           119Gi        88Gi       3.5Gi       1.1Gi        29Gi        31Gi
105.96% 10.3GiB / 119.6GiB
---
2026-05-16T21:16:39-04:00
               total        used        free      shared  buff/cache   available
Mem:           119Gi        88Gi       3.5Gi       1.1Gi        29Gi        31Gi
106.63% 10.3GiB / 119.6GiB
---
2026-05-16T21:16:55-04:00
               total        used        free      shared  buff/cache   available
Mem:           119Gi        88Gi       3.5Gi       1.1Gi        29Gi        31Gi
107.42% 10.3GiB / 119.6GiB
---
2026-05-16T21:17:11-04:00
               total        used        free      shared  buff/cache   available
Mem:           119Gi        88Gi       3.5Gi       1.1Gi        29Gi        31Gi
112.85% 10.31GiB / 119.6GiB
---
2026-05-16T21:17:27-04:00
               total        used        free      shared  buff/cache   available
Mem:           119Gi        88Gi       3.5Gi       1.1Gi        29Gi        31Gi
113.69% 10.31GiB / 119.6GiB
---
2026-05-16T21:17:43-04:00
               total        used        free      shared  buff/cache   available
Mem:           119Gi        88Gi       3.5Gi       1.1Gi        29Gi        31Gi
106.99% 10.31GiB / 119.6GiB
---
2026-05-16T21:17:59-04:00
               total        used        free      shared  buff/cache   available
Mem:           119Gi        88Gi       3.5Gi       1.1Gi        29Gi        31Gi
105.90% 10.31GiB / 119.6GiB
---
2026-05-16T21:18:15-04:00
               total        used        free      shared  buff/cache   available
Mem:           119Gi        88Gi       3.5Gi       1.1Gi        29Gi        31Gi
105.56% 10.31GiB / 119.6GiB
---
2026-05-16T21:18:31-04:00
               total        used        free      shared  buff/cache   available
Mem:           119Gi        88Gi       3.5Gi       1.1Gi        29Gi        31Gi
106.41% 10.31GiB / 119.6GiB
---
2026-05-16T21:18:47-04:00
               total        used        free      shared  buff/cache   available
Mem:           119Gi        88Gi       3.5Gi       1.1Gi        29Gi        31Gi
105.28% 10.31GiB / 119.6GiB
---
2026-05-16T21:19:03-04:00
               total        used        free      shared  buff/cache   available
Mem:           119Gi        88Gi       3.5Gi       1.1Gi        29Gi        31Gi
105.64% 10.31GiB / 119.6GiB
---
2026-05-16T21:19:19-04:00
               total        used        free      shared  buff/cache   available
Mem:           119Gi        88Gi       3.5Gi       1.1Gi        29Gi        31Gi
107.52% 10.31GiB / 119.6GiB
---
2026-05-16T21:19:35-04:00
               total        used        free      shared  buff/cache   available
Mem:           119Gi        88Gi       3.5Gi       1.1Gi        29Gi        31Gi
107.49% 10.31GiB / 119.6GiB
---
2026-05-16T21:19:51-04:00
               total        used        free      shared  buff/cache   available
Mem:           119Gi        88Gi       3.5Gi       1.1Gi        29Gi        31Gi
111.54% 10.31GiB / 119.6GiB
---
2026-05-16T21:20:07-04:00
               total        used        free      shared  buff/cache   available
Mem:           119Gi        88Gi       3.5Gi       1.1Gi        29Gi        31Gi
107.87% 10.31GiB / 119.6GiB
---
2026-05-16T21:20:23-04:00
               total        used        free      shared  buff/cache   available
Mem:           119Gi        88Gi       3.5Gi       1.1Gi        29Gi        31Gi
107.86% 10.31GiB / 119.6GiB
---
2026-05-16T21:20:39-04:00
               total        used        free      shared  buff/cache   available
Mem:           119Gi        88Gi       3.5Gi       1.1Gi        29Gi        31Gi
106.07% 10.31GiB / 119.6GiB
---
2026-05-16T21:20:55-04:00
               total        used        free      shared  buff/cache   available
Mem:           119Gi        88Gi       3.5Gi       1.1Gi        29Gi        31Gi
104.95% 10.31GiB / 119.6GiB
---
2026-05-16T21:21:11-04:00
               total        used        free      shared  buff/cache   available
Mem:           119Gi        88Gi       3.5Gi       1.1Gi        29Gi        31Gi
107.29% 10.31GiB / 119.6GiB
---
2026-05-16T21:21:27-04:00
               total        used        free      shared  buff/cache   available
Mem:           119Gi        88Gi       3.5Gi       1.1Gi        29Gi        31Gi
105.91% 10.31GiB / 119.6GiB
---
2026-05-16T21:21:43-04:00
               total        used        free      shared  buff/cache   available
Mem:           119Gi        88Gi       3.5Gi       1.1Gi        29Gi        31Gi
106.09% 10.31GiB / 119.6GiB
---
2026-05-16T21:21:59-04:00
               total        used        free      shared  buff/cache   available
Mem:           119Gi        88Gi       3.5Gi       1.1Gi        29Gi        31Gi
107.29% 10.31GiB / 119.6GiB
---
2026-05-16T21:22:15-04:00
               total        used        free      shared  buff/cache   available
Mem:           119Gi        88Gi       3.5Gi       1.1Gi        29Gi        31Gi
106.10% 10.31GiB / 119.6GiB
---
2026-05-16T21:22:31-04:00
               total        used        free      shared  buff/cache   available
Mem:           119Gi        88Gi       3.5Gi       1.1Gi        29Gi        31Gi
105.69% 10.31GiB / 119.6GiB
---
2026-05-16T21:22:47-04:00
               total        used        free      shared  buff/cache   available
Mem:           119Gi        88Gi       3.5Gi       1.1Gi        29Gi        31Gi
107.55% 10.31GiB / 119.6GiB
---
2026-05-16T21:23:03-04:00
               total        used        free      shared  buff/cache   available
Mem:           119Gi        88Gi       3.5Gi       1.1Gi        29Gi        31Gi
105.70% 10.31GiB / 119.6GiB
---
2026-05-16T21:23:19-04:00
               total        used        free      shared  buff/cache   available
Mem:           119Gi        88Gi       3.5Gi       1.1Gi        29Gi        31Gi
106.01% 10.32GiB / 119.6GiB
---
2026-05-16T21:23:35-04:00
               total        used        free      shared  buff/cache   available
Mem:           119Gi        88Gi       3.5Gi       1.1Gi        29Gi        31Gi
105.53% 10.32GiB / 119.6GiB
---
2026-05-16T21:23:51-04:00
               total        used        free      shared  buff/cache   available
Mem:           119Gi        88Gi       3.5Gi       1.1Gi        29Gi        31Gi
105.68% 10.32GiB / 119.6GiB
---
2026-05-16T21:24:08-04:00
               total        used        free      shared  buff/cache   available
Mem:           119Gi        88Gi       3.5Gi       1.1Gi        29Gi        31Gi
105.87% 10.32GiB / 119.6GiB
---
2026-05-16T21:24:24-04:00
               total        used        free      shared  buff/cache   available
Mem:           119Gi        88Gi       3.5Gi       1.1Gi        29Gi        31Gi
105.66% 10.32GiB / 119.6GiB
---
2026-05-16T21:24:40-04:00
               total        used        free      shared  buff/cache   available
Mem:           119Gi        88Gi       3.5Gi       1.1Gi        29Gi        31Gi
105.95% 10.32GiB / 119.6GiB
---
2026-05-16T21:24:56-04:00
               total        used        free      shared  buff/cache   available
Mem:           119Gi        88Gi       3.5Gi       1.1Gi        29Gi        31Gi
107.64% 10.32GiB / 119.6GiB
---
2026-05-16T21:25:12-04:00
               total        used        free      shared  buff/cache   available
Mem:           119Gi        88Gi       3.5Gi       1.1Gi        29Gi        31Gi
107.51% 10.32GiB / 119.6GiB
---
2026-05-16T21:25:28-04:00
               total        used        free      shared  buff/cache   available
Mem:           119Gi        88Gi       3.5Gi       1.1Gi        29Gi        31Gi
106.05% 10.32GiB / 119.6GiB
---
2026-05-16T21:25:44-04:00
               total        used        free      shared  buff/cache   available
Mem:           119Gi        88Gi       3.5Gi       1.1Gi        29Gi        31Gi
107.73% 10.32GiB / 119.6GiB
---
2026-05-16T21:26:00-04:00
               total        used        free      shared  buff/cache   available
Mem:           119Gi        88Gi       3.5Gi       1.1Gi        29Gi        31Gi
115.33% 10.32GiB / 119.6GiB
---
2026-05-16T21:26:16-04:00
               total        used        free      shared  buff/cache   available
Mem:           119Gi        88Gi       3.5Gi       1.1Gi        29Gi        31Gi
106.44% 10.32GiB / 119.6GiB
---
2026-05-16T21:26:32-04:00
               total        used        free      shared  buff/cache   available
Mem:           119Gi        88Gi       3.5Gi       1.1Gi        29Gi        31Gi
107.10% 10.32GiB / 119.6GiB
---
2026-05-16T21:26:48-04:00
               total        used        free      shared  buff/cache   available
Mem:           119Gi        88Gi       3.5Gi       1.1Gi        29Gi        31Gi
106.63% 10.32GiB / 119.6GiB
---
2026-05-16T21:27:04-04:00
               total        used        free      shared  buff/cache   available
Mem:           119Gi        88Gi       3.5Gi       1.1Gi        29Gi        31Gi
114.14% 10.32GiB / 119.6GiB
---
2026-05-16T21:27:20-04:00
               total        used        free      shared  buff/cache   available
Mem:           119Gi        88Gi       3.5Gi       1.1Gi        29Gi        31Gi
115.04% 10.32GiB / 119.6GiB
---
2026-05-16T21:27:36-04:00
               total        used        free      shared  buff/cache   available
Mem:           119Gi        88Gi       3.5Gi       1.1Gi        29Gi        31Gi
110.83% 10.32GiB / 119.6GiB
---
2026-05-16T21:27:52-04:00
               total        used        free      shared  buff/cache   available
Mem:           119Gi        88Gi       3.5Gi       1.1Gi        29Gi        31Gi
106.96% 10.32GiB / 119.6GiB
---
2026-05-16T21:28:08-04:00
               total        used        free      shared  buff/cache   available
Mem:           119Gi        88Gi       3.5Gi       1.1Gi        29Gi        31Gi
107.45% 10.32GiB / 119.6GiB
---
2026-05-16T21:28:24-04:00
               total        used        free      shared  buff/cache   available
Mem:           119Gi        88Gi       3.5Gi       1.1Gi        29Gi        31Gi
106.36% 10.32GiB / 119.6GiB
---
2026-05-16T21:28:40-04:00
               total        used        free      shared  buff/cache   available
Mem:           119Gi        88Gi       3.5Gi       1.1Gi        29Gi        31Gi
102.19% 10.32GiB / 119.6GiB
---
2026-05-16T21:28:56-04:00
               total        used        free      shared  buff/cache   available
Mem:           119Gi        88Gi       3.5Gi       1.1Gi        29Gi        31Gi
105.65% 10.32GiB / 119.6GiB
---
2026-05-16T21:29:12-04:00
               total        used        free      shared  buff/cache   available
Mem:           119Gi        88Gi       3.5Gi       1.1Gi        29Gi        31Gi
107.18% 10.32GiB / 119.6GiB
---
2026-05-16T21:29:28-04:00
               total        used        free      shared  buff/cache   available
Mem:           119Gi        88Gi       3.5Gi       1.1Gi        29Gi        31Gi
107.38% 10.32GiB / 119.6GiB
---
2026-05-16T21:29:44-04:00
               total        used        free      shared  buff/cache   available
Mem:           119Gi        88Gi       3.5Gi       1.1Gi        29Gi        31Gi
107.83% 10.33GiB / 119.6GiB
---
2026-05-16T21:30:00-04:00
               total        used        free      shared  buff/cache   available
Mem:           119Gi        88Gi       3.5Gi       1.1Gi        29Gi        31Gi
105.79% 10.33GiB / 119.6GiB
---
2026-05-16T21:30:16-04:00
               total        used        free      shared  buff/cache   available
Mem:           119Gi        88Gi       3.5Gi       1.1Gi        29Gi        31Gi
106.24% 10.33GiB / 119.6GiB
---
2026-05-16T21:30:32-04:00
               total        used        free      shared  buff/cache   available
Mem:           119Gi        88Gi       3.5Gi       1.1Gi        29Gi        31Gi
107.90% 10.33GiB / 119.6GiB
---
2026-05-16T21:30:48-04:00
               total        used        free      shared  buff/cache   available
Mem:           119Gi        88Gi       3.5Gi       1.1Gi        29Gi        31Gi
105.11% 10.33GiB / 119.6GiB
---
2026-05-16T21:31:04-04:00
               total        used        free      shared  buff/cache   available
Mem:           119Gi        88Gi       3.5Gi       1.1Gi        29Gi        31Gi
107.56% 10.33GiB / 119.6GiB
---
2026-05-16T21:31:20-04:00
               total        used        free      shared  buff/cache   available
Mem:           119Gi        88Gi       3.5Gi       1.1Gi        29Gi        31Gi
105.98% 10.33GiB / 119.6GiB
---
2026-05-16T21:31:36-04:00
               total        used        free      shared  buff/cache   available
Mem:           119Gi        88Gi       3.5Gi       1.1Gi        29Gi        31Gi
105.91% 10.33GiB / 119.6GiB
---
2026-05-16T21:31:52-04:00
               total        used        free      shared  buff/cache   available
Mem:           119Gi        88Gi       3.5Gi       1.1Gi        29Gi        31Gi
107.69% 10.33GiB / 119.6GiB
---
2026-05-16T21:32:08-04:00
               total        used        free      shared  buff/cache   available
Mem:           119Gi        88Gi       3.5Gi       1.1Gi        29Gi        31Gi
105.79% 10.33GiB / 119.6GiB
---
2026-05-16T21:32:24-04:00
               total        used        free      shared  buff/cache   available
Mem:           119Gi        88Gi       3.5Gi       1.1Gi        29Gi        31Gi
105.97% 10.33GiB / 119.6GiB
---
2026-05-16T21:32:40-04:00
               total        used        free      shared  buff/cache   available
Mem:           119Gi        88Gi       3.5Gi       1.1Gi        29Gi        31Gi
107.48% 10.33GiB / 119.6GiB
---
2026-05-16T21:32:56-04:00
               total        used        free      shared  buff/cache   available
Mem:           119Gi        88Gi       3.5Gi       1.1Gi        29Gi        30Gi
107.80% 10.33GiB / 119.6GiB
---
2026-05-16T21:33:12-04:00
               total        used        free      shared  buff/cache   available
Mem:           119Gi        88Gi       3.5Gi       1.1Gi        29Gi        30Gi
105.77% 10.33GiB / 119.6GiB
---
2026-05-16T21:33:28-04:00
               total        used        free      shared  buff/cache   available
Mem:           119Gi        88Gi       3.5Gi       1.1Gi        29Gi        30Gi
107.52% 10.33GiB / 119.6GiB
---
2026-05-16T21:33:44-04:00
               total        used        free      shared  buff/cache   available
Mem:           119Gi        88Gi       3.5Gi       1.1Gi        29Gi        30Gi
107.61% 10.33GiB / 119.6GiB
---
2026-05-16T21:34:00-04:00
               total        used        free      shared  buff/cache   available
Mem:           119Gi        88Gi       3.5Gi       1.1Gi        29Gi        30Gi
111.08% 10.33GiB / 119.6GiB
---
2026-05-16T21:34:16-04:00
               total        used        free      shared  buff/cache   available
Mem:           119Gi        88Gi       3.5Gi       1.1Gi        29Gi        30Gi
108.62% 10.33GiB / 119.6GiB
---
2026-05-16T21:34:32-04:00
               total        used        free      shared  buff/cache   available
Mem:           119Gi        88Gi       3.5Gi       1.1Gi        29Gi        30Gi
107.61% 10.33GiB / 119.6GiB
---
2026-05-16T21:34:48-04:00
               total        used        free      shared  buff/cache   available
Mem:           119Gi        88Gi       3.5Gi       1.1Gi        29Gi        30Gi
105.68% 10.33GiB / 119.6GiB
---
2026-05-16T21:35:04-04:00
               total        used        free      shared  buff/cache   available
Mem:           119Gi        88Gi       3.5Gi       1.1Gi        29Gi        30Gi
105.88% 10.33GiB / 119.6GiB
---
2026-05-16T21:35:20-04:00
               total        used        free      shared  buff/cache   available
Mem:           119Gi        88Gi       3.5Gi       1.1Gi        29Gi        30Gi
107.46% 10.33GiB / 119.6GiB
---
2026-05-16T21:35:36-04:00
               total        used        free      shared  buff/cache   available
Mem:           119Gi        88Gi       3.5Gi       1.1Gi        29Gi        30Gi
105.82% 10.33GiB / 119.6GiB
---
2026-05-16T21:35:53-04:00
               total        used        free      shared  buff/cache   available
Mem:           119Gi        88Gi       3.5Gi       1.1Gi        29Gi        30Gi
106.09% 10.33GiB / 119.6GiB
---
2026-05-16T21:36:09-04:00
               total        used        free      shared  buff/cache   available
Mem:           119Gi        88Gi       3.5Gi       1.1Gi        29Gi        30Gi
107.84% 10.33GiB / 119.6GiB
---
2026-05-16T21:36:25-04:00
               total        used        free      shared  buff/cache   available
Mem:           119Gi        88Gi       3.5Gi       1.1Gi        29Gi        30Gi
102.95% 10.34GiB / 119.6GiB
---
2026-05-16T21:36:41-04:00
               total        used        free      shared  buff/cache   available
Mem:           119Gi        88Gi       3.5Gi       1.1Gi        29Gi        31Gi
106.01% 10.34GiB / 119.6GiB
---
2026-05-16T21:36:57-04:00
               total        used        free      shared  buff/cache   available
Mem:           119Gi        88Gi       3.5Gi       1.1Gi        29Gi        31Gi
107.50% 10.34GiB / 119.6GiB
---
2026-05-16T21:37:13-04:00
               total        used        free      shared  buff/cache   available
Mem:           119Gi        88Gi       3.5Gi       1.1Gi        29Gi        31Gi
114.71% 10.34GiB / 119.6GiB
---
2026-05-16T21:37:29-04:00
               total        used        free      shared  buff/cache   available
Mem:           119Gi        88Gi       3.5Gi       1.1Gi        29Gi        31Gi
111.12% 10.34GiB / 119.6GiB
---
2026-05-16T21:37:45-04:00
               total        used        free      shared  buff/cache   available
Mem:           119Gi        88Gi       3.5Gi       1.1Gi        29Gi        30Gi
107.29% 10.34GiB / 119.6GiB
---
2026-05-16T21:38:01-04:00
               total        used        free      shared  buff/cache   available
Mem:           119Gi        88Gi       3.5Gi       1.1Gi        29Gi        31Gi
107.38% 10.34GiB / 119.6GiB
---
2026-05-16T21:38:17-04:00
               total        used        free      shared  buff/cache   available
Mem:           119Gi        88Gi       3.5Gi       1.1Gi        29Gi        30Gi
105.68% 10.34GiB / 119.6GiB
---
2026-05-16T21:38:33-04:00
               total        used        free      shared  buff/cache   available
Mem:           119Gi        88Gi       3.5Gi       1.1Gi        29Gi        30Gi
105.52% 10.34GiB / 119.6GiB
---
2026-05-16T21:38:49-04:00
               total        used        free      shared  buff/cache   available
Mem:           119Gi        88Gi       3.5Gi       1.1Gi        29Gi        30Gi
105.42% 10.34GiB / 119.6GiB
---
2026-05-16T21:39:05-04:00
               total        used        free      shared  buff/cache   available
Mem:           119Gi        88Gi       3.5Gi       1.1Gi        29Gi        30Gi
107.23% 10.34GiB / 119.6GiB
---
2026-05-16T21:39:21-04:00
               total        used        free      shared  buff/cache   available
Mem:           119Gi        88Gi       3.5Gi       1.1Gi        29Gi        30Gi
107.41% 10.34GiB / 119.6GiB
---
2026-05-16T21:39:37-04:00
               total        used        free      shared  buff/cache   available
Mem:           119Gi        88Gi       3.5Gi       1.1Gi        29Gi        30Gi
105.15% 10.34GiB / 119.6GiB
---
2026-05-16T21:39:53-04:00
               total        used        free      shared  buff/cache   available
Mem:           119Gi        88Gi       3.5Gi       1.1Gi        29Gi        30Gi
106.47% 10.34GiB / 119.6GiB
---
2026-05-16T21:40:09-04:00
               total        used        free      shared  buff/cache   available
Mem:           119Gi        88Gi       3.5Gi       1.1Gi        29Gi        30Gi
105.06% 10.34GiB / 119.6GiB
---
2026-05-16T21:40:25-04:00
               total        used        free      shared  buff/cache   available
Mem:           119Gi        88Gi       3.5Gi       1.1Gi        29Gi        30Gi
107.50% 10.34GiB / 119.6GiB
---
2026-05-16T21:40:41-04:00
               total        used        free      shared  buff/cache   available
Mem:           119Gi        88Gi       3.5Gi       1.1Gi        29Gi        30Gi
114.98% 10.34GiB / 119.6GiB
---
2026-05-16T21:40:57-04:00
               total        used        free      shared  buff/cache   available
Mem:           119Gi        88Gi       3.5Gi       1.1Gi        29Gi        30Gi
112.45% 10.34GiB / 119.6GiB
---
2026-05-16T21:41:13-04:00
               total        used        free      shared  buff/cache   available
Mem:           119Gi        88Gi       3.5Gi       1.1Gi        29Gi        30Gi
105.96% 10.34GiB / 119.6GiB
---
2026-05-16T21:41:29-04:00
               total        used        free      shared  buff/cache   available
Mem:           119Gi        88Gi       3.5Gi       1.1Gi        29Gi        30Gi
105.96% 10.34GiB / 119.6GiB
---
2026-05-16T21:41:45-04:00
               total        used        free      shared  buff/cache   available
Mem:           119Gi        88Gi       3.5Gi       1.1Gi        29Gi        31Gi
107.52% 10.34GiB / 119.6GiB
---
2026-05-16T21:42:01-04:00
               total        used        free      shared  buff/cache   available
Mem:           119Gi        88Gi       3.5Gi       1.1Gi        29Gi        30Gi
105.61% 10.34GiB / 119.6GiB
---
2026-05-16T21:42:17-04:00
               total        used        free      shared  buff/cache   available
Mem:           119Gi        88Gi       3.5Gi       1.1Gi        29Gi        30Gi
110.71% 10.34GiB / 119.6GiB
---
2026-05-16T21:42:33-04:00
               total        used        free      shared  buff/cache   available
Mem:           119Gi        88Gi       3.5Gi       1.1Gi        29Gi        30Gi
105.74% 10.34GiB / 119.6GiB
---
2026-05-16T21:42:49-04:00
               total        used        free      shared  buff/cache   available
Mem:           119Gi        88Gi       3.5Gi       1.1Gi        29Gi        30Gi
110.99% 10.34GiB / 119.6GiB
---
2026-05-16T21:43:05-04:00
               total        used        free      shared  buff/cache   available
Mem:           119Gi        88Gi       3.5Gi       1.1Gi        29Gi        30Gi
106.81% 10.34GiB / 119.6GiB
---
2026-05-16T21:43:21-04:00
               total        used        free      shared  buff/cache   available
Mem:           119Gi        88Gi       3.5Gi       1.1Gi        29Gi        31Gi
3.14% 10.34GiB / 119.6GiB
---
2026-05-16T21:43:37-04:00
               total        used        free      shared  buff/cache   available
Mem:           119Gi        88Gi       3.5Gi       1.1Gi        29Gi        31Gi
2.93% 10.34GiB / 119.6GiB
---
2026-05-16T21:43:53-04:00
               total        used        free      shared  buff/cache   available
Mem:           119Gi        88Gi       3.5Gi       1.1Gi        29Gi        31Gi
2.67% 10.34GiB / 119.6GiB
---
2026-05-16T21:44:09-04:00
               total        used        free      shared  buff/cache   available
Mem:           119Gi        88Gi       3.5Gi       1.1Gi        29Gi        31Gi
2.82% 10.34GiB / 119.6GiB
---
2026-05-16T21:44:25-04:00
               total        used        free      shared  buff/cache   available
Mem:           119Gi        88Gi       3.5Gi       1.1Gi        29Gi        31Gi
2.63% 10.34GiB / 119.6GiB
---
2026-05-16T21:44:41-04:00
               total        used        free      shared  buff/cache   available
Mem:           119Gi        88Gi       3.5Gi       1.1Gi        29Gi        31Gi
2.72% 10.34GiB / 119.6GiB
---
2026-05-16T21:44:57-04:00
               total        used        free      shared  buff/cache   available
Mem:           119Gi        88Gi       3.5Gi       1.1Gi        29Gi        31Gi
2.66% 10.34GiB / 119.6GiB
---
2026-05-16T21:45:13-04:00
               total        used        free      shared  buff/cache   available
Mem:           119Gi        88Gi       3.5Gi       1.1Gi        29Gi        31Gi
2.75% 10.34GiB / 119.6GiB
---
