[22:28:27]
               total        used        free      shared  buff/cache   available
Mem:           119Gi       8.8Gi        92Gi       158Mi        19Gi       110Gi
Swap:           15Gi          0B        15Gi
---
[22:28:57]
               total        used        free      shared  buff/cache   available
Mem:           119Gi        40Gi        51Gi       1.2Gi        30Gi        78Gi
Swap:           15Gi          0B        15Gi
docker: nvllm mem=12.25GiB / 119.6GiB cpu=101.62%
---
[22:29:28]
               total        used        free      shared  buff/cache   available
Mem:           119Gi        43Gi        48Gi       2.2Gi        31Gi        76Gi
Swap:           15Gi          0B        15Gi
docker: nvllm mem=13.29GiB / 119.6GiB cpu=102.51%
---
[22:29:59]
               total        used        free      shared  buff/cache   available
Mem:           119Gi        43Gi        48Gi       2.2Gi        31Gi        76Gi
Swap:           15Gi          0B        15Gi
docker: nvllm mem=13.33GiB / 119.6GiB cpu=103.28%
---
[22:30:30]
               total        used        free      shared  buff/cache   available
Mem:           119Gi        43Gi        48Gi       2.2Gi        31Gi        75Gi
Swap:           15Gi          0B        15Gi
docker: nvllm mem=13.36GiB / 119.6GiB cpu=102.53%
---
[22:31:01]
               total        used        free      shared  buff/cache   available
Mem:           119Gi        44Gi        46Gi       2.2Gi        31Gi        75Gi
Swap:           15Gi          0B        15Gi
docker: nvllm mem=13.68GiB / 119.6GiB cpu=102.05%
---
[22:31:32]
               total        used        free      shared  buff/cache   available
Mem:           119Gi        53Gi        38Gi       2.2Gi        31Gi        66Gi
Swap:           15Gi          0B        15Gi
docker: nvllm mem=13.78GiB / 119.6GiB cpu=102.44%
---
[22:32:04]
               total        used        free      shared  buff/cache   available
Mem:           119Gi        55Gi        35Gi       2.2Gi        31Gi        63Gi
Swap:           15Gi          0B        15Gi
docker: nvllm mem=13.78GiB / 119.6GiB cpu=102.84%
---
[22:32:35]
               total        used        free      shared  buff/cache   available
Mem:           119Gi        40Gi        50Gi       1.2Gi        30Gi        78Gi
Swap:           15Gi          0B        15Gi
docker: nvllm mem=13.24GiB / 119.6GiB cpu=101.95%
---
[22:33:06]
               total        used        free      shared  buff/cache   available
Mem:           119Gi       100Gi       1.5Gi       1.2Gi        20Gi        19Gi
Swap:           15Gi          0B        15Gi
docker: nvllm mem=13.24GiB / 119.6GiB cpu=102.93%
---
[22:33:37]
               total        used        free      shared  buff/cache   available
Mem:           119Gi        85Gi        16Gi       1.2Gi        20Gi        34Gi
Swap:           15Gi          0B        15Gi
docker: nvllm mem=14.35GiB / 119.6GiB cpu=102.15%
---
[22:34:08]
               total        used        free      shared  buff/cache   available
Mem:           119Gi        88Gi        13Gi       1.2Gi        20Gi        31Gi
Swap:           15Gi          0B        15Gi
docker: nvllm mem=14.62GiB / 119.6GiB cpu=103.40%
---
[22:34:39]
               total        used        free      shared  buff/cache   available
Mem:           119Gi        88Gi        13Gi       1.2Gi        20Gi        31Gi
Swap:           15Gi          0B        15Gi
docker: nvllm mem=14.62GiB / 119.6GiB cpu=102.76%
---
[22:35:10]
               total        used        free      shared  buff/cache   available
Mem:           119Gi        88Gi        13Gi       1.2Gi        20Gi        31Gi
Swap:           15Gi          0B        15Gi
docker: nvllm mem=14.62GiB / 119.6GiB cpu=103.98%
---
[22:35:41]
               total        used        free      shared  buff/cache   available
Mem:           119Gi        88Gi        13Gi       1.2Gi        20Gi        31Gi
Swap:           15Gi          0B        15Gi
docker: nvllm mem=14.62GiB / 119.6GiB cpu=102.38%
---
[22:36:12]
               total        used        free      shared  buff/cache   available
Mem:           119Gi        88Gi        13Gi       1.2Gi        20Gi        31Gi
Swap:           15Gi          0B        15Gi
docker: nvllm mem=14.62GiB / 119.6GiB cpu=102.12%
---
[22:36:43]
               total        used        free      shared  buff/cache   available
Mem:           119Gi        88Gi        13Gi       1.2Gi        20Gi        31Gi
Swap:           15Gi          0B        15Gi
docker: nvllm mem=14.62GiB / 119.6GiB cpu=103.45%
---
[22:37:14]
               total        used        free      shared  buff/cache   available
Mem:           119Gi        88Gi        13Gi       1.2Gi        20Gi        31Gi
Swap:           15Gi          0B        15Gi
docker: nvllm mem=14.62GiB / 119.6GiB cpu=103.65%
---
[22:37:45]
               total        used        free      shared  buff/cache   available
Mem:           119Gi        88Gi        13Gi       1.2Gi        20Gi        31Gi
Swap:           15Gi          0B        15Gi
docker: nvllm mem=14.62GiB / 119.6GiB cpu=105.47%
---
[22:38:16]
               total        used        free      shared  buff/cache   available
Mem:           119Gi        88Gi        13Gi       1.2Gi        20Gi        31Gi
Swap:           15Gi          0B        15Gi
docker: nvllm mem=14.63GiB / 119.6GiB cpu=102.72%
---
[22:38:47]
               total        used        free      shared  buff/cache   available
Mem:           119Gi        88Gi        13Gi       1.2Gi        20Gi        31Gi
Swap:           15Gi          0B        15Gi
docker: nvllm mem=14.63GiB / 119.6GiB cpu=102.44%
---
[22:39:18]
               total        used        free      shared  buff/cache   available
Mem:           119Gi        88Gi        13Gi       1.2Gi        20Gi        31Gi
Swap:           15Gi          0B        15Gi
docker: nvllm mem=14.63GiB / 119.6GiB cpu=102.71%
---
[22:39:49]
               total        used        free      shared  buff/cache   available
Mem:           119Gi        88Gi        13Gi       1.2Gi        20Gi        31Gi
Swap:           15Gi          0B        15Gi
docker: nvllm mem=14.63GiB / 119.6GiB cpu=102.88%
---
[22:40:20]
               total        used        free      shared  buff/cache   available
Mem:           119Gi        88Gi        13Gi       1.2Gi        20Gi        31Gi
Swap:           15Gi          0B        15Gi
docker: nvllm mem=14.64GiB / 119.6GiB cpu=102.15%
---
[22:40:51]
               total        used        free      shared  buff/cache   available
Mem:           119Gi        88Gi        13Gi       1.2Gi        20Gi        31Gi
Swap:           15Gi          0B        15Gi
docker: nvllm mem=14.65GiB / 119.6GiB cpu=102.63%
---
[22:41:22]
               total        used        free      shared  buff/cache   available
Mem:           119Gi        88Gi        13Gi       1.2Gi        20Gi        31Gi
Swap:           15Gi          0B        15Gi
docker: nvllm mem=14.66GiB / 119.6GiB cpu=102.17%
---
[22:41:53]
               total        used        free      shared  buff/cache   available
Mem:           119Gi        90Gi        10Gi       1.2Gi        20Gi        28Gi
Swap:           15Gi          0B        15Gi
docker: nvllm mem=16.92GiB / 119.6GiB cpu=82.12%
---
[22:42:24]
               total        used        free      shared  buff/cache   available
Mem:           119Gi        90Gi        10Gi       1.2Gi        20Gi        28Gi
Swap:           15Gi          0B        15Gi
docker: nvllm mem=16.92GiB / 119.6GiB cpu=2.56%
---
[22:42:55]
               total        used        free      shared  buff/cache   available
Mem:           119Gi        90Gi        10Gi       1.2Gi        20Gi        29Gi
Swap:           15Gi          0B        15Gi
docker: nvllm mem=16.92GiB / 119.6GiB cpu=2.68%
---
[22:43:26]
               total        used        free      shared  buff/cache   available
Mem:           119Gi        90Gi        10Gi       1.2Gi        20Gi        29Gi
Swap:           15Gi          0B        15Gi
docker: nvllm mem=16.92GiB / 119.6GiB cpu=2.76%
---
