2026-05-15T21:37:50-04:00
               total        used        free      shared  buff/cache   available
Mem:           119Gi       6.9Gi        80Gi       5.5Mi        32Gi       112Gi
---
2026-05-15T21:38:20-04:00
               total        used        free      shared  buff/cache   available
Mem:           119Gi        35Gi        31Gi       1.1Gi        55Gi        83Gi
docker: nvllm cpu=67.02% mem=24.84GiB / 119.6GiB
---
2026-05-15T21:38:51-04:00
               total        used        free      shared  buff/cache   available
Mem:           119Gi        40Gi        24Gi       2.1Gi        57Gi        78Gi
docker: nvllm cpu=102.22% mem=26.04GiB / 119.6GiB
---
2026-05-15T21:39:22-04:00
               total        used        free      shared  buff/cache   available
Mem:           119Gi        40Gi        24Gi       2.1Gi        57Gi        79Gi
docker: nvllm cpu=102.35% mem=26.09GiB / 119.6GiB
---
2026-05-15T21:39:53-04:00
               total        used        free      shared  buff/cache   available
Mem:           119Gi        40Gi        24Gi       2.1Gi        57Gi        79Gi
docker: nvllm cpu=101.93% mem=26.11GiB / 119.6GiB
---
2026-05-15T21:40:24-04:00
               total        used        free      shared  buff/cache   available
Mem:           119Gi        41Gi        23Gi       2.1Gi        57Gi        78Gi
docker: nvllm cpu=102.03% mem=26.43GiB / 119.6GiB
---
2026-05-15T21:40:55-04:00
               total        used        free      shared  buff/cache   available
Mem:           119Gi        47Gi        17Gi       2.1Gi        57Gi        72Gi
docker: nvllm cpu=103.12% mem=26.54GiB / 119.6GiB
---
2026-05-15T21:41:26-04:00
               total        used        free      shared  buff/cache   available
Mem:           119Gi        47Gi        17Gi       2.1Gi        57Gi        71Gi
docker: nvllm cpu=102.36% mem=26.54GiB / 119.6GiB
---
2026-05-15T21:41:57-04:00
               total        used        free      shared  buff/cache   available
Mem:           119Gi        37Gi        27Gi       1.1Gi        56Gi        82Gi
docker: nvllm cpu=101.99% mem=26.31GiB / 119.6GiB
---
2026-05-15T21:42:28-04:00
               total        used        free      shared  buff/cache   available
Mem:           119Gi        74Gi        17Gi       1.1Gi        29Gi        45Gi
docker: nvllm cpu=308.42% mem=5.312GiB / 119.6GiB
---
2026-05-15T21:42:59-04:00
               total        used        free      shared  buff/cache   available
Mem:           119Gi        77Gi        16Gi       1.1Gi        28Gi        42Gi
docker: nvllm cpu=102.99% mem=5.508GiB / 119.6GiB
---
2026-05-15T21:43:30-04:00
               total        used        free      shared  buff/cache   available
Mem:           119Gi        77Gi        16Gi       1.1Gi        28Gi        42Gi
docker: nvllm cpu=103.10% mem=5.508GiB / 119.6GiB
---
2026-05-15T21:44:01-04:00
               total        used        free      shared  buff/cache   available
Mem:           119Gi        77Gi        16Gi       1.1Gi        28Gi        42Gi
docker: nvllm cpu=103.01% mem=5.507GiB / 119.6GiB
---
2026-05-15T21:44:32-04:00
               total        used        free      shared  buff/cache   available
Mem:           119Gi        77Gi        16Gi       1.1Gi        28Gi        42Gi
docker: nvllm cpu=102.96% mem=5.508GiB / 119.6GiB
---
2026-05-15T21:45:03-04:00
               total        used        free      shared  buff/cache   available
Mem:           119Gi        77Gi        16Gi       1.1Gi        28Gi        42Gi
docker: nvllm cpu=103.30% mem=5.507GiB / 119.6GiB
---
2026-05-15T21:45:34-04:00
               total        used        free      shared  buff/cache   available
Mem:           119Gi        77Gi        16Gi       1.1Gi        28Gi        42Gi
docker: nvllm cpu=103.78% mem=5.507GiB / 119.6GiB
---
2026-05-15T21:46:05-04:00
               total        used        free      shared  buff/cache   available
Mem:           119Gi        77Gi        16Gi       1.1Gi        28Gi        42Gi
docker: nvllm cpu=104.02% mem=5.507GiB / 119.6GiB
---
2026-05-15T21:46:36-04:00
               total        used        free      shared  buff/cache   available
Mem:           119Gi        77Gi        16Gi       1.1Gi        28Gi        42Gi
docker: nvllm cpu=103.24% mem=5.507GiB / 119.6GiB
---
2026-05-15T21:47:07-04:00
               total        used        free      shared  buff/cache   available
Mem:           119Gi        77Gi        16Gi       1.1Gi        28Gi        42Gi
docker: nvllm cpu=103.47% mem=5.507GiB / 119.6GiB
---
2026-05-15T21:47:38-04:00
               total        used        free      shared  buff/cache   available
Mem:           119Gi        77Gi        16Gi       1.1Gi        28Gi        42Gi
docker: nvllm cpu=103.48% mem=5.507GiB / 119.6GiB
---
2026-05-15T21:48:09-04:00
               total        used        free      shared  buff/cache   available
Mem:           119Gi        77Gi        16Gi       1.1Gi        28Gi        42Gi
docker: nvllm cpu=102.97% mem=5.508GiB / 119.6GiB
---
2026-05-15T21:48:40-04:00
               total        used        free      shared  buff/cache   available
Mem:           119Gi        77Gi        16Gi       1.1Gi        28Gi        42Gi
docker: nvllm cpu=103.15% mem=5.508GiB / 119.6GiB
---
2026-05-15T21:49:11-04:00
               total        used        free      shared  buff/cache   available
Mem:           119Gi        77Gi        16Gi       1.1Gi        28Gi        42Gi
docker: nvllm cpu=103.57% mem=5.507GiB / 119.6GiB
---
2026-05-15T21:49:42-04:00
               total        used        free      shared  buff/cache   available
Mem:           119Gi        77Gi        16Gi       1.1Gi        28Gi        42Gi
docker: nvllm cpu=102.68% mem=5.513GiB / 119.6GiB
---
2026-05-15T21:50:13-04:00
               total        used        free      shared  buff/cache   available
Mem:           119Gi        77Gi        16Gi       1.1Gi        28Gi        42Gi
docker: nvllm cpu=102.76% mem=5.512GiB / 119.6GiB
---
2026-05-15T21:50:44-04:00
               total        used        free      shared  buff/cache   available
Mem:           119Gi        77Gi        16Gi       1.1Gi        28Gi        42Gi
docker: nvllm cpu=102.66% mem=5.513GiB / 119.6GiB
---
2026-05-15T21:51:15-04:00
               total        used        free      shared  buff/cache   available
Mem:           119Gi        77Gi        16Gi       1.1Gi        28Gi        42Gi
docker: nvllm cpu=103.43% mem=5.513GiB / 119.6GiB
---
2026-05-15T21:51:46-04:00
               total        used        free      shared  buff/cache   available
Mem:           119Gi        77Gi        16Gi       1.1Gi        28Gi        42Gi
docker: nvllm cpu=103.11% mem=5.513GiB / 119.6GiB
---
2026-05-15T21:52:17-04:00
               total        used        free      shared  buff/cache   available
Mem:           119Gi        77Gi        16Gi       1.1Gi        28Gi        42Gi
docker: nvllm cpu=103.38% mem=5.513GiB / 119.6GiB
---
2026-05-15T21:52:48-04:00
               total        used        free      shared  buff/cache   available
Mem:           119Gi        77Gi        16Gi       1.1Gi        28Gi        42Gi
docker: nvllm cpu=103.19% mem=5.512GiB / 119.6GiB
---
2026-05-15T21:53:19-04:00
               total        used        free      shared  buff/cache   available
Mem:           119Gi        77Gi        16Gi       1.1Gi        28Gi        42Gi
docker: nvllm cpu=103.50% mem=5.512GiB / 119.6GiB
---
2026-05-15T21:53:51-04:00
               total        used        free      shared  buff/cache   available
Mem:           119Gi        77Gi        16Gi       1.1Gi        28Gi        42Gi
docker: nvllm cpu=103.06% mem=5.513GiB / 119.6GiB
---
2026-05-15T21:54:22-04:00
               total        used        free      shared  buff/cache   available
Mem:           119Gi        77Gi        16Gi       1.1Gi        28Gi        42Gi
docker: nvllm cpu=103.25% mem=5.512GiB / 119.6GiB
---
2026-05-15T21:54:53-04:00
               total        used        free      shared  buff/cache   available
Mem:           119Gi        77Gi        16Gi       1.1Gi        28Gi        42Gi
docker: nvllm cpu=102.90% mem=5.512GiB / 119.6GiB
---
2026-05-15T21:55:24-04:00
               total        used        free      shared  buff/cache   available
Mem:           119Gi        77Gi        16Gi       1.1Gi        28Gi        42Gi
docker: nvllm cpu=102.72% mem=5.512GiB / 119.6GiB
---
2026-05-15T21:55:55-04:00
               total        used        free      shared  buff/cache   available
Mem:           119Gi        77Gi        16Gi       1.1Gi        28Gi        42Gi
docker: nvllm cpu=103.33% mem=5.512GiB / 119.6GiB
---
2026-05-15T21:56:26-04:00
               total        used        free      shared  buff/cache   available
Mem:           119Gi        77Gi        16Gi       1.1Gi        28Gi        42Gi
docker: nvllm cpu=103.74% mem=5.512GiB / 119.6GiB
---
2026-05-15T21:56:57-04:00
               total        used        free      shared  buff/cache   available
Mem:           119Gi        77Gi        16Gi       1.1Gi        28Gi        42Gi
docker: nvllm cpu=102.74% mem=5.512GiB / 119.6GiB
---
2026-05-15T21:57:28-04:00
               total        used        free      shared  buff/cache   available
Mem:           119Gi        77Gi        16Gi       1.1Gi        28Gi        42Gi
docker: nvllm cpu=103.28% mem=5.512GiB / 119.6GiB
---
2026-05-15T21:57:59-04:00
               total        used        free      shared  buff/cache   available
Mem:           119Gi        77Gi        16Gi       1.1Gi        28Gi        42Gi
docker: nvllm cpu=103.84% mem=5.512GiB / 119.6GiB
---
2026-05-15T21:58:30-04:00
               total        used        free      shared  buff/cache   available
Mem:           119Gi        77Gi        16Gi       1.1Gi        28Gi        42Gi
docker: nvllm cpu=103.54% mem=5.512GiB / 119.6GiB
---
2026-05-15T21:59:01-04:00
               total        used        free      shared  buff/cache   available
Mem:           119Gi        77Gi        16Gi       1.1Gi        28Gi        42Gi
docker: nvllm cpu=105.13% mem=5.577GiB / 119.6GiB
---
2026-05-15T21:59:32-04:00
               total        used        free      shared  buff/cache   available
Mem:           119Gi        77Gi        16Gi       1.1Gi        28Gi        42Gi
docker: nvllm cpu=104.41% mem=5.602GiB / 119.6GiB
---
2026-05-15T22:00:03-04:00
               total        used        free      shared  buff/cache   available
Mem:           119Gi        77Gi        16Gi       1.1Gi        28Gi        42Gi
docker: nvllm cpu=104.04% mem=5.624GiB / 119.6GiB
---
2026-05-15T22:00:34-04:00
               total        used        free      shared  buff/cache   available
Mem:           119Gi        77Gi        16Gi       1.1Gi        28Gi        42Gi
docker: nvllm cpu=103.96% mem=5.665GiB / 119.6GiB
---
2026-05-15T22:01:05-04:00
               total        used        free      shared  buff/cache   available
Mem:           119Gi        77Gi        16Gi       1.1Gi        28Gi        42Gi
docker: nvllm cpu=103.80% mem=5.689GiB / 119.6GiB
---
2026-05-15T22:01:36-04:00
               total        used        free      shared  buff/cache   available
Mem:           119Gi        77Gi        16Gi       1.1Gi        28Gi        42Gi
docker: nvllm cpu=104.93% mem=5.713GiB / 119.6GiB
---
2026-05-15T22:02:07-04:00
               total        used        free      shared  buff/cache   available
Mem:           119Gi        77Gi        16Gi       1.1Gi        28Gi        42Gi
docker: nvllm cpu=104.87% mem=5.737GiB / 119.6GiB
---
2026-05-15T22:02:38-04:00
               total        used        free      shared  buff/cache   available
Mem:           119Gi        77Gi        15Gi       1.1Gi        28Gi        42Gi
docker: nvllm cpu=104.17% mem=5.774GiB / 119.6GiB
---
2026-05-15T22:03:09-04:00
               total        used        free      shared  buff/cache   available
Mem:           119Gi        77Gi        15Gi       1.1Gi        28Gi        42Gi
docker: nvllm cpu=104.34% mem=5.798GiB / 119.6GiB
---
2026-05-15T22:03:40-04:00
               total        used        free      shared  buff/cache   available
Mem:           119Gi        77Gi        15Gi       1.1Gi        28Gi        42Gi
docker: nvllm cpu=103.73% mem=5.823GiB / 119.6GiB
---
2026-05-15T22:04:11-04:00
               total        used        free      shared  buff/cache   available
Mem:           119Gi        77Gi        15Gi       1.1Gi        28Gi        42Gi
docker: nvllm cpu=103.76% mem=5.863GiB / 119.6GiB
---
2026-05-15T22:04:42-04:00
               total        used        free      shared  buff/cache   available
Mem:           119Gi        77Gi        15Gi       1.1Gi        28Gi        42Gi
docker: nvllm cpu=103.78% mem=5.887GiB / 119.6GiB
---
2026-05-15T22:05:13-04:00
               total        used        free      shared  buff/cache   available
Mem:           119Gi        77Gi        15Gi       1.1Gi        28Gi        42Gi
docker: nvllm cpu=104.16% mem=5.908GiB / 119.6GiB
---
2026-05-15T22:05:44-04:00
               total        used        free      shared  buff/cache   available
Mem:           119Gi        77Gi        15Gi       1.1Gi        28Gi        41Gi
docker: nvllm cpu=104.31% mem=5.932GiB / 119.6GiB
---
2026-05-15T22:06:15-04:00
               total        used        free      shared  buff/cache   available
Mem:           119Gi        77Gi        15Gi       1.1Gi        28Gi        41Gi
docker: nvllm cpu=103.80% mem=5.973GiB / 119.6GiB
---
2026-05-15T22:06:46-04:00
               total        used        free      shared  buff/cache   available
Mem:           119Gi        77Gi        15Gi       1.1Gi        28Gi        41Gi
docker: nvllm cpu=103.86% mem=5.998GiB / 119.6GiB
---
2026-05-15T22:07:17-04:00
               total        used        free      shared  buff/cache   available
Mem:           119Gi        77Gi        15Gi       1.1Gi        28Gi        41Gi
docker: nvllm cpu=103.44% mem=6.022GiB / 119.6GiB
---
2026-05-15T22:07:48-04:00
               total        used        free      shared  buff/cache   available
Mem:           119Gi        77Gi        15Gi       1.1Gi        28Gi        41Gi
docker: nvllm cpu=103.99% mem=6.063GiB / 119.6GiB
---
2026-05-15T22:08:19-04:00
               total        used        free      shared  buff/cache   available
Mem:           119Gi        77Gi        15Gi       1.1Gi        28Gi        41Gi
docker: nvllm cpu=103.93% mem=6.084GiB / 119.6GiB
---
2026-05-15T22:08:50-04:00
               total        used        free      shared  buff/cache   available
Mem:           119Gi        77Gi        15Gi       1.1Gi        28Gi        41Gi
docker: nvllm cpu=103.93% mem=6.108GiB / 119.6GiB
---
2026-05-15T22:09:21-04:00
               total        used        free      shared  buff/cache   available
Mem:           119Gi        77Gi        15Gi       1.1Gi        28Gi        41Gi
docker: nvllm cpu=104.02% mem=6.133GiB / 119.6GiB
---
2026-05-15T22:09:52-04:00
               total        used        free      shared  buff/cache   available
Mem:           119Gi        77Gi        15Gi       1.1Gi        28Gi        41Gi
docker: nvllm cpu=103.26% mem=6.175GiB / 119.6GiB
---
2026-05-15T22:10:23-04:00
               total        used        free      shared  buff/cache   available
Mem:           119Gi        77Gi        15Gi       1.1Gi        28Gi        41Gi
docker: nvllm cpu=105.87% mem=6.199GiB / 119.6GiB
---
2026-05-15T22:10:54-04:00
               total        used        free      shared  buff/cache   available
Mem:           119Gi        77Gi        15Gi       1.1Gi        28Gi        41Gi
docker: nvllm cpu=103.63% mem=6.219GiB / 119.6GiB
---
2026-05-15T22:11:25-04:00
               total        used        free      shared  buff/cache   available
Mem:           119Gi        77Gi        15Gi       1.1Gi        28Gi        41Gi
docker: nvllm cpu=103.87% mem=6.26GiB / 119.6GiB
---
2026-05-15T22:11:56-04:00
               total        used        free      shared  buff/cache   available
Mem:           119Gi        77Gi        15Gi       1.1Gi        28Gi        41Gi
docker: nvllm cpu=103.68% mem=6.284GiB / 119.6GiB
---
2026-05-15T22:12:27-04:00
               total        used        free      shared  buff/cache   available
Mem:           119Gi        78Gi        15Gi       1.1Gi        28Gi        41Gi
docker: nvllm cpu=104.20% mem=6.308GiB / 119.6GiB
---
2026-05-15T22:12:58-04:00
               total        used        free      shared  buff/cache   available
Mem:           119Gi        78Gi        15Gi       1.1Gi        28Gi        41Gi
docker: nvllm cpu=105.64% mem=6.332GiB / 119.6GiB
---
2026-05-15T22:13:29-04:00
               total        used        free      shared  buff/cache   available
Mem:           119Gi        78Gi        15Gi       1.1Gi        28Gi        41Gi
docker: nvllm cpu=104.58% mem=6.373GiB / 119.6GiB
---
2026-05-15T22:14:00-04:00
               total        used        free      shared  buff/cache   available
Mem:           119Gi        78Gi        15Gi       1.1Gi        28Gi        41Gi
docker: nvllm cpu=103.61% mem=6.393GiB / 119.6GiB
---
2026-05-15T22:14:31-04:00
               total        used        free      shared  buff/cache   available
Mem:           119Gi        78Gi        15Gi       1.1Gi        28Gi        41Gi
docker: nvllm cpu=103.44% mem=6.418GiB / 119.6GiB
---
2026-05-15T22:15:02-04:00
               total        used        free      shared  buff/cache   available
Mem:           119Gi        78Gi        15Gi       1.1Gi        28Gi        41Gi
docker: nvllm cpu=103.98% mem=6.458GiB / 119.6GiB
---
2026-05-15T22:15:34-04:00
               total        used        free      shared  buff/cache   available
Mem:           119Gi        78Gi        15Gi       1.1Gi        28Gi        41Gi
docker: nvllm cpu=103.53% mem=6.482GiB / 119.6GiB
---
2026-05-15T22:16:05-04:00
               total        used        free      shared  buff/cache   available
Mem:           119Gi        78Gi        15Gi       1.1Gi        28Gi        41Gi
docker: nvllm cpu=104.65% mem=6.507GiB / 119.6GiB
---
2026-05-15T22:16:36-04:00
               total        used        free      shared  buff/cache   available
Mem:           119Gi        78Gi        15Gi       1.1Gi        28Gi        41Gi
docker: nvllm cpu=103.67% mem=6.527GiB / 119.6GiB
---
2026-05-15T22:17:07-04:00
               total        used        free      shared  buff/cache   available
Mem:           119Gi        84Gi       9.1Gi       1.1Gi        28Gi        35Gi
docker: nvllm cpu=102.41% mem=12.06GiB / 119.6GiB
---
2026-05-15T22:17:38-04:00
               total        used        free      shared  buff/cache   available
Mem:           119Gi        83Gi       6.4Gi       1.1Gi        31Gi        35Gi
docker: nvllm cpu=102.06% mem=12.15GiB / 119.6GiB
---
2026-05-15T22:18:09-04:00
               total        used        free      shared  buff/cache   available
Mem:           119Gi        83Gi       6.3Gi       1.1Gi        31Gi        35Gi
docker: nvllm cpu=102.25% mem=12.15GiB / 119.6GiB
---
2026-05-15T22:18:40-04:00
               total        used        free      shared  buff/cache   available
Mem:           119Gi        89Gi       3.5Gi       1.1Gi        28Gi        29Gi
docker: nvllm cpu=102.58% mem=18.37GiB / 119.6GiB
---
2026-05-15T22:19:11-04:00
               total        used        free      shared  buff/cache   available
Mem:           119Gi        10Gi        84Gi       5.5Mi        26Gi       109Gi
---
2026-05-15T22:19:41-04:00
               total        used        free      shared  buff/cache   available
Mem:           119Gi       7.7Gi        86Gi       5.6Mi        26Gi       111Gi
docker: nvllm cpu=71.45% mem=2.015GiB / 119.6GiB
---
2026-05-15T22:20:12-04:00
               total        used        free      shared  buff/cache   available
Mem:           119Gi        40Gi        49Gi       2.1Gi        32Gi        78Gi
docker: nvllm cpu=103.21% mem=7.856GiB / 119.6GiB
---
2026-05-15T22:20:43-04:00
               total        used        free      shared  buff/cache   available
Mem:           119Gi        40Gi        49Gi       2.1Gi        32Gi        79Gi
docker: nvllm cpu=102.61% mem=7.906GiB / 119.6GiB
---
2026-05-15T22:21:14-04:00
               total        used        free      shared  buff/cache   available
Mem:           119Gi        40Gi        49Gi       2.1Gi        32Gi        79Gi
docker: nvllm cpu=103.41% mem=7.934GiB / 119.6GiB
---
2026-05-15T22:21:45-04:00
               total        used        free      shared  buff/cache   available
Mem:           119Gi        41Gi        48Gi       2.1Gi        32Gi        78Gi
docker: nvllm cpu=102.02% mem=8.316GiB / 119.6GiB
---
2026-05-15T22:22:16-04:00
               total        used        free      shared  buff/cache   available
Mem:           119Gi        48Gi        41Gi       2.1Gi        32Gi        71Gi
docker: nvllm cpu=102.58% mem=8.357GiB / 119.6GiB
---
2026-05-15T22:22:47-04:00
               total        used        free      shared  buff/cache   available
Mem:           119Gi        74Gi        15Gi       1.1Gi        31Gi        44Gi
docker: nvllm cpu=33.42% mem=8.501GiB / 119.6GiB
---
2026-05-15T22:23:18-04:00
               total        used        free      shared  buff/cache   available
Mem:           119Gi        77Gi        12Gi       1.1Gi        31Gi        42Gi
docker: nvllm cpu=106.23% mem=8.787GiB / 119.6GiB
---
2026-05-15T22:23:49-04:00
               total        used        free      shared  buff/cache   available
Mem:           119Gi        77Gi        12Gi       1.1Gi        31Gi        42Gi
docker: nvllm cpu=105.33% mem=8.787GiB / 119.6GiB
---
2026-05-15T22:24:20-04:00
               total        used        free      shared  buff/cache   available
Mem:           119Gi        77Gi        12Gi       1.1Gi        31Gi        42Gi
docker: nvllm cpu=105.09% mem=8.788GiB / 119.6GiB
---
2026-05-15T22:24:51-04:00
               total        used        free      shared  buff/cache   available
Mem:           119Gi        77Gi        12Gi       1.1Gi        31Gi        42Gi
docker: nvllm cpu=105.33% mem=8.788GiB / 119.6GiB
---
2026-05-15T22:25:22-04:00
               total        used        free      shared  buff/cache   available
Mem:           119Gi        77Gi        12Gi       1.1Gi        31Gi        42Gi
docker: nvllm cpu=106.32% mem=8.788GiB / 119.6GiB
---
2026-05-15T22:25:53-04:00
               total        used        free      shared  buff/cache   available
Mem:           119Gi        77Gi        12Gi       1.1Gi        31Gi        42Gi
docker: nvllm cpu=105.07% mem=8.787GiB / 119.6GiB
---
2026-05-15T22:26:24-04:00
               total        used        free      shared  buff/cache   available
Mem:           119Gi        77Gi        12Gi       1.1Gi        31Gi        42Gi
docker: nvllm cpu=105.32% mem=8.787GiB / 119.6GiB
---
2026-05-15T22:26:55-04:00
               total        used        free      shared  buff/cache   available
Mem:           119Gi        77Gi        12Gi       1.1Gi        31Gi        42Gi
docker: nvllm cpu=107.31% mem=8.787GiB / 119.6GiB
---
2026-05-15T22:27:26-04:00
               total        used        free      shared  buff/cache   available
Mem:           119Gi        77Gi        12Gi       1.1Gi        31Gi        42Gi
docker: nvllm cpu=105.31% mem=8.787GiB / 119.6GiB
---
2026-05-15T22:27:57-04:00
               total        used        free      shared  buff/cache   available
Mem:           119Gi        77Gi        12Gi       1.1Gi        31Gi        42Gi
docker: nvllm cpu=106.86% mem=8.787GiB / 119.6GiB
---
2026-05-15T22:28:28-04:00
               total        used        free      shared  buff/cache   available
Mem:           119Gi        77Gi        12Gi       1.1Gi        31Gi        42Gi
docker: nvllm cpu=104.35% mem=8.787GiB / 119.6GiB
---
2026-05-15T22:28:59-04:00
               total        used        free      shared  buff/cache   available
Mem:           119Gi        77Gi        12Gi       1.1Gi        31Gi        42Gi
docker: nvllm cpu=105.23% mem=8.787GiB / 119.6GiB
---
2026-05-15T22:29:30-04:00
               total        used        free      shared  buff/cache   available
Mem:           119Gi        77Gi        12Gi       1.1Gi        31Gi        42Gi
docker: nvllm cpu=105.23% mem=8.787GiB / 119.6GiB
---
2026-05-15T22:30:01-04:00
               total        used        free      shared  buff/cache   available
Mem:           119Gi        77Gi        12Gi       1.1Gi        31Gi        42Gi
docker: nvllm cpu=104.99% mem=8.79GiB / 119.6GiB
---
2026-05-15T22:30:32-04:00
               total        used        free      shared  buff/cache   available
Mem:           119Gi        77Gi        12Gi       1.1Gi        31Gi        42Gi
docker: nvllm cpu=109.81% mem=8.79GiB / 119.6GiB
---
2026-05-15T22:31:03-04:00
               total        used        free      shared  buff/cache   available
Mem:           119Gi        77Gi        12Gi       1.1Gi        31Gi        42Gi
docker: nvllm cpu=106.35% mem=8.791GiB / 119.6GiB
---
2026-05-15T22:31:34-04:00
               total        used        free      shared  buff/cache   available
Mem:           119Gi        77Gi        12Gi       1.1Gi        31Gi        42Gi
docker: nvllm cpu=110.35% mem=8.79GiB / 119.6GiB
---
2026-05-15T22:32:05-04:00
               total        used        free      shared  buff/cache   available
Mem:           119Gi        77Gi        12Gi       1.1Gi        31Gi        42Gi
docker: nvllm cpu=105.68% mem=8.791GiB / 119.6GiB
---
2026-05-15T22:32:36-04:00
               total        used        free      shared  buff/cache   available
Mem:           119Gi        77Gi        12Gi       1.1Gi        31Gi        42Gi
docker: nvllm cpu=128.79% mem=8.791GiB / 119.6GiB
---
2026-05-15T22:33:07-04:00
               total        used        free      shared  buff/cache   available
Mem:           119Gi        77Gi        12Gi       1.1Gi        31Gi        42Gi
docker: nvllm cpu=105.61% mem=8.791GiB / 119.6GiB
---
2026-05-15T22:33:38-04:00
               total        used        free      shared  buff/cache   available
Mem:           119Gi        77Gi        12Gi       1.1Gi        31Gi        42Gi
docker: nvllm cpu=105.17% mem=8.791GiB / 119.6GiB
---
2026-05-15T22:34:09-04:00
               total        used        free      shared  buff/cache   available
Mem:           119Gi        77Gi        12Gi       1.1Gi        31Gi        42Gi
docker: nvllm cpu=104.83% mem=8.791GiB / 119.6GiB
---
2026-05-15T22:34:40-04:00
               total        used        free      shared  buff/cache   available
Mem:           119Gi        77Gi        12Gi       1.1Gi        31Gi        42Gi
docker: nvllm cpu=105.28% mem=8.791GiB / 119.6GiB
---
2026-05-15T22:35:11-04:00
               total        used        free      shared  buff/cache   available
Mem:           119Gi        77Gi        12Gi       1.1Gi        31Gi        42Gi
docker: nvllm cpu=106.17% mem=8.791GiB / 119.6GiB
---
2026-05-15T22:35:42-04:00
               total        used        free      shared  buff/cache   available
Mem:           119Gi        77Gi        12Gi       1.1Gi        31Gi        42Gi
docker: nvllm cpu=108.96% mem=8.791GiB / 119.6GiB
---
2026-05-15T22:36:13-04:00
               total        used        free      shared  buff/cache   available
Mem:           119Gi        77Gi        12Gi       1.1Gi        31Gi        42Gi
docker: nvllm cpu=106.74% mem=8.791GiB / 119.6GiB
---
2026-05-15T22:36:45-04:00
               total        used        free      shared  buff/cache   available
Mem:           119Gi        77Gi        12Gi       1.1Gi        31Gi        42Gi
docker: nvllm cpu=106.54% mem=8.791GiB / 119.6GiB
---
2026-05-15T22:37:16-04:00
               total        used        free      shared  buff/cache   available
Mem:           119Gi        77Gi        12Gi       1.1Gi        31Gi        42Gi
docker: nvllm cpu=105.17% mem=8.791GiB / 119.6GiB
---
2026-05-15T22:37:47-04:00
               total        used        free      shared  buff/cache   available
Mem:           119Gi        77Gi        12Gi       1.1Gi        31Gi        42Gi
docker: nvllm cpu=106.66% mem=8.791GiB / 119.6GiB
---
2026-05-15T22:38:18-04:00
               total        used        free      shared  buff/cache   available
Mem:           119Gi        77Gi        12Gi       1.1Gi        31Gi        42Gi
docker: nvllm cpu=113.80% mem=8.791GiB / 119.6GiB
---
2026-05-15T22:38:49-04:00
               total        used        free      shared  buff/cache   available
Mem:           119Gi        77Gi        12Gi       1.1Gi        31Gi        42Gi
docker: nvllm cpu=113.61% mem=8.791GiB / 119.6GiB
---
2026-05-15T22:39:20-04:00
               total        used        free      shared  buff/cache   available
Mem:           119Gi        77Gi        12Gi       1.1Gi        31Gi        42Gi
docker: nvllm cpu=105.13% mem=8.791GiB / 119.6GiB
---
2026-05-15T22:39:51-04:00
               total        used        free      shared  buff/cache   available
Mem:           119Gi        77Gi        12Gi       1.1Gi        31Gi        42Gi
docker: nvllm cpu=106.63% mem=8.791GiB / 119.6GiB
---
2026-05-15T22:40:22-04:00
               total        used        free      shared  buff/cache   available
Mem:           119Gi        77Gi        12Gi       1.1Gi        31Gi        42Gi
docker: nvllm cpu=105.64% mem=8.793GiB / 119.6GiB
---
2026-05-15T22:40:53-04:00
               total        used        free      shared  buff/cache   available
Mem:           119Gi        77Gi        12Gi       1.1Gi        31Gi        42Gi
docker: nvllm cpu=105.53% mem=8.793GiB / 119.6GiB
---
2026-05-15T22:41:24-04:00
               total        used        free      shared  buff/cache   available
Mem:           119Gi        77Gi        12Gi       1.1Gi        31Gi        42Gi
docker: nvllm cpu=105.80% mem=8.793GiB / 119.6GiB
---
2026-05-15T22:41:55-04:00
               total        used        free      shared  buff/cache   available
Mem:           119Gi        77Gi        12Gi       1.1Gi        31Gi        42Gi
docker: nvllm cpu=105.71% mem=8.793GiB / 119.6GiB
---
2026-05-15T22:42:26-04:00
               total        used        free      shared  buff/cache   available
Mem:           119Gi        77Gi        12Gi       1.1Gi        31Gi        42Gi
docker: nvllm cpu=105.64% mem=8.793GiB / 119.6GiB
---
2026-05-15T22:42:57-04:00
               total        used        free      shared  buff/cache   available
Mem:           119Gi        77Gi        12Gi       1.1Gi        31Gi        42Gi
docker: nvllm cpu=107.12% mem=8.793GiB / 119.6GiB
---
2026-05-15T22:43:28-04:00
               total        used        free      shared  buff/cache   available
Mem:           119Gi        77Gi        12Gi       1.1Gi        31Gi        42Gi
docker: nvllm cpu=104.93% mem=8.793GiB / 119.6GiB
---
2026-05-15T22:43:59-04:00
               total        used        free      shared  buff/cache   available
Mem:           119Gi        77Gi        12Gi       1.1Gi        31Gi        42Gi
docker: nvllm cpu=105.71% mem=8.793GiB / 119.6GiB
---
2026-05-15T22:44:30-04:00
               total        used        free      shared  buff/cache   available
Mem:           119Gi        77Gi        12Gi       1.1Gi        31Gi        42Gi
docker: nvllm cpu=105.12% mem=8.793GiB / 119.6GiB
---
2026-05-15T22:45:01-04:00
               total        used        free      shared  buff/cache   available
Mem:           119Gi        77Gi        12Gi       1.1Gi        31Gi        42Gi
docker: nvllm cpu=104.89% mem=8.793GiB / 119.6GiB
---
2026-05-15T22:45:32-04:00
               total        used        free      shared  buff/cache   available
Mem:           119Gi        77Gi        12Gi       1.1Gi        31Gi        42Gi
docker: nvllm cpu=109.83% mem=8.793GiB / 119.6GiB
---
2026-05-15T22:46:03-04:00
               total        used        free      shared  buff/cache   available
Mem:           119Gi        77Gi        12Gi       1.1Gi        31Gi        42Gi
docker: nvllm cpu=104.95% mem=8.794GiB / 119.6GiB
---
2026-05-15T22:46:34-04:00
               total        used        free      shared  buff/cache   available
Mem:           119Gi        77Gi        12Gi       1.1Gi        31Gi        42Gi
docker: nvllm cpu=109.49% mem=8.793GiB / 119.6GiB
---
2026-05-15T22:47:05-04:00
               total        used        free      shared  buff/cache   available
Mem:           119Gi        77Gi        12Gi       1.1Gi        31Gi        42Gi
docker: nvllm cpu=105.61% mem=8.793GiB / 119.6GiB
---
2026-05-15T22:47:36-04:00
               total        used        free      shared  buff/cache   available
Mem:           119Gi        77Gi        12Gi       1.1Gi        31Gi        42Gi
docker: nvllm cpu=128.44% mem=8.794GiB / 119.6GiB
---
2026-05-15T22:48:07-04:00
               total        used        free      shared  buff/cache   available
Mem:           119Gi        77Gi        12Gi       1.1Gi        31Gi        42Gi
docker: nvllm cpu=105.44% mem=8.793GiB / 119.6GiB
---
2026-05-15T22:48:38-04:00
               total        used        free      shared  buff/cache   available
Mem:           119Gi        77Gi        12Gi       1.1Gi        31Gi        42Gi
docker: nvllm cpu=106.44% mem=8.793GiB / 119.6GiB
---
2026-05-15T22:49:09-04:00
               total        used        free      shared  buff/cache   available
Mem:           119Gi        77Gi        12Gi       1.1Gi        31Gi        42Gi
docker: nvllm cpu=105.02% mem=8.793GiB / 119.6GiB
---
2026-05-15T22:49:40-04:00
               total        used        free      shared  buff/cache   available
Mem:           119Gi        77Gi        12Gi       1.1Gi        31Gi        42Gi
docker: nvllm cpu=106.28% mem=8.793GiB / 119.6GiB
---
2026-05-15T22:50:11-04:00
               total        used        free      shared  buff/cache   available
Mem:           119Gi        77Gi        12Gi       1.1Gi        31Gi        42Gi
docker: nvllm cpu=106.55% mem=8.792GiB / 119.6GiB
---
2026-05-15T22:50:42-04:00
               total        used        free      shared  buff/cache   available
Mem:           119Gi        77Gi        12Gi       1.1Gi        31Gi        42Gi
docker: nvllm cpu=105.23% mem=8.792GiB / 119.6GiB
---
2026-05-15T22:51:13-04:00
               total        used        free      shared  buff/cache   available
Mem:           119Gi        77Gi        12Gi       1.1Gi        31Gi        42Gi
docker: nvllm cpu=107.03% mem=8.792GiB / 119.6GiB
---
2026-05-15T22:51:44-04:00
               total        used        free      shared  buff/cache   available
Mem:           119Gi        77Gi        12Gi       1.1Gi        31Gi        42Gi
docker: nvllm cpu=106.81% mem=8.792GiB / 119.6GiB
---
2026-05-15T22:52:15-04:00
               total        used        free      shared  buff/cache   available
Mem:           119Gi        77Gi        12Gi       1.1Gi        31Gi        42Gi
docker: nvllm cpu=105.71% mem=8.793GiB / 119.6GiB
---
2026-05-15T22:52:46-04:00
               total        used        free      shared  buff/cache   available
Mem:           119Gi        77Gi        12Gi       1.1Gi        31Gi        42Gi
docker: nvllm cpu=105.68% mem=8.792GiB / 119.6GiB
---
2026-05-15T22:53:17-04:00
               total        used        free      shared  buff/cache   available
Mem:           119Gi        77Gi        12Gi       1.1Gi        31Gi        42Gi
docker: nvllm cpu=105.50% mem=8.792GiB / 119.6GiB
---
2026-05-15T22:53:48-04:00
               total        used        free      shared  buff/cache   available
Mem:           119Gi        77Gi        12Gi       1.1Gi        31Gi        42Gi
docker: nvllm cpu=105.82% mem=8.792GiB / 119.6GiB
---
2026-05-15T22:54:19-04:00
               total        used        free      shared  buff/cache   available
Mem:           119Gi        77Gi        12Gi       1.1Gi        31Gi        42Gi
docker: nvllm cpu=105.23% mem=8.792GiB / 119.6GiB
---
2026-05-15T22:54:50-04:00
               total        used        free      shared  buff/cache   available
Mem:           119Gi        77Gi        12Gi       1.1Gi        31Gi        42Gi
docker: nvllm cpu=105.88% mem=8.792GiB / 119.6GiB
---
2026-05-15T22:55:21-04:00
               total        used        free      shared  buff/cache   available
Mem:           119Gi        77Gi        12Gi       1.1Gi        31Gi        42Gi
docker: nvllm cpu=105.23% mem=8.792GiB / 119.6GiB
---
2026-05-15T22:55:52-04:00
               total        used        free      shared  buff/cache   available
Mem:           119Gi        77Gi        12Gi       1.1Gi        31Gi        42Gi
docker: nvllm cpu=105.38% mem=8.792GiB / 119.6GiB
---
2026-05-15T22:56:23-04:00
               total        used        free      shared  buff/cache   available
Mem:           119Gi        77Gi        12Gi       1.1Gi        31Gi        42Gi
docker: nvllm cpu=110.21% mem=8.792GiB / 119.6GiB
---
2026-05-15T22:56:54-04:00
               total        used        free      shared  buff/cache   available
Mem:           119Gi        77Gi        12Gi       1.1Gi        31Gi        42Gi
docker: nvllm cpu=106.33% mem=8.792GiB / 119.6GiB
---
2026-05-15T22:57:25-04:00
               total        used        free      shared  buff/cache   available
Mem:           119Gi        77Gi        12Gi       1.1Gi        31Gi        42Gi
docker: nvllm cpu=106.84% mem=8.792GiB / 119.6GiB
---
2026-05-15T22:57:56-04:00
               total        used        free      shared  buff/cache   available
Mem:           119Gi        77Gi        12Gi       1.1Gi        31Gi        42Gi
docker: nvllm cpu=105.82% mem=8.792GiB / 119.6GiB
---
2026-05-15T22:58:27-04:00
               total        used        free      shared  buff/cache   available
Mem:           119Gi        77Gi        12Gi       1.1Gi        31Gi        42Gi
docker: nvllm cpu=105.57% mem=8.792GiB / 119.6GiB
---
2026-05-15T22:58:59-04:00
               total        used        free      shared  buff/cache   available
Mem:           119Gi        77Gi        12Gi       1.1Gi        31Gi        42Gi
docker: nvllm cpu=105.48% mem=8.793GiB / 119.6GiB
---
2026-05-15T22:59:30-04:00
               total        used        free      shared  buff/cache   available
Mem:           119Gi        77Gi        12Gi       1.1Gi        31Gi        42Gi
docker: nvllm cpu=113.51% mem=8.792GiB / 119.6GiB
---
2026-05-15T23:00:01-04:00
               total        used        free      shared  buff/cache   available
Mem:           119Gi        77Gi        12Gi       1.1Gi        31Gi        42Gi
docker: nvllm cpu=106.82% mem=8.792GiB / 119.6GiB
---
2026-05-15T23:00:32-04:00
               total        used        free      shared  buff/cache   available
Mem:           119Gi        77Gi        12Gi       1.1Gi        31Gi        42Gi
docker: nvllm cpu=111.26% mem=8.792GiB / 119.6GiB
---
2026-05-15T23:01:03-04:00
               total        used        free      shared  buff/cache   available
Mem:           119Gi        77Gi        12Gi       1.1Gi        31Gi        42Gi
docker: nvllm cpu=107.11% mem=8.792GiB / 119.6GiB
---
2026-05-15T23:01:34-04:00
               total        used        free      shared  buff/cache   available
Mem:           119Gi        77Gi        12Gi       1.1Gi        31Gi        42Gi
docker: nvllm cpu=105.46% mem=8.792GiB / 119.6GiB
---
2026-05-15T23:02:05-04:00
               total        used        free      shared  buff/cache   available
Mem:           119Gi        77Gi        12Gi       1.1Gi        31Gi        42Gi
docker: nvllm cpu=110.73% mem=8.792GiB / 119.6GiB
---
2026-05-15T23:02:36-04:00
               total        used        free      shared  buff/cache   available
Mem:           119Gi        77Gi        12Gi       1.1Gi        31Gi        42Gi
docker: nvllm cpu=105.01% mem=8.792GiB / 119.6GiB
---
2026-05-15T23:03:07-04:00
               total        used        free      shared  buff/cache   available
Mem:           119Gi        77Gi        12Gi       1.1Gi        31Gi        42Gi
docker: nvllm cpu=105.10% mem=8.792GiB / 119.6GiB
---
2026-05-15T23:03:38-04:00
               total        used        free      shared  buff/cache   available
Mem:           119Gi        77Gi        12Gi       1.1Gi        31Gi        42Gi
docker: nvllm cpu=110.79% mem=8.792GiB / 119.6GiB
---
2026-05-15T23:04:09-04:00
               total        used        free      shared  buff/cache   available
Mem:           119Gi        77Gi        12Gi       1.1Gi        31Gi        42Gi
docker: nvllm cpu=130.48% mem=8.793GiB / 119.6GiB
---
2026-05-15T23:04:40-04:00
               total        used        free      shared  buff/cache   available
Mem:           119Gi        77Gi        12Gi       1.1Gi        31Gi        42Gi
docker: nvllm cpu=105.85% mem=8.792GiB / 119.6GiB
---
2026-05-15T23:05:11-04:00
               total        used        free      shared  buff/cache   available
Mem:           119Gi        77Gi        12Gi       1.1Gi        31Gi        42Gi
docker: nvllm cpu=107.28% mem=8.792GiB / 119.6GiB
---
2026-05-15T23:05:42-04:00
               total        used        free      shared  buff/cache   available
Mem:           119Gi        77Gi        12Gi       1.1Gi        31Gi        42Gi
docker: nvllm cpu=110.75% mem=8.792GiB / 119.6GiB
---
2026-05-15T23:06:13-04:00
               total        used        free      shared  buff/cache   available
Mem:           119Gi        77Gi        12Gi       1.1Gi        31Gi        42Gi
docker: nvllm cpu=105.64% mem=8.792GiB / 119.6GiB
---
2026-05-15T23:06:44-04:00
               total        used        free      shared  buff/cache   available
Mem:           119Gi        77Gi        12Gi       1.1Gi        31Gi        42Gi
docker: nvllm cpu=105.25% mem=8.792GiB / 119.6GiB
---
2026-05-15T23:07:15-04:00
               total        used        free      shared  buff/cache   available
Mem:           119Gi        77Gi        12Gi       1.1Gi        31Gi        42Gi
docker: nvllm cpu=105.55% mem=8.792GiB / 119.6GiB
---
2026-05-15T23:07:46-04:00
               total        used        free      shared  buff/cache   available
Mem:           119Gi        77Gi        12Gi       1.1Gi        31Gi        42Gi
docker: nvllm cpu=105.41% mem=8.792GiB / 119.6GiB
---
2026-05-15T23:08:17-04:00
               total        used        free      shared  buff/cache   available
Mem:           119Gi        77Gi        12Gi       1.1Gi        31Gi        42Gi
docker: nvllm cpu=104.86% mem=8.792GiB / 119.6GiB
---
2026-05-15T23:08:48-04:00
               total        used        free      shared  buff/cache   available
Mem:           119Gi        77Gi        12Gi       1.1Gi        31Gi        42Gi
docker: nvllm cpu=105.47% mem=8.792GiB / 119.6GiB
---
2026-05-15T23:09:19-04:00
               total        used        free      shared  buff/cache   available
Mem:           119Gi        77Gi        12Gi       1.1Gi        31Gi        42Gi
docker: nvllm cpu=105.44% mem=8.792GiB / 119.6GiB
---
2026-05-15T23:09:50-04:00
               total        used        free      shared  buff/cache   available
Mem:           119Gi        77Gi        12Gi       1.1Gi        31Gi        42Gi
docker: nvllm cpu=106.62% mem=8.792GiB / 119.6GiB
---
2026-05-15T23:10:21-04:00
               total        used        free      shared  buff/cache   available
Mem:           119Gi        77Gi        12Gi       1.1Gi        31Gi        42Gi
docker: nvllm cpu=105.53% mem=8.792GiB / 119.6GiB
---
2026-05-15T23:10:52-04:00
               total        used        free      shared  buff/cache   available
Mem:           119Gi        77Gi        12Gi       1.1Gi        31Gi        42Gi
docker: nvllm cpu=105.23% mem=8.792GiB / 119.6GiB
---
2026-05-15T23:11:23-04:00
               total        used        free      shared  buff/cache   available
Mem:           119Gi        77Gi        12Gi       1.1Gi        31Gi        42Gi
docker: nvllm cpu=106.01% mem=8.792GiB / 119.6GiB
---
2026-05-15T23:11:54-04:00
               total        used        free      shared  buff/cache   available
Mem:           119Gi        77Gi        12Gi       1.1Gi        31Gi        42Gi
docker: nvllm cpu=148.84% mem=8.792GiB / 119.6GiB
---
2026-05-15T23:12:25-04:00
               total        used        free      shared  buff/cache   available
Mem:           119Gi        77Gi        12Gi       1.1Gi        31Gi        42Gi
docker: nvllm cpu=105.48% mem=8.792GiB / 119.6GiB
---
2026-05-15T23:12:56-04:00
               total        used        free      shared  buff/cache   available
Mem:           119Gi        77Gi        12Gi       1.1Gi        31Gi        42Gi
docker: nvllm cpu=105.44% mem=8.792GiB / 119.6GiB
---
2026-05-15T23:13:27-04:00
               total        used        free      shared  buff/cache   available
Mem:           119Gi        77Gi        12Gi       1.1Gi        31Gi        42Gi
docker: nvllm cpu=106.77% mem=8.792GiB / 119.6GiB
---
2026-05-15T23:13:58-04:00
               total        used        free      shared  buff/cache   available
Mem:           119Gi        77Gi        12Gi       1.1Gi        31Gi        42Gi
docker: nvllm cpu=105.44% mem=8.792GiB / 119.6GiB
---
2026-05-15T23:14:29-04:00
               total        used        free      shared  buff/cache   available
Mem:           119Gi        77Gi        12Gi       1.1Gi        31Gi        42Gi
docker: nvllm cpu=105.51% mem=8.792GiB / 119.6GiB
---
2026-05-15T23:15:00-04:00
               total        used        free      shared  buff/cache   available
Mem:           119Gi        77Gi        12Gi       1.1Gi        31Gi        42Gi
docker: nvllm cpu=113.62% mem=8.792GiB / 119.6GiB
---
2026-05-15T23:15:31-04:00
               total        used        free      shared  buff/cache   available
Mem:           119Gi        77Gi        12Gi       1.1Gi        31Gi        42Gi
docker: nvllm cpu=112.25% mem=8.792GiB / 119.6GiB
---
2026-05-15T23:16:02-04:00
               total        used        free      shared  buff/cache   available
Mem:           119Gi        77Gi        12Gi       1.1Gi        31Gi        42Gi
docker: nvllm cpu=105.01% mem=8.792GiB / 119.6GiB
---
2026-05-15T23:16:33-04:00
               total        used        free      shared  buff/cache   available
Mem:           119Gi        77Gi        12Gi       1.1Gi        31Gi        42Gi
docker: nvllm cpu=110.70% mem=8.792GiB / 119.6GiB
---
2026-05-15T23:17:04-04:00
               total        used        free      shared  buff/cache   available
Mem:           119Gi        77Gi        12Gi       1.1Gi        31Gi        42Gi
docker: nvllm cpu=105.98% mem=8.793GiB / 119.6GiB
---
2026-05-15T23:17:35-04:00
               total        used        free      shared  buff/cache   available
Mem:           119Gi        77Gi        12Gi       1.1Gi        31Gi        42Gi
docker: nvllm cpu=106.97% mem=8.792GiB / 119.6GiB
---
2026-05-15T23:18:06-04:00
               total        used        free      shared  buff/cache   available
Mem:           119Gi        77Gi        12Gi       1.1Gi        31Gi        42Gi
docker: nvllm cpu=105.60% mem=8.792GiB / 119.6GiB
---
2026-05-15T23:18:37-04:00
               total        used        free      shared  buff/cache   available
Mem:           119Gi        77Gi        12Gi       1.1Gi        31Gi        42Gi
docker: nvllm cpu=105.47% mem=8.793GiB / 119.6GiB
---
2026-05-15T23:19:08-04:00
               total        used        free      shared  buff/cache   available
Mem:           119Gi        77Gi        12Gi       1.1Gi        31Gi        42Gi
docker: nvllm cpu=105.63% mem=8.792GiB / 119.6GiB
---
2026-05-15T23:19:39-04:00
               total        used        free      shared  buff/cache   available
Mem:           119Gi        77Gi        12Gi       1.1Gi        31Gi        42Gi
docker: nvllm cpu=107.13% mem=8.792GiB / 119.6GiB
---
2026-05-15T23:20:10-04:00
               total        used        free      shared  buff/cache   available
Mem:           119Gi        77Gi        12Gi       1.1Gi        31Gi        42Gi
docker: nvllm cpu=105.21% mem=8.792GiB / 119.6GiB
---
2026-05-15T23:20:41-04:00
               total        used        free      shared  buff/cache   available
Mem:           119Gi        77Gi        12Gi       1.1Gi        31Gi        42Gi
docker: nvllm cpu=106.59% mem=8.792GiB / 119.6GiB
---
2026-05-15T23:21:13-04:00
               total        used        free      shared  buff/cache   available
Mem:           119Gi        77Gi        12Gi       1.1Gi        31Gi        42Gi
docker: nvllm cpu=109.56% mem=8.792GiB / 119.6GiB
---
2026-05-15T23:21:44-04:00
               total        used        free      shared  buff/cache   available
Mem:           119Gi        77Gi        12Gi       1.1Gi        31Gi        42Gi
docker: nvllm cpu=109.57% mem=8.793GiB / 119.6GiB
---
2026-05-15T23:22:15-04:00
               total        used        free      shared  buff/cache   available
Mem:           119Gi        77Gi        12Gi       1.1Gi        31Gi        42Gi
docker: nvllm cpu=109.90% mem=8.792GiB / 119.6GiB
---
2026-05-15T23:22:46-04:00
               total        used        free      shared  buff/cache   available
Mem:           119Gi        77Gi        12Gi       1.1Gi        31Gi        42Gi
docker: nvllm cpu=107.07% mem=8.792GiB / 119.6GiB
---
2026-05-15T23:23:17-04:00
               total        used        free      shared  buff/cache   available
Mem:           119Gi        77Gi        12Gi       1.1Gi        31Gi        42Gi
docker: nvllm cpu=105.24% mem=8.793GiB / 119.6GiB
---
2026-05-15T23:23:48-04:00
               total        used        free      shared  buff/cache   available
Mem:           119Gi        77Gi        12Gi       1.1Gi        31Gi        42Gi
docker: nvllm cpu=105.11% mem=8.793GiB / 119.6GiB
---
2026-05-15T23:24:19-04:00
               total        used        free      shared  buff/cache   available
Mem:           119Gi        77Gi        12Gi       1.1Gi        31Gi        42Gi
docker: nvllm cpu=105.70% mem=8.793GiB / 119.6GiB
---
2026-05-15T23:24:50-04:00
               total        used        free      shared  buff/cache   available
Mem:           119Gi        77Gi        12Gi       1.1Gi        31Gi        42Gi
docker: nvllm cpu=105.77% mem=8.792GiB / 119.6GiB
---
2026-05-15T23:25:21-04:00
               total        used        free      shared  buff/cache   available
Mem:           119Gi        77Gi        12Gi       1.1Gi        31Gi        42Gi
docker: nvllm cpu=109.67% mem=8.792GiB / 119.6GiB
---
2026-05-15T23:25:52-04:00
               total        used        free      shared  buff/cache   available
Mem:           119Gi        77Gi        12Gi       1.1Gi        31Gi        42Gi
docker: nvllm cpu=109.81% mem=8.792GiB / 119.6GiB
---
2026-05-15T23:26:23-04:00
               total        used        free      shared  buff/cache   available
Mem:           119Gi        77Gi        12Gi       1.1Gi        31Gi        42Gi
docker: nvllm cpu=105.42% mem=8.792GiB / 119.6GiB
---
2026-05-15T23:26:54-04:00
               total        used        free      shared  buff/cache   available
Mem:           119Gi        77Gi        12Gi       1.1Gi        31Gi        42Gi
docker: nvllm cpu=110.17% mem=8.792GiB / 119.6GiB
---
2026-05-15T23:27:25-04:00
               total        used        free      shared  buff/cache   available
Mem:           119Gi        77Gi        12Gi       1.1Gi        31Gi        42Gi
docker: nvllm cpu=109.69% mem=8.793GiB / 119.6GiB
---
2026-05-15T23:27:56-04:00
               total        used        free      shared  buff/cache   available
Mem:           119Gi        77Gi        12Gi       1.1Gi        31Gi        42Gi
docker: nvllm cpu=109.78% mem=8.792GiB / 119.6GiB
---
2026-05-15T23:28:27-04:00
               total        used        free      shared  buff/cache   available
Mem:           119Gi        77Gi        12Gi       1.1Gi        31Gi        42Gi
docker: nvllm cpu=113.61% mem=8.792GiB / 119.6GiB
---
2026-05-15T23:28:58-04:00
               total        used        free      shared  buff/cache   available
Mem:           119Gi        77Gi        12Gi       1.1Gi        31Gi        42Gi
docker: nvllm cpu=105.74% mem=8.792GiB / 119.6GiB
---
2026-05-15T23:29:29-04:00
               total        used        free      shared  buff/cache   available
Mem:           119Gi       7.7Gi        82Gi       5.6Mi        30Gi       111Gi
docker: nvllm cpu=110.14% mem=2.907GiB / 119.6GiB
---
2026-05-15T23:30:00-04:00
               total        used        free      shared  buff/cache   available
Mem:           119Gi        40Gi        49Gi       2.1Gi        32Gi        79Gi
docker: nvllm cpu=102.11% mem=4.182GiB / 119.6GiB
---
2026-05-15T23:30:31-04:00
               total        used        free      shared  buff/cache   available
Mem:           119Gi        40Gi        49Gi       2.1Gi        32Gi        79Gi
docker: nvllm cpu=102.92% mem=4.23GiB / 119.6GiB
---
2026-05-15T23:31:02-04:00
               total        used        free      shared  buff/cache   available
Mem:           119Gi        40Gi        49Gi       2.1Gi        32Gi        79Gi
docker: nvllm cpu=102.13% mem=4.259GiB / 119.6GiB
---
2026-05-15T23:31:33-04:00
               total        used        free      shared  buff/cache   available
Mem:           119Gi        41Gi        48Gi       2.1Gi        32Gi        78Gi
docker: nvllm cpu=101.83% mem=4.564GiB / 119.6GiB
---
2026-05-15T23:32:04-04:00
               total        used        free      shared  buff/cache   available
Mem:           119Gi        47Gi        42Gi       2.1Gi        32Gi        72Gi
docker: nvllm cpu=102.39% mem=4.687GiB / 119.6GiB
---
2026-05-15T23:32:35-04:00
               total        used        free      shared  buff/cache   available
Mem:           119Gi        51Gi        38Gi       2.1Gi        32Gi        68Gi
docker: nvllm cpu=101.75% mem=4.696GiB / 119.6GiB
---
2026-05-15T23:33:06-04:00
               total        used        free      shared  buff/cache   available
Mem:           119Gi        37Gi        51Gi       2.1Gi        32Gi        81Gi
docker: nvllm cpu=102.67% mem=5.402GiB / 119.6GiB
---
2026-05-15T23:33:37-04:00
               total        used        free      shared  buff/cache   available
Mem:           119Gi        76Gi        12Gi       1.1Gi        31Gi        42Gi
docker: nvllm cpu=104.49% mem=5.357GiB / 119.6GiB
---
2026-05-15T23:34:08-04:00
               total        used        free      shared  buff/cache   available
Mem:           119Gi        77Gi        12Gi       1.1Gi        31Gi        41Gi
docker: nvllm cpu=102.62% mem=5.356GiB / 119.6GiB
---
2026-05-15T23:34:39-04:00
               total        used        free      shared  buff/cache   available
Mem:           119Gi        77Gi        12Gi       1.1Gi        31Gi        41Gi
docker: nvllm cpu=102.91% mem=5.356GiB / 119.6GiB
---
2026-05-15T23:35:10-04:00
               total        used        free      shared  buff/cache   available
Mem:           119Gi        77Gi        12Gi       1.1Gi        31Gi        41Gi
docker: nvllm cpu=103.01% mem=5.356GiB / 119.6GiB
---
2026-05-15T23:35:41-04:00
               total        used        free      shared  buff/cache   available
Mem:           119Gi        77Gi        12Gi       1.1Gi        31Gi        41Gi
docker: nvllm cpu=102.45% mem=5.356GiB / 119.6GiB
---
2026-05-15T23:36:12-04:00
               total        used        free      shared  buff/cache   available
Mem:           119Gi        77Gi        12Gi       1.1Gi        31Gi        41Gi
docker: nvllm cpu=102.47% mem=5.357GiB / 119.6GiB
---
2026-05-15T23:36:43-04:00
               total        used        free      shared  buff/cache   available
Mem:           119Gi        77Gi        12Gi       1.1Gi        31Gi        41Gi
docker: nvllm cpu=102.31% mem=5.356GiB / 119.6GiB
---
2026-05-15T23:37:14-04:00
               total        used        free      shared  buff/cache   available
Mem:           119Gi        77Gi        12Gi       1.1Gi        31Gi        41Gi
docker: nvllm cpu=102.88% mem=5.356GiB / 119.6GiB
---
2026-05-15T23:37:45-04:00
               total        used        free      shared  buff/cache   available
Mem:           119Gi        77Gi        12Gi       1.1Gi        31Gi        41Gi
docker: nvllm cpu=102.70% mem=5.356GiB / 119.6GiB
---
2026-05-15T23:38:16-04:00
               total        used        free      shared  buff/cache   available
Mem:           119Gi        77Gi        12Gi       1.1Gi        31Gi        41Gi
docker: nvllm cpu=102.93% mem=5.356GiB / 119.6GiB
---
2026-05-15T23:38:47-04:00
               total        used        free      shared  buff/cache   available
Mem:           119Gi        77Gi        12Gi       1.1Gi        31Gi        41Gi
docker: nvllm cpu=103.29% mem=5.356GiB / 119.6GiB
---
2026-05-15T23:39:18-04:00
               total        used        free      shared  buff/cache   available
Mem:           119Gi        77Gi        12Gi       1.1Gi        31Gi        41Gi
docker: nvllm cpu=102.76% mem=5.356GiB / 119.6GiB
---
2026-05-15T23:39:49-04:00
               total        used        free      shared  buff/cache   available
Mem:           119Gi        77Gi        12Gi       1.1Gi        31Gi        41Gi
docker: nvllm cpu=103.07% mem=5.356GiB / 119.6GiB
---
2026-05-15T23:40:20-04:00
               total        used        free      shared  buff/cache   available
Mem:           119Gi        77Gi        12Gi       1.1Gi        31Gi        41Gi
docker: nvllm cpu=102.68% mem=5.356GiB / 119.6GiB
---
2026-05-15T23:40:51-04:00
               total        used        free      shared  buff/cache   available
Mem:           119Gi        77Gi        12Gi       1.1Gi        31Gi        41Gi
docker: nvllm cpu=102.66% mem=5.356GiB / 119.6GiB
---
2026-05-15T23:41:22-04:00
               total        used        free      shared  buff/cache   available
Mem:           119Gi        77Gi        12Gi       1.1Gi        31Gi        41Gi
docker: nvllm cpu=102.86% mem=5.356GiB / 119.6GiB
---
2026-05-15T23:41:53-04:00
               total        used        free      shared  buff/cache   available
Mem:           119Gi        77Gi        12Gi       1.1Gi        31Gi        41Gi
docker: nvllm cpu=102.80% mem=5.356GiB / 119.6GiB
---
2026-05-15T23:42:24-04:00
               total        used        free      shared  buff/cache   available
Mem:           119Gi        77Gi        12Gi       1.1Gi        31Gi        41Gi
docker: nvllm cpu=102.66% mem=5.356GiB / 119.6GiB
---
2026-05-15T23:42:56-04:00
               total        used        free      shared  buff/cache   available
Mem:           119Gi        77Gi        12Gi       1.1Gi        31Gi        41Gi
docker: nvllm cpu=103.11% mem=5.356GiB / 119.6GiB
---
2026-05-15T23:43:27-04:00
               total        used        free      shared  buff/cache   available
Mem:           119Gi        77Gi        12Gi       1.1Gi        31Gi        41Gi
docker: nvllm cpu=102.97% mem=5.356GiB / 119.6GiB
---
2026-05-15T23:43:58-04:00
               total        used        free      shared  buff/cache   available
Mem:           119Gi        77Gi        12Gi       1.1Gi        31Gi        41Gi
docker: nvllm cpu=103.42% mem=5.356GiB / 119.6GiB
---
2026-05-15T23:44:29-04:00
               total        used        free      shared  buff/cache   available
Mem:           119Gi        77Gi        12Gi       1.1Gi        31Gi        41Gi
docker: nvllm cpu=103.48% mem=5.356GiB / 119.6GiB
---
2026-05-15T23:45:00-04:00
               total        used        free      shared  buff/cache   available
Mem:           119Gi        77Gi        12Gi       1.1Gi        31Gi        41Gi
docker: nvllm cpu=103.22% mem=5.356GiB / 119.6GiB
---
2026-05-15T23:45:31-04:00
               total        used        free      shared  buff/cache   available
Mem:           119Gi        77Gi        12Gi       1.1Gi        31Gi        41Gi
docker: nvllm cpu=102.82% mem=5.356GiB / 119.6GiB
---
2026-05-15T23:46:02-04:00
               total        used        free      shared  buff/cache   available
Mem:           119Gi        77Gi        12Gi       1.1Gi        31Gi        41Gi
docker: nvllm cpu=102.90% mem=5.356GiB / 119.6GiB
---
2026-05-15T23:46:33-04:00
               total        used        free      shared  buff/cache   available
Mem:           119Gi        77Gi        12Gi       1.1Gi        31Gi        41Gi
docker: nvllm cpu=103.22% mem=5.357GiB / 119.6GiB
---
2026-05-15T23:47:04-04:00
               total        used        free      shared  buff/cache   available
Mem:           119Gi        77Gi        12Gi       1.1Gi        31Gi        41Gi
docker: nvllm cpu=102.83% mem=5.356GiB / 119.6GiB
---
2026-05-15T23:47:35-04:00
               total        used        free      shared  buff/cache   available
Mem:           119Gi        77Gi        12Gi       1.1Gi        31Gi        41Gi
docker: nvllm cpu=102.69% mem=5.356GiB / 119.6GiB
---
2026-05-15T23:48:06-04:00
               total        used        free      shared  buff/cache   available
Mem:           119Gi        77Gi        12Gi       1.1Gi        31Gi        41Gi
docker: nvllm cpu=103.18% mem=5.356GiB / 119.6GiB
---
2026-05-15T23:48:37-04:00
               total        used        free      shared  buff/cache   available
Mem:           119Gi        77Gi        12Gi       1.1Gi        31Gi        41Gi
docker: nvllm cpu=103.23% mem=5.356GiB / 119.6GiB
---
2026-05-15T23:49:08-04:00
               total        used        free      shared  buff/cache   available
Mem:           119Gi        77Gi        12Gi       1.1Gi        31Gi        41Gi
docker: nvllm cpu=102.56% mem=5.356GiB / 119.6GiB
---
2026-05-15T23:49:39-04:00
               total        used        free      shared  buff/cache   available
Mem:           119Gi        77Gi        12Gi       1.1Gi        31Gi        41Gi
docker: nvllm cpu=102.77% mem=5.356GiB / 119.6GiB
---
2026-05-15T23:50:10-04:00
               total        used        free      shared  buff/cache   available
Mem:           119Gi        77Gi        12Gi       1.1Gi        31Gi        41Gi
docker: nvllm cpu=102.74% mem=5.356GiB / 119.6GiB
---
2026-05-15T23:50:41-04:00
               total        used        free      shared  buff/cache   available
Mem:           119Gi        77Gi        12Gi       1.1Gi        31Gi        41Gi
docker: nvllm cpu=103.01% mem=5.356GiB / 119.6GiB
---
2026-05-15T23:51:12-04:00
               total        used        free      shared  buff/cache   available
Mem:           119Gi        77Gi        12Gi       1.1Gi        31Gi        41Gi
docker: nvllm cpu=102.92% mem=5.356GiB / 119.6GiB
---
2026-05-15T23:51:43-04:00
               total        used        free      shared  buff/cache   available
Mem:           119Gi        77Gi        12Gi       1.1Gi        31Gi        41Gi
docker: nvllm cpu=102.98% mem=5.356GiB / 119.6GiB
---
2026-05-15T23:52:14-04:00
               total        used        free      shared  buff/cache   available
Mem:           119Gi        77Gi        12Gi       1.1Gi        31Gi        41Gi
docker: nvllm cpu=102.87% mem=5.356GiB / 119.6GiB
---
2026-05-15T23:52:45-04:00
               total        used        free      shared  buff/cache   available
Mem:           119Gi        77Gi        12Gi       1.1Gi        31Gi        41Gi
docker: nvllm cpu=103.20% mem=5.356GiB / 119.6GiB
---
2026-05-15T23:53:16-04:00
               total        used        free      shared  buff/cache   available
Mem:           119Gi        77Gi        12Gi       1.1Gi        31Gi        41Gi
docker: nvllm cpu=103.69% mem=5.394GiB / 119.6GiB
---
2026-05-15T23:53:47-04:00
               total        used        free      shared  buff/cache   available
Mem:           119Gi        77Gi        12Gi       1.1Gi        31Gi        41Gi
docker: nvllm cpu=103.84% mem=5.409GiB / 119.6GiB
---
2026-05-15T23:54:18-04:00
               total        used        free      shared  buff/cache   available
Mem:           119Gi        77Gi        12Gi       1.1Gi        31Gi        41Gi
docker: nvllm cpu=103.76% mem=5.424GiB / 119.6GiB
---
2026-05-15T23:54:49-04:00
               total        used        free      shared  buff/cache   available
Mem:           119Gi        77Gi        12Gi       1.1Gi        31Gi        41Gi
docker: nvllm cpu=102.89% mem=5.435GiB / 119.6GiB
---
2026-05-15T23:55:20-04:00
               total        used        free      shared  buff/cache   available
Mem:           119Gi        77Gi        12Gi       1.1Gi        31Gi        41Gi
docker: nvllm cpu=102.83% mem=5.45GiB / 119.6GiB
---
2026-05-15T23:55:51-04:00
               total        used        free      shared  buff/cache   available
Mem:           119Gi        77Gi        12Gi       1.1Gi        31Gi        41Gi
docker: nvllm cpu=102.93% mem=5.466GiB / 119.6GiB
---
2026-05-15T23:56:22-04:00
               total        used        free      shared  buff/cache   available
Mem:           119Gi        77Gi        11Gi       1.1Gi        31Gi        41Gi
docker: nvllm cpu=102.73% mem=5.497GiB / 119.6GiB
---
2026-05-15T23:56:53-04:00
               total        used        free      shared  buff/cache   available
Mem:           119Gi        77Gi        11Gi       1.1Gi        31Gi        41Gi
docker: nvllm cpu=102.92% mem=5.507GiB / 119.6GiB
---
2026-05-15T23:57:24-04:00
               total        used        free      shared  buff/cache   available
Mem:           119Gi        77Gi        11Gi       1.1Gi        31Gi        41Gi
docker: nvllm cpu=103.24% mem=5.521GiB / 119.6GiB
---
2026-05-15T23:57:55-04:00
               total        used        free      shared  buff/cache   available
Mem:           119Gi        77Gi        11Gi       1.1Gi        31Gi        41Gi
docker: nvllm cpu=102.73% mem=5.536GiB / 119.6GiB
---
2026-05-15T23:58:26-04:00
               total        used        free      shared  buff/cache   available
Mem:           119Gi        77Gi        11Gi       1.1Gi        31Gi        41Gi
docker: nvllm cpu=102.70% mem=5.55GiB / 119.6GiB
---
2026-05-15T23:58:57-04:00
               total        used        free      shared  buff/cache   available
Mem:           119Gi        77Gi        11Gi       1.1Gi        31Gi        41Gi
docker: nvllm cpu=103.26% mem=5.56GiB / 119.6GiB
---
2026-05-15T23:59:28-04:00
               total        used        free      shared  buff/cache   available
Mem:           119Gi        77Gi        11Gi       1.1Gi        31Gi        41Gi
docker: nvllm cpu=102.41% mem=5.574GiB / 119.6GiB
---
2026-05-15T23:59:59-04:00
               total        used        free      shared  buff/cache   available
Mem:           119Gi        77Gi        11Gi       1.1Gi        31Gi        41Gi
docker: nvllm cpu=103.51% mem=5.605GiB / 119.6GiB
---
2026-05-16T00:00:30-04:00
               total        used        free      shared  buff/cache   available
Mem:           119Gi        77Gi        11Gi       1.1Gi        32Gi        41Gi
docker: nvllm cpu=103.52% mem=5.619GiB / 119.6GiB
---
2026-05-16T00:01:01-04:00
               total        used        free      shared  buff/cache   available
Mem:           119Gi        77Gi        11Gi       1.1Gi        32Gi        41Gi
docker: nvllm cpu=103.57% mem=5.63GiB / 119.6GiB
---
2026-05-16T00:01:32-04:00
               total        used        free      shared  buff/cache   available
Mem:           119Gi        77Gi        11Gi       1.1Gi        32Gi        41Gi
docker: nvllm cpu=102.94% mem=5.644GiB / 119.6GiB
---
2026-05-16T00:02:03-04:00
               total        used        free      shared  buff/cache   available
Mem:           119Gi        77Gi        11Gi       1.1Gi        32Gi        41Gi
docker: nvllm cpu=103.08% mem=5.659GiB / 119.6GiB
---
2026-05-16T00:02:34-04:00
               total        used        free      shared  buff/cache   available
Mem:           119Gi        77Gi        11Gi       1.1Gi        32Gi        41Gi
docker: nvllm cpu=102.40% mem=5.673GiB / 119.6GiB
---
2026-05-16T00:03:05-04:00
               total        used        free      shared  buff/cache   available
Mem:           119Gi        77Gi        11Gi       1.1Gi        32Gi        41Gi
docker: nvllm cpu=102.96% mem=5.703GiB / 119.6GiB
---
2026-05-16T00:03:36-04:00
               total        used        free      shared  buff/cache   available
Mem:           119Gi        77Gi        11Gi       1.1Gi        32Gi        41Gi
docker: nvllm cpu=102.34% mem=5.714GiB / 119.6GiB
---
2026-05-16T00:04:07-04:00
               total        used        free      shared  buff/cache   available
Mem:           119Gi        78Gi        11Gi       1.1Gi        32Gi        41Gi
docker: nvllm cpu=102.43% mem=5.728GiB / 119.6GiB
---
2026-05-16T00:04:38-04:00
               total        used        free      shared  buff/cache   available
Mem:           119Gi        78Gi        11Gi       1.1Gi        32Gi        41Gi
docker: nvllm cpu=102.90% mem=5.742GiB / 119.6GiB
---
2026-05-16T00:05:09-04:00
               total        used        free      shared  buff/cache   available
Mem:           119Gi        78Gi        11Gi       1.1Gi        32Gi        41Gi
docker: nvllm cpu=102.97% mem=5.753GiB / 119.6GiB
---
2026-05-16T00:05:40-04:00
               total        used        free      shared  buff/cache   available
Mem:           119Gi        78Gi        11Gi       1.1Gi        32Gi        41Gi
docker: nvllm cpu=103.01% mem=5.768GiB / 119.6GiB
---
2026-05-16T00:06:11-04:00
               total        used        free      shared  buff/cache   available
Mem:           119Gi        78Gi        11Gi       1.1Gi        32Gi        41Gi
docker: nvllm cpu=103.07% mem=5.798GiB / 119.6GiB
---
2026-05-16T00:06:42-04:00
               total        used        free      shared  buff/cache   available
Mem:           119Gi        78Gi        11Gi       1.1Gi        32Gi        41Gi
docker: nvllm cpu=103.50% mem=5.812GiB / 119.6GiB
---
2026-05-16T00:07:13-04:00
               total        used        free      shared  buff/cache   available
Mem:           119Gi        78Gi        11Gi       1.1Gi        32Gi        41Gi
docker: nvllm cpu=104.52% mem=5.827GiB / 119.6GiB
---
2026-05-16T00:07:45-04:00
               total        used        free      shared  buff/cache   available
Mem:           119Gi        78Gi        11Gi       1.1Gi        32Gi        41Gi
docker: nvllm cpu=103.53% mem=5.837GiB / 119.6GiB
---
2026-05-16T00:08:16-04:00
               total        used        free      shared  buff/cache   available
Mem:           119Gi        78Gi        11Gi       1.1Gi        32Gi        41Gi
docker: nvllm cpu=102.93% mem=5.851GiB / 119.6GiB
---
2026-05-16T00:08:47-04:00
               total        used        free      shared  buff/cache   available
Mem:           119Gi        78Gi        11Gi       1.1Gi        32Gi        41Gi
docker: nvllm cpu=103.00% mem=5.866GiB / 119.6GiB
---
2026-05-16T00:09:18-04:00
               total        used        free      shared  buff/cache   available
Mem:           119Gi        78Gi        11Gi       1.1Gi        32Gi        41Gi
docker: nvllm cpu=103.09% mem=5.897GiB / 119.6GiB
---
2026-05-16T00:09:49-04:00
               total        used        free      shared  buff/cache   available
Mem:           119Gi        78Gi        11Gi       1.1Gi        32Gi        41Gi
docker: nvllm cpu=103.44% mem=5.907GiB / 119.6GiB
---
2026-05-16T00:10:20-04:00
               total        used        free      shared  buff/cache   available
Mem:           119Gi        78Gi        11Gi       1.1Gi        32Gi        41Gi
docker: nvllm cpu=103.18% mem=5.921GiB / 119.6GiB
---
2026-05-16T00:10:51-04:00
               total        used        free      shared  buff/cache   available
Mem:           119Gi        78Gi        11Gi       1.1Gi        32Gi        41Gi
docker: nvllm cpu=102.83% mem=5.936GiB / 119.6GiB
---
2026-05-16T00:11:22-04:00
               total        used        free      shared  buff/cache   available
Mem:           119Gi        78Gi        11Gi       1.1Gi        32Gi        41Gi
docker: nvllm cpu=104.92% mem=5.95GiB / 119.6GiB
---
2026-05-16T00:11:53-04:00
               total        used        free      shared  buff/cache   available
Mem:           119Gi        78Gi        11Gi       1.1Gi        32Gi        41Gi
docker: nvllm cpu=103.28% mem=5.961GiB / 119.6GiB
---
2026-05-16T00:12:24-04:00
               total        used        free      shared  buff/cache   available
Mem:           119Gi        78Gi        11Gi       1.1Gi        32Gi        41Gi
docker: nvllm cpu=103.17% mem=5.975GiB / 119.6GiB
---
2026-05-16T00:12:55-04:00
               total        used        free      shared  buff/cache   available
Mem:           119Gi        78Gi        11Gi       1.1Gi        32Gi        41Gi
docker: nvllm cpu=102.96% mem=6.005GiB / 119.6GiB
---
2026-05-16T00:13:26-04:00
               total        used        free      shared  buff/cache   available
Mem:           119Gi        78Gi        11Gi       1.1Gi        32Gi        41Gi
docker: nvllm cpu=103.29% mem=6.02GiB / 119.6GiB
---
2026-05-16T00:13:57-04:00
               total        used        free      shared  buff/cache   available
Mem:           119Gi        78Gi        11Gi       1.1Gi        32Gi        41Gi
docker: nvllm cpu=102.91% mem=6.03GiB / 119.6GiB
---
2026-05-16T00:14:28-04:00
               total        used        free      shared  buff/cache   available
Mem:           119Gi        78Gi        11Gi       1.1Gi        32Gi        41Gi
docker: nvllm cpu=102.64% mem=6.045GiB / 119.6GiB
---
2026-05-16T00:14:59-04:00
               total        used        free      shared  buff/cache   available
Mem:           119Gi        78Gi        11Gi       1.1Gi        32Gi        41Gi
docker: nvllm cpu=102.58% mem=6.059GiB / 119.6GiB
---
2026-05-16T00:15:30-04:00
               total        used        free      shared  buff/cache   available
Mem:           119Gi        78Gi        11Gi       1.1Gi        32Gi        41Gi
docker: nvllm cpu=104.99% mem=6.074GiB / 119.6GiB
---
2026-05-16T00:16:01-04:00
               total        used        free      shared  buff/cache   available
Mem:           119Gi        78Gi        11Gi       1.1Gi        32Gi        41Gi
docker: nvllm cpu=102.87% mem=6.101GiB / 119.6GiB
---
2026-05-16T00:16:32-04:00
               total        used        free      shared  buff/cache   available
Mem:           119Gi        78Gi        11Gi       1.1Gi        32Gi        41Gi
docker: nvllm cpu=103.32% mem=6.116GiB / 119.6GiB
---
2026-05-16T00:17:03-04:00
               total        used        free      shared  buff/cache   available
Mem:           119Gi        78Gi        11Gi       1.1Gi        32Gi        41Gi
docker: nvllm cpu=103.36% mem=6.13GiB / 119.6GiB
---
2026-05-16T00:17:34-04:00
               total        used        free      shared  buff/cache   available
Mem:           119Gi        78Gi        11Gi       1.1Gi        32Gi        41Gi
docker: nvllm cpu=104.13% mem=6.145GiB / 119.6GiB
---
2026-05-16T00:18:05-04:00
               total        used        free      shared  buff/cache   available
Mem:           119Gi        78Gi        11Gi       1.1Gi        32Gi        41Gi
docker: nvllm cpu=102.96% mem=6.155GiB / 119.6GiB
---
2026-05-16T00:18:36-04:00
               total        used        free      shared  buff/cache   available
Mem:           119Gi        78Gi        11Gi       1.1Gi        32Gi        41Gi
docker: nvllm cpu=102.39% mem=6.169GiB / 119.6GiB
---
2026-05-16T00:19:07-04:00
               total        used        free      shared  buff/cache   available
Mem:           119Gi        78Gi        11Gi       1.1Gi        32Gi        41Gi
docker: nvllm cpu=102.67% mem=6.201GiB / 119.6GiB
---
2026-05-16T00:19:38-04:00
               total        used        free      shared  buff/cache   available
Mem:           119Gi        78Gi        11Gi       1.1Gi        32Gi        41Gi
docker: nvllm cpu=102.68% mem=6.216GiB / 119.6GiB
---
2026-05-16T00:20:09-04:00
               total        used        free      shared  buff/cache   available
Mem:           119Gi        78Gi        11Gi       1.1Gi        32Gi        41Gi
docker: nvllm cpu=102.74% mem=6.226GiB / 119.6GiB
---
2026-05-16T00:20:40-04:00
               total        used        free      shared  buff/cache   available
Mem:           119Gi        78Gi        11Gi       1.1Gi        32Gi        41Gi
docker: nvllm cpu=102.72% mem=6.24GiB / 119.6GiB
---
2026-05-16T00:21:11-04:00
               total        used        free      shared  buff/cache   available
Mem:           119Gi        78Gi        11Gi       1.1Gi        32Gi        41Gi
docker: nvllm cpu=102.57% mem=6.255GiB / 119.6GiB
---
2026-05-16T00:21:42-04:00
               total        used        free      shared  buff/cache   available
Mem:           119Gi        78Gi        11Gi       1.1Gi        32Gi        41Gi
docker: nvllm cpu=102.92% mem=6.27GiB / 119.6GiB
---
2026-05-16T00:22:13-04:00
               total        used        free      shared  buff/cache   available
Mem:           119Gi        78Gi        11Gi       1.1Gi        32Gi        41Gi
docker: nvllm cpu=102.82% mem=6.297GiB / 119.6GiB
---
2026-05-16T00:22:44-04:00
               total        used        free      shared  buff/cache   available
Mem:           119Gi        78Gi        11Gi       1.1Gi        32Gi        41Gi
docker: nvllm cpu=102.52% mem=6.312GiB / 119.6GiB
---
2026-05-16T00:23:15-04:00
               total        used        free      shared  buff/cache   available
Mem:           119Gi        78Gi        11Gi       1.1Gi        32Gi        41Gi
docker: nvllm cpu=102.52% mem=6.327GiB / 119.6GiB
---
2026-05-16T00:23:46-04:00
               total        used        free      shared  buff/cache   available
Mem:           119Gi        78Gi        11Gi       1.1Gi        32Gi        40Gi
docker: nvllm cpu=102.15% mem=6.341GiB / 119.6GiB
---
2026-05-16T00:24:17-04:00
               total        used        free      shared  buff/cache   available
Mem:           119Gi        78Gi        11Gi       1.1Gi        32Gi        40Gi
docker: nvllm cpu=102.79% mem=6.351GiB / 119.6GiB
---
2026-05-16T00:24:48-04:00
               total        used        free      shared  buff/cache   available
Mem:           119Gi        78Gi        10Gi       1.1Gi        32Gi        40Gi
docker: nvllm cpu=102.78% mem=6.366GiB / 119.6GiB
---
2026-05-16T00:25:19-04:00
               total        used        free      shared  buff/cache   available
Mem:           119Gi        78Gi        10Gi       1.1Gi        32Gi        40Gi
docker: nvllm cpu=102.47% mem=6.38GiB / 119.6GiB
---
2026-05-16T00:25:50-04:00
               total        used        free      shared  buff/cache   available
Mem:           119Gi        84Gi       2.3Gi       1.1Gi        35Gi        35Gi
docker: nvllm cpu=102.43% mem=11.95GiB / 119.6GiB
---
2026-05-16T00:26:21-04:00
               total        used        free      shared  buff/cache   available
Mem:           119Gi        84Gi       2.2Gi       1.1Gi        35Gi        35Gi
docker: nvllm cpu=102.14% mem=11.96GiB / 119.6GiB
---
2026-05-16T00:26:52-04:00
               total        used        free      shared  buff/cache   available
Mem:           119Gi        85Gi       3.7Gi       1.1Gi        32Gi        33Gi
docker: nvllm cpu=102.26% mem=13.75GiB / 119.6GiB
---
2026-05-16T00:27:23-04:00
               total        used        free      shared  buff/cache   available
Mem:           119Gi        92Gi       913Mi       1.1Gi        28Gi        27Gi
docker: nvllm cpu=102.64% mem=20.24GiB / 119.6GiB
---
2026-05-16T00:27:54-04:00
               total        used        free      shared  buff/cache   available
Mem:           119Gi        16Gi        78Gi       5.5Mi        25Gi       103Gi
---
2026-05-16T00:28:24-04:00
               total        used        free      shared  buff/cache   available
Mem:           119Gi        35Gi        54Gi       1.1Gi        31Gi        83Gi
docker: nvllm cpu=101.39% mem=7.433GiB / 119.6GiB
---
2026-05-16T00:28:55-04:00
               total        used        free      shared  buff/cache   available
Mem:           119Gi        40Gi        49Gi       2.1Gi        32Gi        79Gi
docker: nvllm cpu=102.40% mem=8.588GiB / 119.6GiB
---
2026-05-16T00:29:26-04:00
               total        used        free      shared  buff/cache   available
Mem:           119Gi        40Gi        49Gi       2.1Gi        32Gi        79Gi
docker: nvllm cpu=103.05% mem=8.623GiB / 119.6GiB
---
2026-05-16T00:29:57-04:00
               total        used        free      shared  buff/cache   available
Mem:           119Gi        40Gi        49Gi       2.1Gi        32Gi        79Gi
docker: nvllm cpu=103.59% mem=8.655GiB / 119.6GiB
---
2026-05-16T00:30:28-04:00
               total        used        free      shared  buff/cache   available
Mem:           119Gi        41Gi        48Gi       2.1Gi        32Gi        78Gi
docker: nvllm cpu=99.95% mem=8.988GiB / 119.6GiB
---
2026-05-16T00:30:59-04:00
               total        used        free      shared  buff/cache   available
Mem:           119Gi        44Gi        45Gi       2.1Gi        32Gi        75Gi
docker: nvllm cpu=102.37% mem=9.083GiB / 119.6GiB
---
2026-05-16T00:31:31-04:00
               total        used        free      shared  buff/cache   available
Mem:           119Gi        47Gi        42Gi       2.1Gi        32Gi        71Gi
docker: nvllm cpu=102.07% mem=9.083GiB / 119.6GiB
---
2026-05-16T00:32:02-04:00
               total        used        free      shared  buff/cache   available
Mem:           119Gi        75Gi        14Gi       1.1Gi        31Gi        43Gi
docker: nvllm cpu=102.32% mem=9.311GiB / 119.6GiB
---
2026-05-16T00:32:33-04:00
               total        used        free      shared  buff/cache   available
Mem:           119Gi        78Gi        11Gi       1.1Gi        31Gi        41Gi
docker: nvllm cpu=105.02% mem=9.47GiB / 119.6GiB
---
2026-05-16T00:33:04-04:00
               total        used        free      shared  buff/cache   available
Mem:           119Gi        78Gi        11Gi       1.1Gi        31Gi        41Gi
docker: nvllm cpu=103.87% mem=9.47GiB / 119.6GiB
---
2026-05-16T00:33:35-04:00
               total        used        free      shared  buff/cache   available
Mem:           119Gi        78Gi        11Gi       1.1Gi        31Gi        41Gi
docker: nvllm cpu=104.17% mem=9.469GiB / 119.6GiB
---
2026-05-16T00:34:06-04:00
               total        used        free      shared  buff/cache   available
Mem:           119Gi        78Gi        11Gi       1.1Gi        31Gi        41Gi
docker: nvllm cpu=104.18% mem=9.469GiB / 119.6GiB
---
2026-05-16T00:34:37-04:00
               total        used        free      shared  buff/cache   available
Mem:           119Gi        78Gi        11Gi       1.1Gi        31Gi        41Gi
docker: nvllm cpu=108.39% mem=9.47GiB / 119.6GiB
---
2026-05-16T00:35:08-04:00
               total        used        free      shared  buff/cache   available
Mem:           119Gi        78Gi        11Gi       1.1Gi        31Gi        41Gi
docker: nvllm cpu=108.21% mem=9.47GiB / 119.6GiB
---
2026-05-16T00:35:39-04:00
               total        used        free      shared  buff/cache   available
Mem:           119Gi        78Gi        11Gi       1.1Gi        31Gi        41Gi
docker: nvllm cpu=103.88% mem=9.469GiB / 119.6GiB
---
2026-05-16T00:36:10-04:00
               total        used        free      shared  buff/cache   available
Mem:           119Gi        78Gi        11Gi       1.1Gi        31Gi        41Gi
docker: nvllm cpu=103.73% mem=9.469GiB / 119.6GiB
---
2026-05-16T00:36:41-04:00
               total        used        free      shared  buff/cache   available
Mem:           119Gi        78Gi        11Gi       1.1Gi        31Gi        41Gi
docker: nvllm cpu=104.52% mem=9.47GiB / 119.6GiB
---
2026-05-16T00:37:12-04:00
               total        used        free      shared  buff/cache   available
Mem:           119Gi        78Gi        11Gi       1.1Gi        31Gi        41Gi
docker: nvllm cpu=103.39% mem=9.47GiB / 119.6GiB
---
2026-05-16T00:37:43-04:00
               total        used        free      shared  buff/cache   available
Mem:           119Gi        78Gi        11Gi       1.1Gi        31Gi        41Gi
docker: nvllm cpu=103.27% mem=9.469GiB / 119.6GiB
---
2026-05-16T00:38:14-04:00
               total        used        free      shared  buff/cache   available
Mem:           119Gi        78Gi        11Gi       1.1Gi        31Gi        41Gi
docker: nvllm cpu=104.68% mem=9.469GiB / 119.6GiB
---
2026-05-16T00:38:45-04:00
               total        used        free      shared  buff/cache   available
Mem:           119Gi        78Gi        11Gi       1.1Gi        31Gi        41Gi
docker: nvllm cpu=104.71% mem=9.469GiB / 119.6GiB
---
2026-05-16T00:39:16-04:00
               total        used        free      shared  buff/cache   available
Mem:           119Gi        78Gi        11Gi       1.1Gi        31Gi        41Gi
docker: nvllm cpu=103.18% mem=9.469GiB / 119.6GiB
---
2026-05-16T00:39:47-04:00
               total        used        free      shared  buff/cache   available
Mem:           119Gi        78Gi        11Gi       1.1Gi        31Gi        41Gi
docker: nvllm cpu=103.29% mem=9.469GiB / 119.6GiB
---
2026-05-16T00:40:18-04:00
               total        used        free      shared  buff/cache   available
Mem:           119Gi        78Gi        11Gi       1.1Gi        31Gi        41Gi
docker: nvllm cpu=103.32% mem=9.469GiB / 119.6GiB
---
2026-05-16T00:40:49-04:00
               total        used        free      shared  buff/cache   available
Mem:           119Gi        78Gi        11Gi       1.1Gi        31Gi        41Gi
docker: nvllm cpu=104.64% mem=9.469GiB / 119.6GiB
---
2026-05-16T00:41:20-04:00
               total        used        free      shared  buff/cache   available
Mem:           119Gi        78Gi        11Gi       1.1Gi        31Gi        41Gi
docker: nvllm cpu=103.59% mem=9.47GiB / 119.6GiB
---
2026-05-16T00:41:51-04:00
               total        used        free      shared  buff/cache   available
Mem:           119Gi        78Gi        11Gi       1.1Gi        31Gi        41Gi
docker: nvllm cpu=103.53% mem=9.47GiB / 119.6GiB
---
2026-05-16T00:42:22-04:00
               total        used        free      shared  buff/cache   available
Mem:           119Gi        78Gi        11Gi       1.1Gi        31Gi        41Gi
docker: nvllm cpu=104.06% mem=9.47GiB / 119.6GiB
---
2026-05-16T00:42:53-04:00
               total        used        free      shared  buff/cache   available
Mem:           119Gi        78Gi        11Gi       1.1Gi        31Gi        41Gi
docker: nvllm cpu=103.71% mem=9.47GiB / 119.6GiB
---
2026-05-16T00:43:24-04:00
               total        used        free      shared  buff/cache   available
Mem:           119Gi        78Gi        11Gi       1.1Gi        31Gi        41Gi
docker: nvllm cpu=107.72% mem=9.47GiB / 119.6GiB
---
2026-05-16T00:43:55-04:00
               total        used        free      shared  buff/cache   available
Mem:           119Gi        78Gi        11Gi       1.1Gi        31Gi        41Gi
docker: nvllm cpu=105.16% mem=9.469GiB / 119.6GiB
---
2026-05-16T00:44:26-04:00
               total        used        free      shared  buff/cache   available
Mem:           119Gi        78Gi        11Gi       1.1Gi        31Gi        41Gi
docker: nvllm cpu=104.12% mem=9.47GiB / 119.6GiB
---
2026-05-16T00:44:57-04:00
               total        used        free      shared  buff/cache   available
Mem:           119Gi        78Gi        11Gi       1.1Gi        31Gi        41Gi
docker: nvllm cpu=103.45% mem=9.47GiB / 119.6GiB
---
2026-05-16T00:45:28-04:00
               total        used        free      shared  buff/cache   available
Mem:           119Gi        78Gi        11Gi       1.1Gi        31Gi        41Gi
docker: nvllm cpu=104.97% mem=9.47GiB / 119.6GiB
---
2026-05-16T00:45:59-04:00
               total        used        free      shared  buff/cache   available
Mem:           119Gi        78Gi        11Gi       1.1Gi        31Gi        41Gi
docker: nvllm cpu=105.20% mem=9.469GiB / 119.6GiB
---
2026-05-16T00:46:30-04:00
               total        used        free      shared  buff/cache   available
Mem:           119Gi        78Gi        11Gi       1.1Gi        31Gi        41Gi
docker: nvllm cpu=103.75% mem=9.47GiB / 119.6GiB
---
2026-05-16T00:47:01-04:00
               total        used        free      shared  buff/cache   available
Mem:           119Gi        78Gi        11Gi       1.1Gi        31Gi        41Gi
docker: nvllm cpu=103.75% mem=9.469GiB / 119.6GiB
---
2026-05-16T00:47:32-04:00
               total        used        free      shared  buff/cache   available
Mem:           119Gi        78Gi        11Gi       1.1Gi        31Gi        41Gi
docker: nvllm cpu=105.01% mem=9.47GiB / 119.6GiB
---
2026-05-16T00:48:03-04:00
               total        used        free      shared  buff/cache   available
Mem:           119Gi        78Gi        11Gi       1.1Gi        31Gi        41Gi
docker: nvllm cpu=104.31% mem=9.47GiB / 119.6GiB
---
2026-05-16T00:48:34-04:00
               total        used        free      shared  buff/cache   available
Mem:           119Gi        78Gi        11Gi       1.1Gi        31Gi        41Gi
docker: nvllm cpu=103.33% mem=9.47GiB / 119.6GiB
---
2026-05-16T00:49:05-04:00
               total        used        free      shared  buff/cache   available
Mem:           119Gi        78Gi        11Gi       1.1Gi        31Gi        41Gi
docker: nvllm cpu=103.32% mem=9.469GiB / 119.6GiB
---
2026-05-16T00:49:36-04:00
               total        used        free      shared  buff/cache   available
Mem:           119Gi        78Gi        11Gi       1.1Gi        31Gi        41Gi
docker: nvllm cpu=104.87% mem=9.469GiB / 119.6GiB
---
2026-05-16T00:50:07-04:00
               total        used        free      shared  buff/cache   available
Mem:           119Gi        78Gi        11Gi       1.1Gi        31Gi        41Gi
docker: nvllm cpu=103.64% mem=9.469GiB / 119.6GiB
---
2026-05-16T00:50:38-04:00
               total        used        free      shared  buff/cache   available
Mem:           119Gi        78Gi        11Gi       1.1Gi        31Gi        41Gi
docker: nvllm cpu=103.94% mem=9.469GiB / 119.6GiB
---
2026-05-16T00:51:09-04:00
               total        used        free      shared  buff/cache   available
Mem:           119Gi        78Gi        11Gi       1.1Gi        31Gi        41Gi
docker: nvllm cpu=105.23% mem=9.469GiB / 119.6GiB
---
2026-05-16T00:51:40-04:00
               total        used        free      shared  buff/cache   available
Mem:           119Gi        78Gi        11Gi       1.1Gi        31Gi        41Gi
docker: nvllm cpu=105.24% mem=9.469GiB / 119.6GiB
---
2026-05-16T00:52:11-04:00
               total        used        free      shared  buff/cache   available
Mem:           119Gi        78Gi        11Gi       1.1Gi        31Gi        41Gi
docker: nvllm cpu=103.69% mem=9.469GiB / 119.6GiB
---
2026-05-16T00:52:42-04:00
               total        used        free      shared  buff/cache   available
Mem:           119Gi        78Gi        11Gi       1.1Gi        31Gi        41Gi
docker: nvllm cpu=104.48% mem=9.469GiB / 119.6GiB
---
2026-05-16T00:53:13-04:00
               total        used        free      shared  buff/cache   available
Mem:           119Gi        78Gi        11Gi       1.1Gi        31Gi        41Gi
docker: nvllm cpu=103.50% mem=9.469GiB / 119.6GiB
---
2026-05-16T00:53:44-04:00
               total        used        free      shared  buff/cache   available
Mem:           119Gi        78Gi        11Gi       1.1Gi        31Gi        41Gi
docker: nvllm cpu=104.81% mem=9.469GiB / 119.6GiB
---
2026-05-16T00:54:15-04:00
               total        used        free      shared  buff/cache   available
Mem:           119Gi        78Gi        11Gi       1.1Gi        31Gi        41Gi
docker: nvllm cpu=103.69% mem=9.47GiB / 119.6GiB
---
2026-05-16T00:54:47-04:00
               total        used        free      shared  buff/cache   available
Mem:           119Gi        78Gi        11Gi       1.1Gi        31Gi        41Gi
docker: nvllm cpu=104.93% mem=9.469GiB / 119.6GiB
---
2026-05-16T00:55:18-04:00
               total        used        free      shared  buff/cache   available
Mem:           119Gi        78Gi        11Gi       1.1Gi        31Gi        41Gi
docker: nvllm cpu=105.03% mem=9.47GiB / 119.6GiB
---
2026-05-16T00:55:49-04:00
               total        used        free      shared  buff/cache   available
Mem:           119Gi        78Gi        11Gi       1.1Gi        31Gi        41Gi
docker: nvllm cpu=103.59% mem=9.47GiB / 119.6GiB
---
2026-05-16T00:56:20-04:00
               total        used        free      shared  buff/cache   available
Mem:           119Gi        78Gi        11Gi       1.1Gi        31Gi        41Gi
docker: nvllm cpu=103.46% mem=9.47GiB / 119.6GiB
---
2026-05-16T00:56:51-04:00
               total        used        free      shared  buff/cache   available
Mem:           119Gi        78Gi        11Gi       1.1Gi        31Gi        41Gi
docker: nvllm cpu=103.56% mem=9.47GiB / 119.6GiB
---
2026-05-16T00:57:22-04:00
               total        used        free      shared  buff/cache   available
Mem:           119Gi        78Gi        11Gi       1.1Gi        31Gi        41Gi
docker: nvllm cpu=103.51% mem=9.469GiB / 119.6GiB
---
2026-05-16T00:57:53-04:00
               total        used        free      shared  buff/cache   available
Mem:           119Gi        78Gi        11Gi       1.1Gi        31Gi        41Gi
docker: nvllm cpu=103.77% mem=9.47GiB / 119.6GiB
---
2026-05-16T00:58:24-04:00
               total        used        free      shared  buff/cache   available
Mem:           119Gi        78Gi        11Gi       1.1Gi        31Gi        41Gi
docker: nvllm cpu=103.91% mem=9.47GiB / 119.6GiB
---
2026-05-16T00:58:55-04:00
               total        used        free      shared  buff/cache   available
Mem:           119Gi        78Gi        11Gi       1.1Gi        31Gi        41Gi
docker: nvllm cpu=105.40% mem=9.471GiB / 119.6GiB
---
2026-05-16T00:59:26-04:00
               total        used        free      shared  buff/cache   available
Mem:           119Gi        78Gi        11Gi       1.1Gi        31Gi        41Gi
docker: nvllm cpu=105.64% mem=9.47GiB / 119.6GiB
---
2026-05-16T00:59:57-04:00
               total        used        free      shared  buff/cache   available
Mem:           119Gi        78Gi        11Gi       1.1Gi        31Gi        41Gi
docker: nvllm cpu=107.81% mem=9.47GiB / 119.6GiB
---
2026-05-16T01:00:28-04:00
               total        used        free      shared  buff/cache   available
Mem:           119Gi        78Gi        11Gi       1.1Gi        31Gi        41Gi
docker: nvllm cpu=105.19% mem=9.47GiB / 119.6GiB
---
2026-05-16T01:00:59-04:00
               total        used        free      shared  buff/cache   available
Mem:           119Gi        78Gi        11Gi       1.1Gi        31Gi        41Gi
docker: nvllm cpu=105.52% mem=9.47GiB / 119.6GiB
---
2026-05-16T01:01:30-04:00
               total        used        free      shared  buff/cache   available
Mem:           119Gi        78Gi        11Gi       1.1Gi        31Gi        41Gi
docker: nvllm cpu=103.87% mem=9.47GiB / 119.6GiB
---
2026-05-16T01:02:01-04:00
               total        used        free      shared  buff/cache   available
Mem:           119Gi        78Gi        11Gi       1.1Gi        31Gi        41Gi
docker: nvllm cpu=105.36% mem=9.47GiB / 119.6GiB
---
2026-05-16T01:02:32-04:00
               total        used        free      shared  buff/cache   available
Mem:           119Gi        78Gi        11Gi       1.1Gi        31Gi        41Gi
docker: nvllm cpu=106.21% mem=9.469GiB / 119.6GiB
---
2026-05-16T01:03:03-04:00
               total        used        free      shared  buff/cache   available
Mem:           119Gi        78Gi        11Gi       1.1Gi        31Gi        41Gi
docker: nvllm cpu=106.49% mem=9.469GiB / 119.6GiB
---
2026-05-16T01:03:34-04:00
               total        used        free      shared  buff/cache   available
Mem:           119Gi        78Gi        11Gi       1.1Gi        31Gi        41Gi
docker: nvllm cpu=145.36% mem=9.47GiB / 119.6GiB
---
2026-05-16T01:04:05-04:00
               total        used        free      shared  buff/cache   available
Mem:           119Gi        78Gi        11Gi       1.1Gi        31Gi        41Gi
docker: nvllm cpu=103.56% mem=9.47GiB / 119.6GiB
---
2026-05-16T01:04:36-04:00
               total        used        free      shared  buff/cache   available
Mem:           119Gi        78Gi        11Gi       1.1Gi        31Gi        41Gi
docker: nvllm cpu=105.40% mem=9.47GiB / 119.6GiB
---
2026-05-16T01:05:07-04:00
               total        used        free      shared  buff/cache   available
Mem:           119Gi        78Gi        11Gi       1.1Gi        31Gi        41Gi
docker: nvllm cpu=105.54% mem=9.47GiB / 119.6GiB
---
2026-05-16T01:05:38-04:00
               total        used        free      shared  buff/cache   available
Mem:           119Gi        78Gi        11Gi       1.1Gi        31Gi        41Gi
docker: nvllm cpu=106.73% mem=9.469GiB / 119.6GiB
---
2026-05-16T01:06:09-04:00
               total        used        free      shared  buff/cache   available
Mem:           119Gi        78Gi        11Gi       1.1Gi        31Gi        41Gi
docker: nvllm cpu=105.42% mem=9.47GiB / 119.6GiB
---
2026-05-16T01:06:40-04:00
               total        used        free      shared  buff/cache   available
Mem:           119Gi        78Gi        11Gi       1.1Gi        31Gi        41Gi
docker: nvllm cpu=103.27% mem=9.47GiB / 119.6GiB
---
2026-05-16T01:07:11-04:00
               total        used        free      shared  buff/cache   available
Mem:           119Gi        78Gi        11Gi       1.1Gi        31Gi        41Gi
docker: nvllm cpu=103.65% mem=9.47GiB / 119.6GiB
---
2026-05-16T01:07:42-04:00
               total        used        free      shared  buff/cache   available
Mem:           119Gi        78Gi        11Gi       1.1Gi        31Gi        41Gi
docker: nvllm cpu=103.71% mem=9.47GiB / 119.6GiB
---
2026-05-16T01:08:13-04:00
               total        used        free      shared  buff/cache   available
Mem:           119Gi        78Gi        11Gi       1.1Gi        31Gi        41Gi
docker: nvllm cpu=103.89% mem=9.47GiB / 119.6GiB
---
2026-05-16T01:08:44-04:00
               total        used        free      shared  buff/cache   available
Mem:           119Gi        78Gi        11Gi       1.1Gi        31Gi        41Gi
docker: nvllm cpu=104.79% mem=9.47GiB / 119.6GiB
---
2026-05-16T01:09:15-04:00
               total        used        free      shared  buff/cache   available
Mem:           119Gi        78Gi        11Gi       1.1Gi        31Gi        41Gi
docker: nvllm cpu=103.52% mem=9.47GiB / 119.6GiB
---
2026-05-16T01:09:46-04:00
               total        used        free      shared  buff/cache   available
Mem:           119Gi        78Gi        11Gi       1.1Gi        31Gi        41Gi
docker: nvllm cpu=103.94% mem=9.47GiB / 119.6GiB
---
2026-05-16T01:10:17-04:00
               total        used        free      shared  buff/cache   available
Mem:           119Gi        78Gi        11Gi       1.1Gi        31Gi        41Gi
docker: nvllm cpu=103.74% mem=9.47GiB / 119.6GiB
---
2026-05-16T01:10:48-04:00
               total        used        free      shared  buff/cache   available
Mem:           119Gi        78Gi        11Gi       1.1Gi        31Gi        41Gi
docker: nvllm cpu=107.99% mem=9.47GiB / 119.6GiB
---
2026-05-16T01:11:19-04:00
               total        used        free      shared  buff/cache   available
Mem:           119Gi        78Gi        11Gi       1.1Gi        31Gi        41Gi
docker: nvllm cpu=107.56% mem=9.47GiB / 119.6GiB
---
2026-05-16T01:11:50-04:00
