2026-05-02T08:53:42-04:00
               total        used        free      shared  buff/cache   available
Mem:           119Gi       7.5Gi        80Gi       202Mi        33Gi       112Gi
---
2026-05-02T08:54:12-04:00
               total        used        free      shared  buff/cache   available
Mem:           119Gi        41Gi        46Gi       1.2Gi        34Gi        78Gi
docker: nvllm cpu=101.86% mem=3.151GiB / 119.6GiB
---
2026-05-02T08:54:43-04:00
               total        used        free      shared  buff/cache   available
Mem:           119Gi        42Gi        45Gi       2.2Gi        35Gi        77Gi
docker: nvllm cpu=102.58% mem=4.191GiB / 119.6GiB
---
2026-05-02T08:55:14-04:00
               total        used        free      shared  buff/cache   available
Mem:           119Gi        42Gi        45Gi       2.2Gi        35Gi        77Gi
docker: nvllm cpu=102.61% mem=4.233GiB / 119.6GiB
---
2026-05-02T08:55:45-04:00
               total        used        free      shared  buff/cache   available
Mem:           119Gi        43Gi        44Gi       2.2Gi        35Gi        76Gi
docker: nvllm cpu=101.90% mem=4.537GiB / 119.6GiB
---
2026-05-02T08:56:16-04:00
               total        used        free      shared  buff/cache   available
Mem:           119Gi        44Gi        43Gi       2.3Gi        35Gi        75Gi
docker: nvllm cpu=102.40% mem=4.66GiB / 119.6GiB
---
2026-05-02T08:56:47-04:00
               total        used        free      shared  buff/cache   available
Mem:           119Gi        49Gi        38Gi       2.2Gi        35Gi        70Gi
docker: nvllm cpu=102.07% mem=4.659GiB / 119.6GiB
---
2026-05-02T08:57:18-04:00
               total        used        free      shared  buff/cache   available
Mem:           119Gi        76Gi        10Gi       1.3Gi        34Gi        43Gi
docker: nvllm cpu=102.09% mem=4.819GiB / 119.6GiB
---
2026-05-02T08:57:49-04:00
               total        used        free      shared  buff/cache   available
Mem:           119Gi        78Gi       8.7Gi       1.2Gi        34Gi        41Gi
docker: nvllm cpu=103.91% mem=5.001GiB / 119.6GiB
---
2026-05-02T08:58:20-04:00
               total        used        free      shared  buff/cache   available
Mem:           119Gi        78Gi       8.8Gi       1.2Gi        34Gi        41Gi
docker: nvllm cpu=102.23% mem=5.002GiB / 119.6GiB
---
2026-05-02T08:58:51-04:00
               total        used        free      shared  buff/cache   available
Mem:           119Gi        78Gi       8.8Gi       1.2Gi        34Gi        41Gi
docker: nvllm cpu=102.87% mem=5.001GiB / 119.6GiB
---
2026-05-02T08:59:23-04:00
               total        used        free      shared  buff/cache   available
Mem:           119Gi        78Gi       8.8Gi       1.2Gi        34Gi        41Gi
docker: nvllm cpu=103.60% mem=5.002GiB / 119.6GiB
---
2026-05-02T08:59:54-04:00
               total        used        free      shared  buff/cache   available
Mem:           119Gi        78Gi       8.8Gi       1.2Gi        34Gi        41Gi
docker: nvllm cpu=103.86% mem=5.001GiB / 119.6GiB
---
2026-05-02T09:00:25-04:00
               total        used        free      shared  buff/cache   available
Mem:           119Gi        78Gi       8.8Gi       1.2Gi        34Gi        41Gi
docker: nvllm cpu=104.87% mem=5.001GiB / 119.6GiB
---
2026-05-02T09:00:56-04:00
               total        used        free      shared  buff/cache   available
Mem:           119Gi        78Gi       8.8Gi       1.2Gi        34Gi        41Gi
docker: nvllm cpu=103.35% mem=5.001GiB / 119.6GiB
---
2026-05-02T09:01:27-04:00
               total        used        free      shared  buff/cache   available
Mem:           119Gi        78Gi       8.8Gi       1.2Gi        34Gi        41Gi
docker: nvllm cpu=102.91% mem=5.002GiB / 119.6GiB
---
2026-05-02T09:01:58-04:00
               total        used        free      shared  buff/cache   available
Mem:           119Gi        78Gi       8.8Gi       1.2Gi        34Gi        41Gi
docker: nvllm cpu=103.51% mem=5.002GiB / 119.6GiB
---
2026-05-02T09:02:29-04:00
               total        used        free      shared  buff/cache   available
Mem:           119Gi        78Gi       8.8Gi       1.2Gi        34Gi        41Gi
docker: nvllm cpu=103.43% mem=5.001GiB / 119.6GiB
---
2026-05-02T09:03:00-04:00
               total        used        free      shared  buff/cache   available
Mem:           119Gi        78Gi       8.8Gi       1.2Gi        34Gi        41Gi
docker: nvllm cpu=104.00% mem=5.001GiB / 119.6GiB
---
2026-05-02T09:03:31-04:00
               total        used        free      shared  buff/cache   available
Mem:           119Gi        78Gi       8.8Gi       1.2Gi        34Gi        41Gi
docker: nvllm cpu=103.96% mem=5.001GiB / 119.6GiB
---
2026-05-02T09:04:02-04:00
               total        used        free      shared  buff/cache   available
Mem:           119Gi        78Gi       8.8Gi       1.2Gi        34Gi        41Gi
docker: nvllm cpu=103.38% mem=5.001GiB / 119.6GiB
---
2026-05-02T09:04:33-04:00
               total        used        free      shared  buff/cache   available
Mem:           119Gi        78Gi       8.8Gi       1.2Gi        34Gi        41Gi
docker: nvllm cpu=104.30% mem=5.004GiB / 119.6GiB
---
2026-05-02T09:05:04-04:00
               total        used        free      shared  buff/cache   available
Mem:           119Gi        78Gi       8.8Gi       1.2Gi        34Gi        41Gi
docker: nvllm cpu=103.54% mem=5.004GiB / 119.6GiB
---
2026-05-02T09:05:35-04:00
               total        used        free      shared  buff/cache   available
Mem:           119Gi        78Gi       8.8Gi       1.2Gi        34Gi        41Gi
docker: nvllm cpu=104.22% mem=5.004GiB / 119.6GiB
---
2026-05-02T09:06:06-04:00
               total        used        free      shared  buff/cache   available
Mem:           119Gi        78Gi       8.8Gi       1.2Gi        34Gi        41Gi
docker: nvllm cpu=103.80% mem=5.004GiB / 119.6GiB
---
2026-05-02T09:06:37-04:00
               total        used        free      shared  buff/cache   available
Mem:           119Gi        78Gi       8.8Gi       1.2Gi        34Gi        41Gi
docker: nvllm cpu=103.74% mem=5.004GiB / 119.6GiB
---
2026-05-02T09:07:08-04:00
               total        used        free      shared  buff/cache   available
Mem:           119Gi        78Gi       8.8Gi       1.2Gi        34Gi        41Gi
docker: nvllm cpu=103.57% mem=5.004GiB / 119.6GiB
---
2026-05-02T09:07:39-04:00
               total        used        free      shared  buff/cache   available
Mem:           119Gi        78Gi       8.8Gi       1.2Gi        34Gi        41Gi
docker: nvllm cpu=103.54% mem=5.004GiB / 119.6GiB
---
2026-05-02T09:08:10-04:00
               total        used        free      shared  buff/cache   available
Mem:           119Gi        78Gi       8.8Gi       1.2Gi        34Gi        41Gi
docker: nvllm cpu=103.18% mem=5.004GiB / 119.6GiB
---
2026-05-02T09:08:41-04:00
               total        used        free      shared  buff/cache   available
Mem:           119Gi        78Gi       8.8Gi       1.2Gi        34Gi        41Gi
docker: nvllm cpu=103.52% mem=5.004GiB / 119.6GiB
---
2026-05-02T09:09:12-04:00
               total        used        free      shared  buff/cache   available
Mem:           119Gi        78Gi       8.8Gi       1.2Gi        34Gi        41Gi
docker: nvllm cpu=103.30% mem=5.004GiB / 119.6GiB
---
2026-05-02T09:09:43-04:00
               total        used        free      shared  buff/cache   available
Mem:           119Gi        78Gi       8.8Gi       1.2Gi        34Gi        41Gi
docker: nvllm cpu=104.30% mem=5.004GiB / 119.6GiB
---
2026-05-02T09:10:14-04:00
               total        used        free      shared  buff/cache   available
Mem:           119Gi        78Gi       8.8Gi       1.2Gi        34Gi        41Gi
docker: nvllm cpu=103.30% mem=5.004GiB / 119.6GiB
---
2026-05-02T09:10:45-04:00
               total        used        free      shared  buff/cache   available
Mem:           119Gi        78Gi       8.8Gi       1.2Gi        34Gi        41Gi
docker: nvllm cpu=104.41% mem=5.004GiB / 119.6GiB
---
2026-05-02T09:11:16-04:00
               total        used        free      shared  buff/cache   available
Mem:           119Gi        78Gi       8.7Gi       1.3Gi        34Gi        41Gi
docker: nvllm cpu=104.34% mem=5.004GiB / 119.6GiB
---
2026-05-02T09:11:47-04:00
               total        used        free      shared  buff/cache   available
Mem:           119Gi        78Gi       8.8Gi       1.2Gi        34Gi        41Gi
docker: nvllm cpu=104.05% mem=5.004GiB / 119.6GiB
---
2026-05-02T09:12:18-04:00
               total        used        free      shared  buff/cache   available
Mem:           119Gi        78Gi       8.8Gi       1.2Gi        34Gi        41Gi
docker: nvllm cpu=103.30% mem=5.004GiB / 119.6GiB
---
2026-05-02T09:12:49-04:00
               total        used        free      shared  buff/cache   available
Mem:           119Gi        78Gi       8.8Gi       1.2Gi        34Gi        41Gi
docker: nvllm cpu=103.49% mem=5.004GiB / 119.6GiB
---
2026-05-02T09:13:20-04:00
               total        used        free      shared  buff/cache   available
Mem:           119Gi        78Gi       8.7Gi       1.2Gi        34Gi        41Gi
docker: nvllm cpu=104.22% mem=5.049GiB / 119.6GiB
---
2026-05-02T09:13:51-04:00
               total        used        free      shared  buff/cache   available
Mem:           119Gi        78Gi       8.7Gi       1.3Gi        34Gi        41Gi
docker: nvllm cpu=104.36% mem=5.074GiB / 119.6GiB
---
2026-05-02T09:14:22-04:00
               total        used        free      shared  buff/cache   available
Mem:           119Gi        78Gi       8.7Gi       1.2Gi        34Gi        41Gi
docker: nvllm cpu=104.21% mem=5.1GiB / 119.6GiB
---
2026-05-02T09:14:53-04:00
               total        used        free      shared  buff/cache   available
Mem:           119Gi        78Gi       8.6Gi       1.2Gi        34Gi        41Gi
docker: nvllm cpu=105.38% mem=5.122GiB / 119.6GiB
---
2026-05-02T09:15:24-04:00
               total        used        free      shared  buff/cache   available
Mem:           119Gi        78Gi       8.6Gi       1.2Gi        34Gi        41Gi
docker: nvllm cpu=103.45% mem=5.162GiB / 119.6GiB
---
2026-05-02T09:15:55-04:00
               total        used        free      shared  buff/cache   available
Mem:           119Gi        78Gi       8.6Gi       1.2Gi        34Gi        41Gi
docker: nvllm cpu=103.81% mem=5.186GiB / 119.6GiB
---
2026-05-02T09:16:26-04:00
               total        used        free      shared  buff/cache   available
Mem:           119Gi        78Gi       8.6Gi       1.2Gi        34Gi        41Gi
docker: nvllm cpu=103.55% mem=5.21GiB / 119.6GiB
---
2026-05-02T09:16:57-04:00
               total        used        free      shared  buff/cache   available
Mem:           119Gi        78Gi       8.5Gi       1.2Gi        34Gi        41Gi
docker: nvllm cpu=104.52% mem=5.251GiB / 119.6GiB
---
2026-05-02T09:17:28-04:00
               total        used        free      shared  buff/cache   available
Mem:           119Gi        78Gi       8.5Gi       1.2Gi        34Gi        40Gi
docker: nvllm cpu=105.21% mem=5.275GiB / 119.6GiB
---
2026-05-02T09:17:59-04:00
               total        used        free      shared  buff/cache   available
Mem:           119Gi        78Gi       8.4Gi       1.2Gi        34Gi        40Gi
docker: nvllm cpu=105.76% mem=5.3GiB / 119.6GiB
---
2026-05-02T09:18:30-04:00
               total        used        free      shared  buff/cache   available
Mem:           119Gi        78Gi       8.5Gi       1.2Gi        34Gi        40Gi
docker: nvllm cpu=104.32% mem=5.32GiB / 119.6GiB
---
2026-05-02T09:19:01-04:00
               total        used        free      shared  buff/cache   available
Mem:           119Gi        78Gi       8.4Gi       1.3Gi        34Gi        40Gi
docker: nvllm cpu=104.41% mem=5.361GiB / 119.6GiB
---
2026-05-02T09:19:32-04:00
               total        used        free      shared  buff/cache   available
Mem:           119Gi        78Gi       8.4Gi       1.3Gi        34Gi        40Gi
docker: nvllm cpu=103.50% mem=5.385GiB / 119.6GiB
---
2026-05-02T09:20:03-04:00
               total        used        free      shared  buff/cache   available
Mem:           119Gi        78Gi       8.4Gi       1.2Gi        34Gi        40Gi
docker: nvllm cpu=103.55% mem=5.409GiB / 119.6GiB
---
2026-05-02T09:20:34-04:00
               total        used        free      shared  buff/cache   available
Mem:           119Gi        78Gi       8.3Gi       1.3Gi        34Gi        40Gi
docker: nvllm cpu=104.38% mem=5.451GiB / 119.6GiB
---
2026-05-02T09:21:05-04:00
               total        used        free      shared  buff/cache   available
Mem:           119Gi        78Gi       8.3Gi       1.3Gi        34Gi        40Gi
docker: nvllm cpu=104.34% mem=5.475GiB / 119.6GiB
---
2026-05-02T09:21:36-04:00
               total        used        free      shared  buff/cache   available
Mem:           119Gi        78Gi       8.3Gi       1.3Gi        34Gi        40Gi
docker: nvllm cpu=104.12% mem=5.495GiB / 119.6GiB
---
2026-05-02T09:22:07-04:00
               total        used        free      shared  buff/cache   available
Mem:           119Gi        78Gi       8.2Gi       1.3Gi        34Gi        40Gi
docker: nvllm cpu=103.85% mem=5.52GiB / 119.6GiB
---
2026-05-02T09:22:39-04:00
               total        used        free      shared  buff/cache   available
Mem:           119Gi        78Gi       8.2Gi       1.3Gi        34Gi        40Gi
docker: nvllm cpu=103.55% mem=5.56GiB / 119.6GiB
---
2026-05-02T09:23:10-04:00
               total        used        free      shared  buff/cache   available
Mem:           119Gi        78Gi       8.2Gi       1.3Gi        34Gi        40Gi
docker: nvllm cpu=103.85% mem=5.585GiB / 119.6GiB
---
2026-05-02T09:23:41-04:00
               total        used        free      shared  buff/cache   available
Mem:           119Gi        78Gi       8.2Gi       1.3Gi        34Gi        40Gi
docker: nvllm cpu=104.81% mem=5.609GiB / 119.6GiB
---
2026-05-02T09:24:12-04:00
               total        used        free      shared  buff/cache   available
Mem:           119Gi        79Gi       8.1Gi       1.3Gi        34Gi        40Gi
docker: nvllm cpu=103.52% mem=5.65GiB / 119.6GiB
---
2026-05-02T09:24:43-04:00
               total        used        free      shared  buff/cache   available
Mem:           119Gi        79Gi       8.1Gi       1.3Gi        34Gi        40Gi
docker: nvllm cpu=105.25% mem=5.674GiB / 119.6GiB
---
2026-05-02T09:25:14-04:00
               total        used        free      shared  buff/cache   available
Mem:           119Gi        79Gi       8.0Gi       1.3Gi        34Gi        40Gi
docker: nvllm cpu=104.36% mem=5.694GiB / 119.6GiB
---
2026-05-02T09:25:45-04:00
               total        used        free      shared  buff/cache   available
Mem:           119Gi        79Gi       8.0Gi       1.3Gi        34Gi        40Gi
docker: nvllm cpu=103.63% mem=5.719GiB / 119.6GiB
---
2026-05-02T09:26:16-04:00
               total        used        free      shared  buff/cache   available
Mem:           119Gi        79Gi       8.0Gi       1.3Gi        34Gi        40Gi
docker: nvllm cpu=103.22% mem=5.76GiB / 119.6GiB
---
2026-05-02T09:26:47-04:00
               total        used        free      shared  buff/cache   available
Mem:           119Gi        79Gi       8.0Gi       1.3Gi        34Gi        40Gi
docker: nvllm cpu=105.38% mem=5.783GiB / 119.6GiB
---
2026-05-02T09:27:18-04:00
               total        used        free      shared  buff/cache   available
Mem:           119Gi        79Gi       8.0Gi       1.3Gi        34Gi        40Gi
docker: nvllm cpu=105.99% mem=5.808GiB / 119.6GiB
---
2026-05-02T09:27:49-04:00
               total        used        free      shared  buff/cache   available
Mem:           119Gi        79Gi       7.9Gi       1.3Gi        34Gi        40Gi
docker: nvllm cpu=107.91% mem=5.848GiB / 119.6GiB
---
2026-05-02T09:28:20-04:00
               total        used        free      shared  buff/cache   available
Mem:           119Gi        79Gi       7.9Gi       1.3Gi        34Gi        40Gi
docker: nvllm cpu=104.10% mem=5.869GiB / 119.6GiB
---
2026-05-02T09:28:51-04:00
               total        used        free      shared  buff/cache   available
Mem:           119Gi        79Gi       7.9Gi       1.3Gi        34Gi        40Gi
docker: nvllm cpu=103.76% mem=5.893GiB / 119.6GiB
---
2026-05-02T09:29:22-04:00
               total        used        free      shared  buff/cache   available
Mem:           119Gi        79Gi       7.9Gi       1.3Gi        34Gi        40Gi
docker: nvllm cpu=104.13% mem=5.918GiB / 119.6GiB
---
2026-05-02T09:29:53-04:00
               total        used        free      shared  buff/cache   available
Mem:           119Gi        79Gi       7.8Gi       1.3Gi        34Gi        40Gi
docker: nvllm cpu=103.99% mem=5.959GiB / 119.6GiB
---
2026-05-02T09:30:24-04:00
               total        used        free      shared  buff/cache   available
Mem:           119Gi        79Gi       7.7Gi       1.3Gi        34Gi        40Gi
docker: nvllm cpu=105.29% mem=5.984GiB / 119.6GiB
---
2026-05-02T09:30:55-04:00
               total        used        free      shared  buff/cache   available
Mem:           119Gi        79Gi       7.8Gi       1.3Gi        34Gi        40Gi
docker: nvllm cpu=106.80% mem=6.008GiB / 119.6GiB
---
2026-05-02T09:31:26-04:00
               total        used        free      shared  buff/cache   available
Mem:           119Gi        82Gi       5.0Gi       1.3Gi        34Gi        37Gi
docker: nvllm cpu=103.60% mem=8.718GiB / 119.6GiB
---
2026-05-02T09:31:57-04:00
               total        used        free      shared  buff/cache   available
Mem:           119Gi        84Gi       804Mi       1.3Gi        36Gi        34Gi
docker: nvllm cpu=102.29% mem=11.6GiB / 119.6GiB
---
2026-05-02T09:32:28-04:00
               total        used        free      shared  buff/cache   available
Mem:           119Gi        84Gi       763Mi       1.3Gi        36Gi        34Gi
docker: nvllm cpu=102.24% mem=11.6GiB / 119.6GiB
---
2026-05-02T09:32:59-04:00
               total        used        free      shared  buff/cache   available
Mem:           119Gi        88Gi       806Mi       1.3Gi        32Gi        31Gi
docker: nvllm cpu=102.57% mem=15.2GiB / 119.6GiB
---
2026-05-02T09:33:30-04:00
               total        used        free      shared  buff/cache   available
Mem:           119Gi        80Gi        14Gi       1.3Gi        26Gi        39Gi
docker: nvllm cpu=47.99% mem=1.585GiB / 119.6GiB
---
2026-05-02T09:34:01-04:00
               total        used        free      shared  buff/cache   available
Mem:           119Gi       8.6Gi        86Gi       204Mi        26Gi       111Gi
docker: nvllm cpu=97.84% mem=1.072GiB / 119.6GiB
---
2026-05-02T09:34:32-04:00
               total        used        free      shared  buff/cache   available
Mem:           119Gi        42Gi        48Gi       2.3Gi        32Gi        77Gi
docker: nvllm cpu=101.91% mem=7.861GiB / 119.6GiB
---
2026-05-02T09:35:03-04:00
               total        used        free      shared  buff/cache   available
Mem:           119Gi        42Gi        48Gi       2.2Gi        32Gi        77Gi
docker: nvllm cpu=102.60% mem=7.897GiB / 119.6GiB
---
2026-05-02T09:35:34-04:00
               total        used        free      shared  buff/cache   available
Mem:           119Gi        42Gi        48Gi       2.2Gi        32Gi        77Gi
docker: nvllm cpu=101.85% mem=7.938GiB / 119.6GiB
---
2026-05-02T09:36:05-04:00
               total        used        free      shared  buff/cache   available
Mem:           119Gi        43Gi        47Gi       2.2Gi        32Gi        76Gi
docker: nvllm cpu=102.16% mem=8.277GiB / 119.6GiB
---
2026-05-02T09:36:36-04:00
               total        used        free      shared  buff/cache   available
Mem:           119Gi        48Gi        41Gi       2.2Gi        32Gi        71Gi
docker: nvllm cpu=102.88% mem=8.36GiB / 119.6GiB
---
2026-05-02T09:37:07-04:00
               total        used        free      shared  buff/cache   available
Mem:           119Gi        38Gi        52Gi       1.3Gi        31Gi        81Gi
docker: nvllm cpu=102.78% mem=7.794GiB / 119.6GiB
---
2026-05-02T09:37:38-04:00
               total        used        free      shared  buff/cache   available
Mem:           119Gi        78Gi        11Gi       1.3Gi        31Gi        40Gi
docker: nvllm cpu=105.15% mem=8.768GiB / 119.6GiB
---
2026-05-02T09:38:09-04:00
               total        used        free      shared  buff/cache   available
Mem:           119Gi        78Gi        11Gi       1.3Gi        31Gi        41Gi
docker: nvllm cpu=106.84% mem=8.768GiB / 119.6GiB
---
2026-05-02T09:38:40-04:00
               total        used        free      shared  buff/cache   available
Mem:           119Gi        78Gi        11Gi       1.3Gi        31Gi        41Gi
docker: nvllm cpu=107.10% mem=8.768GiB / 119.6GiB
---
2026-05-02T09:39:11-04:00
               total        used        free      shared  buff/cache   available
Mem:           119Gi        78Gi        11Gi       1.3Gi        31Gi        41Gi
docker: nvllm cpu=110.49% mem=8.768GiB / 119.6GiB
---
2026-05-02T09:39:42-04:00
               total        used        free      shared  buff/cache   available
Mem:           119Gi        78Gi        11Gi       1.3Gi        31Gi        41Gi
docker: nvllm cpu=105.32% mem=8.768GiB / 119.6GiB
---
2026-05-02T09:40:13-04:00
               total        used        free      shared  buff/cache   available
Mem:           119Gi        78Gi        11Gi       1.3Gi        31Gi        41Gi
docker: nvllm cpu=107.18% mem=8.768GiB / 119.6GiB
---
2026-05-02T09:40:44-04:00
               total        used        free      shared  buff/cache   available
Mem:           119Gi        78Gi        11Gi       1.3Gi        31Gi        41Gi
docker: nvllm cpu=105.41% mem=8.768GiB / 119.6GiB
---
2026-05-02T09:41:15-04:00
               total        used        free      shared  buff/cache   available
Mem:           119Gi        78Gi        11Gi       1.3Gi        31Gi        41Gi
docker: nvllm cpu=106.54% mem=8.768GiB / 119.6GiB
---
2026-05-02T09:41:46-04:00
               total        used        free      shared  buff/cache   available
Mem:           119Gi        78Gi        11Gi       1.3Gi        31Gi        41Gi
docker: nvllm cpu=105.91% mem=8.769GiB / 119.6GiB
---
2026-05-02T09:42:17-04:00
               total        used        free      shared  buff/cache   available
Mem:           119Gi        78Gi        11Gi       1.3Gi        31Gi        41Gi
docker: nvllm cpu=109.52% mem=8.768GiB / 119.6GiB
---
2026-05-02T09:42:48-04:00
               total        used        free      shared  buff/cache   available
Mem:           119Gi        78Gi        11Gi       1.3Gi        31Gi        41Gi
docker: nvllm cpu=109.99% mem=8.768GiB / 119.6GiB
---
2026-05-02T09:43:19-04:00
               total        used        free      shared  buff/cache   available
Mem:           119Gi        78Gi        11Gi       1.3Gi        31Gi        41Gi
docker: nvllm cpu=110.03% mem=8.768GiB / 119.6GiB
---
2026-05-02T09:43:50-04:00
               total        used        free      shared  buff/cache   available
Mem:           119Gi        78Gi        11Gi       1.3Gi        31Gi        41Gi
docker: nvllm cpu=107.20% mem=8.768GiB / 119.6GiB
---
2026-05-02T09:44:21-04:00
               total        used        free      shared  buff/cache   available
Mem:           119Gi        78Gi        11Gi       1.3Gi        31Gi        41Gi
docker: nvllm cpu=114.56% mem=8.768GiB / 119.6GiB
---
2026-05-02T09:44:52-04:00
               total        used        free      shared  buff/cache   available
Mem:           119Gi        78Gi        11Gi       1.3Gi        31Gi        41Gi
docker: nvllm cpu=105.93% mem=8.771GiB / 119.6GiB
---
2026-05-02T09:45:24-04:00
               total        used        free      shared  buff/cache   available
Mem:           119Gi        78Gi        11Gi       1.3Gi        31Gi        41Gi
docker: nvllm cpu=109.65% mem=8.771GiB / 119.6GiB
---
2026-05-02T09:45:55-04:00
               total        used        free      shared  buff/cache   available
Mem:           119Gi        78Gi        11Gi       1.3Gi        31Gi        41Gi
docker: nvllm cpu=105.88% mem=8.771GiB / 119.6GiB
---
2026-05-02T09:46:26-04:00
               total        used        free      shared  buff/cache   available
Mem:           119Gi        78Gi        11Gi       1.3Gi        31Gi        41Gi
docker: nvllm cpu=105.20% mem=8.772GiB / 119.6GiB
---
2026-05-02T09:46:57-04:00
               total        used        free      shared  buff/cache   available
Mem:           119Gi        78Gi        11Gi       1.3Gi        31Gi        41Gi
docker: nvllm cpu=105.55% mem=8.772GiB / 119.6GiB
---
2026-05-02T09:47:28-04:00
               total        used        free      shared  buff/cache   available
Mem:           119Gi        78Gi        11Gi       1.3Gi        31Gi        41Gi
docker: nvllm cpu=105.74% mem=8.771GiB / 119.6GiB
---
2026-05-02T09:47:59-04:00
               total        used        free      shared  buff/cache   available
Mem:           119Gi        78Gi        11Gi       1.3Gi        31Gi        41Gi
docker: nvllm cpu=105.52% mem=8.772GiB / 119.6GiB
---
2026-05-02T09:48:30-04:00
               total        used        free      shared  buff/cache   available
Mem:           119Gi        78Gi        11Gi       1.3Gi        31Gi        41Gi
docker: nvllm cpu=105.42% mem=8.771GiB / 119.6GiB
---
2026-05-02T09:49:01-04:00
               total        used        free      shared  buff/cache   available
Mem:           119Gi        78Gi        11Gi       1.3Gi        31Gi        41Gi
docker: nvllm cpu=109.82% mem=8.772GiB / 119.6GiB
---
2026-05-02T09:49:32-04:00
               total        used        free      shared  buff/cache   available
Mem:           119Gi        78Gi        11Gi       1.3Gi        31Gi        41Gi
docker: nvllm cpu=106.79% mem=8.772GiB / 119.6GiB
---
2026-05-02T09:50:03-04:00
               total        used        free      shared  buff/cache   available
Mem:           119Gi        78Gi        11Gi       1.3Gi        31Gi        41Gi
docker: nvllm cpu=105.69% mem=8.772GiB / 119.6GiB
---
2026-05-02T09:50:34-04:00
               total        used        free      shared  buff/cache   available
Mem:           119Gi        78Gi        11Gi       1.3Gi        31Gi        41Gi
docker: nvllm cpu=105.50% mem=8.771GiB / 119.6GiB
---
2026-05-02T09:51:05-04:00
               total        used        free      shared  buff/cache   available
Mem:           119Gi        78Gi        11Gi       1.3Gi        31Gi        41Gi
docker: nvllm cpu=106.75% mem=8.772GiB / 119.6GiB
---
2026-05-02T09:51:36-04:00
               total        used        free      shared  buff/cache   available
Mem:           119Gi        78Gi        11Gi       1.3Gi        31Gi        41Gi
docker: nvllm cpu=105.76% mem=8.772GiB / 119.6GiB
---
2026-05-02T09:52:07-04:00
               total        used        free      shared  buff/cache   available
Mem:           119Gi        78Gi        11Gi       1.3Gi        31Gi        41Gi
docker: nvllm cpu=109.80% mem=8.772GiB / 119.6GiB
---
2026-05-02T09:52:38-04:00
               total        used        free      shared  buff/cache   available
Mem:           119Gi        78Gi        11Gi       1.3Gi        31Gi        41Gi
docker: nvllm cpu=105.89% mem=8.772GiB / 119.6GiB
---
2026-05-02T09:53:09-04:00
               total        used        free      shared  buff/cache   available
Mem:           119Gi        78Gi        11Gi       1.3Gi        31Gi        41Gi
docker: nvllm cpu=105.41% mem=8.771GiB / 119.6GiB
---
2026-05-02T09:53:40-04:00
               total        used        free      shared  buff/cache   available
Mem:           119Gi        78Gi        11Gi       1.3Gi        31Gi        41Gi
docker: nvllm cpu=107.01% mem=8.772GiB / 119.6GiB
---
2026-05-02T09:54:11-04:00
               total        used        free      shared  buff/cache   available
Mem:           119Gi        78Gi        11Gi       1.3Gi        31Gi        41Gi
docker: nvllm cpu=105.38% mem=8.773GiB / 119.6GiB
---
2026-05-02T09:54:42-04:00
               total        used        free      shared  buff/cache   available
Mem:           119Gi        78Gi        11Gi       1.3Gi        31Gi        41Gi
docker: nvllm cpu=105.93% mem=8.774GiB / 119.6GiB
---
2026-05-02T09:55:13-04:00
               total        used        free      shared  buff/cache   available
Mem:           119Gi        78Gi        11Gi       1.3Gi        31Gi        41Gi
docker: nvllm cpu=113.28% mem=8.774GiB / 119.6GiB
---
2026-05-02T09:55:44-04:00
               total        used        free      shared  buff/cache   available
Mem:           119Gi        78Gi        11Gi       1.3Gi        31Gi        41Gi
docker: nvllm cpu=105.58% mem=8.775GiB / 119.6GiB
---
2026-05-02T09:56:15-04:00
               total        used        free      shared  buff/cache   available
Mem:           119Gi        78Gi        11Gi       1.3Gi        31Gi        41Gi
docker: nvllm cpu=107.24% mem=8.775GiB / 119.6GiB
---
2026-05-02T09:56:46-04:00
               total        used        free      shared  buff/cache   available
Mem:           119Gi        78Gi        11Gi       1.3Gi        31Gi        41Gi
docker: nvllm cpu=109.36% mem=8.775GiB / 119.6GiB
---
2026-05-02T09:57:17-04:00
               total        used        free      shared  buff/cache   available
Mem:           119Gi        78Gi        11Gi       1.3Gi        31Gi        41Gi
docker: nvllm cpu=109.82% mem=8.773GiB / 119.6GiB
---
2026-05-02T09:57:48-04:00
               total        used        free      shared  buff/cache   available
Mem:           119Gi        78Gi        11Gi       1.3Gi        31Gi        41Gi
docker: nvllm cpu=105.96% mem=8.773GiB / 119.6GiB
---
2026-05-02T09:58:19-04:00
               total        used        free      shared  buff/cache   available
Mem:           119Gi        78Gi        11Gi       1.3Gi        31Gi        41Gi
docker: nvllm cpu=105.30% mem=8.773GiB / 119.6GiB
---
2026-05-02T09:58:50-04:00
               total        used        free      shared  buff/cache   available
Mem:           119Gi        78Gi        11Gi       1.3Gi        31Gi        41Gi
docker: nvllm cpu=105.15% mem=8.773GiB / 119.6GiB
---
2026-05-02T09:59:21-04:00
               total        used        free      shared  buff/cache   available
Mem:           119Gi        78Gi        11Gi       1.3Gi        31Gi        41Gi
docker: nvllm cpu=105.58% mem=8.773GiB / 119.6GiB
---
2026-05-02T09:59:52-04:00
               total        used        free      shared  buff/cache   available
Mem:           119Gi        78Gi        11Gi       1.3Gi        31Gi        41Gi
docker: nvllm cpu=105.20% mem=8.773GiB / 119.6GiB
---
2026-05-02T10:00:23-04:00
               total        used        free      shared  buff/cache   available
Mem:           119Gi        78Gi        11Gi       1.3Gi        31Gi        41Gi
docker: nvllm cpu=105.28% mem=8.773GiB / 119.6GiB
---
2026-05-02T10:00:54-04:00
               total        used        free      shared  buff/cache   available
Mem:           119Gi        78Gi        11Gi       1.3Gi        31Gi        41Gi
docker: nvllm cpu=113.71% mem=8.773GiB / 119.6GiB
---
2026-05-02T10:01:25-04:00
               total        used        free      shared  buff/cache   available
Mem:           119Gi        78Gi        11Gi       1.3Gi        31Gi        41Gi
docker: nvllm cpu=106.89% mem=8.773GiB / 119.6GiB
---
2026-05-02T10:01:56-04:00
               total        used        free      shared  buff/cache   available
Mem:           119Gi        78Gi        11Gi       1.3Gi        31Gi        41Gi
docker: nvllm cpu=110.05% mem=8.773GiB / 119.6GiB
---
2026-05-02T10:02:27-04:00
               total        used        free      shared  buff/cache   available
Mem:           119Gi        78Gi        11Gi       1.3Gi        31Gi        41Gi
docker: nvllm cpu=106.01% mem=8.774GiB / 119.6GiB
---
2026-05-02T10:02:58-04:00
               total        used        free      shared  buff/cache   available
Mem:           119Gi        78Gi        11Gi       1.3Gi        31Gi        41Gi
docker: nvllm cpu=105.20% mem=8.773GiB / 119.6GiB
---
2026-05-02T10:03:29-04:00
               total        used        free      shared  buff/cache   available
Mem:           119Gi        78Gi        11Gi       1.3Gi        31Gi        41Gi
docker: nvllm cpu=109.73% mem=8.773GiB / 119.6GiB
---
2026-05-02T10:04:00-04:00
               total        used        free      shared  buff/cache   available
Mem:           119Gi        78Gi        11Gi       1.3Gi        31Gi        41Gi
docker: nvllm cpu=110.51% mem=8.773GiB / 119.6GiB
---
2026-05-02T10:04:31-04:00
               total        used        free      shared  buff/cache   available
Mem:           119Gi        78Gi        11Gi       1.3Gi        31Gi        41Gi
docker: nvllm cpu=107.50% mem=8.772GiB / 119.6GiB
---
2026-05-02T10:05:02-04:00
               total        used        free      shared  buff/cache   available
Mem:           119Gi        78Gi        11Gi       1.3Gi        31Gi        41Gi
docker: nvllm cpu=105.02% mem=8.773GiB / 119.6GiB
---
2026-05-02T10:05:33-04:00
               total        used        free      shared  buff/cache   available
Mem:           119Gi        78Gi        11Gi       1.3Gi        31Gi        41Gi
docker: nvllm cpu=109.75% mem=8.773GiB / 119.6GiB
---
2026-05-02T10:06:04-04:00
               total        used        free      shared  buff/cache   available
Mem:           119Gi        78Gi        11Gi       1.3Gi        31Gi        41Gi
docker: nvllm cpu=107.15% mem=8.772GiB / 119.6GiB
---
2026-05-02T10:06:35-04:00
               total        used        free      shared  buff/cache   available
Mem:           119Gi        78Gi        11Gi       1.3Gi        31Gi        41Gi
docker: nvllm cpu=105.93% mem=8.772GiB / 119.6GiB
---
2026-05-02T10:07:06-04:00
               total        used        free      shared  buff/cache   available
Mem:           119Gi        78Gi        11Gi       1.3Gi        31Gi        41Gi
docker: nvllm cpu=106.83% mem=8.772GiB / 119.6GiB
---
2026-05-02T10:07:37-04:00
               total        used        free      shared  buff/cache   available
Mem:           119Gi        78Gi        11Gi       1.3Gi        31Gi        41Gi
docker: nvllm cpu=106.21% mem=8.772GiB / 119.6GiB
---
2026-05-02T10:08:08-04:00
               total        used        free      shared  buff/cache   available
Mem:           119Gi        78Gi        11Gi       1.3Gi        31Gi        41Gi
docker: nvllm cpu=105.52% mem=8.772GiB / 119.6GiB
---
2026-05-02T10:08:39-04:00
               total        used        free      shared  buff/cache   available
Mem:           119Gi        78Gi        11Gi       1.3Gi        31Gi        41Gi
docker: nvllm cpu=105.88% mem=8.772GiB / 119.6GiB
---
2026-05-02T10:09:11-04:00
               total        used        free      shared  buff/cache   available
Mem:           119Gi        78Gi        11Gi       1.3Gi        31Gi        41Gi
docker: nvllm cpu=105.40% mem=8.772GiB / 119.6GiB
---
2026-05-02T10:09:42-04:00
               total        used        free      shared  buff/cache   available
Mem:           119Gi        78Gi        11Gi       1.3Gi        31Gi        41Gi
docker: nvllm cpu=106.98% mem=8.772GiB / 119.6GiB
---
2026-05-02T10:10:13-04:00
               total        used        free      shared  buff/cache   available
Mem:           119Gi        78Gi        11Gi       1.3Gi        31Gi        41Gi
docker: nvllm cpu=110.25% mem=8.772GiB / 119.6GiB
---
2026-05-02T10:10:44-04:00
               total        used        free      shared  buff/cache   available
Mem:           119Gi        78Gi        11Gi       1.3Gi        31Gi        41Gi
docker: nvllm cpu=113.89% mem=8.773GiB / 119.6GiB
---
2026-05-02T10:11:15-04:00
               total        used        free      shared  buff/cache   available
Mem:           119Gi        78Gi        11Gi       1.3Gi        31Gi        41Gi
docker: nvllm cpu=110.65% mem=8.773GiB / 119.6GiB
---
2026-05-02T10:11:46-04:00
               total        used        free      shared  buff/cache   available
Mem:           119Gi        78Gi        11Gi       1.3Gi        31Gi        41Gi
docker: nvllm cpu=113.32% mem=8.772GiB / 119.6GiB
---
2026-05-02T10:12:17-04:00
               total        used        free      shared  buff/cache   available
Mem:           119Gi        78Gi        11Gi       1.3Gi        31Gi        41Gi
docker: nvllm cpu=109.96% mem=8.772GiB / 119.6GiB
---
2026-05-02T10:12:48-04:00
               total        used        free      shared  buff/cache   available
Mem:           119Gi        78Gi        11Gi       1.3Gi        31Gi        41Gi
docker: nvllm cpu=113.21% mem=8.772GiB / 119.6GiB
---
2026-05-02T10:13:19-04:00
               total        used        free      shared  buff/cache   available
Mem:           119Gi        78Gi        11Gi       1.3Gi        31Gi        41Gi
docker: nvllm cpu=107.02% mem=8.773GiB / 119.6GiB
---
2026-05-02T10:13:50-04:00
               total        used        free      shared  buff/cache   available
Mem:           119Gi        78Gi        11Gi       1.3Gi        31Gi        41Gi
docker: nvllm cpu=105.38% mem=8.773GiB / 119.6GiB
---
2026-05-02T10:14:21-04:00
               total        used        free      shared  buff/cache   available
Mem:           119Gi        78Gi        11Gi       1.3Gi        31Gi        41Gi
docker: nvllm cpu=110.34% mem=8.772GiB / 119.6GiB
---
2026-05-02T10:14:52-04:00
               total        used        free      shared  buff/cache   available
Mem:           119Gi        78Gi        11Gi       1.3Gi        31Gi        41Gi
docker: nvllm cpu=113.31% mem=8.773GiB / 119.6GiB
---
2026-05-02T10:15:23-04:00
               total        used        free      shared  buff/cache   available
Mem:           119Gi        78Gi        11Gi       1.3Gi        31Gi        41Gi
docker: nvllm cpu=105.58% mem=8.772GiB / 119.6GiB
---
2026-05-02T10:15:54-04:00
               total        used        free      shared  buff/cache   available
Mem:           119Gi        78Gi        11Gi       1.3Gi        31Gi        41Gi
docker: nvllm cpu=105.60% mem=8.773GiB / 119.6GiB
---
2026-05-02T10:16:25-04:00
               total        used        free      shared  buff/cache   available
Mem:           119Gi        78Gi        11Gi       1.3Gi        31Gi        41Gi
docker: nvllm cpu=105.63% mem=8.773GiB / 119.6GiB
---
2026-05-02T10:16:56-04:00
               total        used        free      shared  buff/cache   available
Mem:           119Gi        78Gi        11Gi       1.3Gi        31Gi        41Gi
docker: nvllm cpu=113.67% mem=8.773GiB / 119.6GiB
---
2026-05-02T10:17:27-04:00
               total        used        free      shared  buff/cache   available
Mem:           119Gi        78Gi        11Gi       1.3Gi        31Gi        41Gi
docker: nvllm cpu=105.37% mem=8.772GiB / 119.6GiB
---
2026-05-02T10:17:58-04:00
               total        used        free      shared  buff/cache   available
Mem:           119Gi        78Gi        11Gi       1.3Gi        31Gi        41Gi
docker: nvllm cpu=109.76% mem=8.772GiB / 119.6GiB
---
2026-05-02T10:18:29-04:00
               total        used        free      shared  buff/cache   available
Mem:           119Gi        78Gi        11Gi       1.3Gi        31Gi        41Gi
docker: nvllm cpu=105.30% mem=8.773GiB / 119.6GiB
---
2026-05-02T10:19:00-04:00
               total        used        free      shared  buff/cache   available
Mem:           119Gi        78Gi        11Gi       1.3Gi        31Gi        41Gi
docker: nvllm cpu=105.14% mem=8.772GiB / 119.6GiB
---
2026-05-02T10:19:31-04:00
               total        used        free      shared  buff/cache   available
Mem:           119Gi        78Gi        11Gi       1.3Gi        31Gi        41Gi
docker: nvllm cpu=110.06% mem=8.772GiB / 119.6GiB
---
2026-05-02T10:20:02-04:00
               total        used        free      shared  buff/cache   available
Mem:           119Gi        78Gi        11Gi       1.3Gi        31Gi        41Gi
docker: nvllm cpu=106.52% mem=8.773GiB / 119.6GiB
---
2026-05-02T10:20:33-04:00
               total        used        free      shared  buff/cache   available
Mem:           119Gi        78Gi        11Gi       1.3Gi        31Gi        41Gi
docker: nvllm cpu=110.66% mem=8.772GiB / 119.6GiB
---
2026-05-02T10:21:04-04:00
               total        used        free      shared  buff/cache   available
Mem:           119Gi        78Gi        11Gi       1.3Gi        31Gi        41Gi
docker: nvllm cpu=114.61% mem=8.773GiB / 119.6GiB
---
2026-05-02T10:21:35-04:00
               total        used        free      shared  buff/cache   available
Mem:           119Gi        78Gi        11Gi       1.3Gi        31Gi        41Gi
docker: nvllm cpu=113.87% mem=8.772GiB / 119.6GiB
---
2026-05-02T10:22:06-04:00
               total        used        free      shared  buff/cache   available
Mem:           119Gi        78Gi        11Gi       1.3Gi        31Gi        41Gi
docker: nvllm cpu=105.40% mem=8.773GiB / 119.6GiB
---
2026-05-02T10:22:37-04:00
               total        used        free      shared  buff/cache   available
Mem:           119Gi        78Gi        11Gi       1.3Gi        31Gi        41Gi
docker: nvllm cpu=110.33% mem=8.772GiB / 119.6GiB
---
2026-05-02T10:23:08-04:00
               total        used        free      shared  buff/cache   available
Mem:           119Gi        78Gi        11Gi       1.3Gi        31Gi        41Gi
docker: nvllm cpu=105.60% mem=8.773GiB / 119.6GiB
---
2026-05-02T10:23:39-04:00
               total        used        free      shared  buff/cache   available
Mem:           119Gi        78Gi        11Gi       1.3Gi        31Gi        41Gi
docker: nvllm cpu=105.49% mem=8.773GiB / 119.6GiB
---
2026-05-02T10:24:10-04:00
               total        used        free      shared  buff/cache   available
Mem:           119Gi        78Gi        11Gi       1.3Gi        31Gi        41Gi
docker: nvllm cpu=111.84% mem=8.772GiB / 119.6GiB
---
2026-05-02T10:24:41-04:00
               total        used        free      shared  buff/cache   available
Mem:           119Gi        78Gi        11Gi       1.3Gi        31Gi        41Gi
docker: nvllm cpu=109.88% mem=8.773GiB / 119.6GiB
---
2026-05-02T10:25:12-04:00
               total        used        free      shared  buff/cache   available
Mem:           119Gi        78Gi        11Gi       1.3Gi        31Gi        41Gi
docker: nvllm cpu=105.37% mem=8.772GiB / 119.6GiB
---
2026-05-02T10:25:43-04:00
               total        used        free      shared  buff/cache   available
Mem:           119Gi        78Gi        11Gi       1.3Gi        31Gi        41Gi
docker: nvllm cpu=105.48% mem=8.772GiB / 119.6GiB
---
2026-05-02T10:26:14-04:00
               total        used        free      shared  buff/cache   available
Mem:           119Gi        78Gi        11Gi       1.3Gi        31Gi        41Gi
docker: nvllm cpu=105.76% mem=8.772GiB / 119.6GiB
---
2026-05-02T10:26:45-04:00
               total        used        free      shared  buff/cache   available
Mem:           119Gi        78Gi        11Gi       1.3Gi        31Gi        41Gi
docker: nvllm cpu=105.70% mem=8.772GiB / 119.6GiB
---
2026-05-02T10:27:16-04:00
               total        used        free      shared  buff/cache   available
Mem:           119Gi        78Gi        11Gi       1.3Gi        31Gi        41Gi
docker: nvllm cpu=110.18% mem=8.773GiB / 119.6GiB
---
2026-05-02T10:27:47-04:00
               total        used        free      shared  buff/cache   available
Mem:           119Gi        78Gi        11Gi       1.3Gi        31Gi        41Gi
docker: nvllm cpu=109.61% mem=8.773GiB / 119.6GiB
---
2026-05-02T10:28:18-04:00
               total        used        free      shared  buff/cache   available
Mem:           119Gi        78Gi        11Gi       1.3Gi        31Gi        41Gi
docker: nvllm cpu=105.40% mem=8.773GiB / 119.6GiB
---
2026-05-02T10:28:49-04:00
               total        used        free      shared  buff/cache   available
Mem:           119Gi        78Gi        11Gi       1.3Gi        31Gi        41Gi
docker: nvllm cpu=105.48% mem=8.772GiB / 119.6GiB
---
2026-05-02T10:29:20-04:00
               total        used        free      shared  buff/cache   available
Mem:           119Gi        78Gi        11Gi       1.3Gi        31Gi        41Gi
docker: nvllm cpu=105.09% mem=8.772GiB / 119.6GiB
---
2026-05-02T10:29:51-04:00
               total        used        free      shared  buff/cache   available
Mem:           119Gi        78Gi        11Gi       1.3Gi        31Gi        41Gi
docker: nvllm cpu=106.01% mem=8.773GiB / 119.6GiB
---
2026-05-02T10:30:22-04:00
               total        used        free      shared  buff/cache   available
Mem:           119Gi        78Gi        11Gi       1.3Gi        31Gi        41Gi
docker: nvllm cpu=105.30% mem=8.772GiB / 119.6GiB
---
2026-05-02T10:30:53-04:00
               total        used        free      shared  buff/cache   available
Mem:           119Gi        78Gi        11Gi       1.3Gi        31Gi        41Gi
docker: nvllm cpu=110.36% mem=8.773GiB / 119.6GiB
---
2026-05-02T10:31:24-04:00
               total        used        free      shared  buff/cache   available
Mem:           119Gi        78Gi        11Gi       1.3Gi        31Gi        41Gi
docker: nvllm cpu=110.54% mem=8.773GiB / 119.6GiB
---
2026-05-02T10:31:55-04:00
               total        used        free      shared  buff/cache   available
Mem:           119Gi        78Gi        11Gi       1.3Gi        31Gi        41Gi
docker: nvllm cpu=110.19% mem=8.773GiB / 119.6GiB
---
2026-05-02T10:32:26-04:00
               total        used        free      shared  buff/cache   available
Mem:           119Gi        78Gi        11Gi       1.3Gi        31Gi        41Gi
docker: nvllm cpu=113.79% mem=8.772GiB / 119.6GiB
---
2026-05-02T10:32:58-04:00
               total        used        free      shared  buff/cache   available
Mem:           119Gi        78Gi        11Gi       1.3Gi        31Gi        41Gi
docker: nvllm cpu=110.83% mem=8.773GiB / 119.6GiB
---
2026-05-02T10:33:29-04:00
               total        used        free      shared  buff/cache   available
Mem:           119Gi        78Gi        11Gi       1.3Gi        31Gi        41Gi
docker: nvllm cpu=110.04% mem=8.772GiB / 119.6GiB
---
2026-05-02T10:34:00-04:00
               total        used        free      shared  buff/cache   available
Mem:           119Gi        78Gi        11Gi       1.3Gi        31Gi        41Gi
docker: nvllm cpu=105.31% mem=8.772GiB / 119.6GiB
---
2026-05-02T10:34:31-04:00
               total        used        free      shared  buff/cache   available
Mem:           119Gi        78Gi        11Gi       1.3Gi        31Gi        41Gi
docker: nvllm cpu=105.61% mem=8.772GiB / 119.6GiB
---
2026-05-02T10:35:02-04:00
               total        used        free      shared  buff/cache   available
Mem:           119Gi        78Gi        11Gi       1.3Gi        31Gi        41Gi
docker: nvllm cpu=105.68% mem=8.772GiB / 119.6GiB
---
2026-05-02T10:35:33-04:00
               total        used        free      shared  buff/cache   available
Mem:           119Gi        78Gi        11Gi       1.3Gi        31Gi        41Gi
docker: nvllm cpu=109.71% mem=8.772GiB / 119.6GiB
---
2026-05-02T10:36:04-04:00
               total        used        free      shared  buff/cache   available
Mem:           119Gi        78Gi        11Gi       1.3Gi        31Gi        41Gi
docker: nvllm cpu=112.42% mem=8.772GiB / 119.6GiB
---
2026-05-02T10:36:35-04:00
               total        used        free      shared  buff/cache   available
Mem:           119Gi        78Gi        11Gi       1.3Gi        31Gi        41Gi
docker: nvllm cpu=113.73% mem=8.772GiB / 119.6GiB
---
2026-05-02T10:37:06-04:00
               total        used        free      shared  buff/cache   available
Mem:           119Gi        78Gi        11Gi       1.3Gi        31Gi        41Gi
docker: nvllm cpu=110.23% mem=8.772GiB / 119.6GiB
---
2026-05-02T10:37:37-04:00
               total        used        free      shared  buff/cache   available
Mem:           119Gi        78Gi        11Gi       1.3Gi        31Gi        41Gi
docker: nvllm cpu=105.21% mem=8.772GiB / 119.6GiB
---
2026-05-02T10:38:08-04:00
               total        used        free      shared  buff/cache   available
Mem:           119Gi        78Gi        11Gi       1.3Gi        31Gi        41Gi
docker: nvllm cpu=104.96% mem=8.773GiB / 119.6GiB
---
2026-05-02T10:38:39-04:00
               total        used        free      shared  buff/cache   available
Mem:           119Gi        78Gi        11Gi       1.3Gi        31Gi        41Gi
docker: nvllm cpu=107.37% mem=8.772GiB / 119.6GiB
---
2026-05-02T10:39:10-04:00
               total        used        free      shared  buff/cache   available
Mem:           119Gi        78Gi        11Gi       1.3Gi        31Gi        41Gi
docker: nvllm cpu=105.48% mem=8.772GiB / 119.6GiB
---
2026-05-02T10:39:41-04:00
               total        used        free      shared  buff/cache   available
Mem:           119Gi        78Gi        11Gi       1.3Gi        31Gi        41Gi
docker: nvllm cpu=104.99% mem=8.773GiB / 119.6GiB
---
2026-05-02T10:40:12-04:00
               total        used        free      shared  buff/cache   available
Mem:           119Gi        78Gi        11Gi       1.3Gi        31Gi        41Gi
docker: nvllm cpu=111.64% mem=8.772GiB / 119.6GiB
---
2026-05-02T10:40:43-04:00
               total        used        free      shared  buff/cache   available
Mem:           119Gi        78Gi        11Gi       1.3Gi        31Gi        41Gi
docker: nvllm cpu=105.23% mem=8.772GiB / 119.6GiB
---
2026-05-02T10:41:14-04:00
               total        used        free      shared  buff/cache   available
Mem:           119Gi        78Gi        11Gi       1.3Gi        31Gi        41Gi
docker: nvllm cpu=105.33% mem=8.773GiB / 119.6GiB
---
2026-05-02T10:41:45-04:00
               total        used        free      shared  buff/cache   available
Mem:           119Gi        78Gi        11Gi       1.3Gi        31Gi        41Gi
docker: nvllm cpu=105.80% mem=8.772GiB / 119.6GiB
---
2026-05-02T10:42:16-04:00
               total        used        free      shared  buff/cache   available
Mem:           119Gi        78Gi        11Gi       1.3Gi        31Gi        41Gi
docker: nvllm cpu=107.16% mem=8.772GiB / 119.6GiB
---
2026-05-02T10:42:47-04:00
               total        used        free      shared  buff/cache   available
Mem:           119Gi        78Gi        11Gi       1.3Gi        31Gi        41Gi
docker: nvllm cpu=105.65% mem=8.772GiB / 119.6GiB
---
2026-05-02T10:43:18-04:00
               total        used        free      shared  buff/cache   available
Mem:           119Gi        78Gi        11Gi       1.3Gi        31Gi        41Gi
docker: nvllm cpu=113.18% mem=8.773GiB / 119.6GiB
---
2026-05-02T10:43:49-04:00
               total        used        free      shared  buff/cache   available
Mem:           119Gi        78Gi        11Gi       1.3Gi        31Gi        41Gi
docker: nvllm cpu=110.69% mem=8.773GiB / 119.6GiB
---
2026-05-02T10:44:20-04:00
               total        used        free      shared  buff/cache   available
Mem:           119Gi        78Gi        11Gi       1.3Gi        31Gi        41Gi
docker: nvllm cpu=109.60% mem=8.772GiB / 119.6GiB
---
2026-05-02T10:44:51-04:00
               total        used        free      shared  buff/cache   available
Mem:           119Gi       7.4Gi        83Gi       208Mi        30Gi       112Gi
---
2026-05-02T10:45:21-04:00
               total        used        free      shared  buff/cache   available
Mem:           119Gi        40Gi        49Gi       1.3Gi        31Gi        78Gi
docker: nvllm cpu=101.80% mem=3.163GiB / 119.6GiB
---
2026-05-02T10:45:52-04:00
               total        used        free      shared  buff/cache   available
Mem:           119Gi        42Gi        48Gi       2.3Gi        32Gi        77Gi
docker: nvllm cpu=103.43% mem=4.211GiB / 119.6GiB
---
2026-05-02T10:46:23-04:00
               total        used        free      shared  buff/cache   available
Mem:           119Gi        42Gi        48Gi       2.3Gi        32Gi        77Gi
docker: nvllm cpu=102.45% mem=4.243GiB / 119.6GiB
---
2026-05-02T10:46:54-04:00
               total        used        free      shared  buff/cache   available
Mem:           119Gi        42Gi        48Gi       2.3Gi        32Gi        77Gi
docker: nvllm cpu=102.70% mem=4.273GiB / 119.6GiB
---
2026-05-02T10:47:25-04:00
               total        used        free      shared  buff/cache   available
Mem:           119Gi        42Gi        48Gi       2.3Gi        32Gi        77Gi
docker: nvllm cpu=99.57% mem=4.521GiB / 119.6GiB
---
2026-05-02T10:47:56-04:00
               total        used        free      shared  buff/cache   available
Mem:           119Gi        43Gi        47Gi       2.3Gi        32Gi        76Gi
docker: nvllm cpu=102.08% mem=4.69GiB / 119.6GiB
---
2026-05-02T10:48:27-04:00
               total        used        free      shared  buff/cache   available
Mem:           119Gi        44Gi        45Gi       2.3Gi        32Gi        74Gi
docker: nvllm cpu=102.07% mem=4.715GiB / 119.6GiB
---
2026-05-02T10:48:58-04:00
               total        used        free      shared  buff/cache   available
Mem:           119Gi        39Gi        50Gi       2.3Gi        32Gi        80Gi
docker: nvllm cpu=102.00% mem=5.406GiB / 119.6GiB
---
2026-05-02T10:49:29-04:00
               total        used        free      shared  buff/cache   available
Mem:           119Gi        77Gi        12Gi       1.3Gi        31Gi        42Gi
docker: nvllm cpu=102.29% mem=5.223GiB / 119.6GiB
---
2026-05-02T10:50:00-04:00
               total        used        free      shared  buff/cache   available
Mem:           119Gi        79Gi        10Gi       1.3Gi        31Gi        40Gi
docker: nvllm cpu=102.90% mem=5.377GiB / 119.6GiB
---
2026-05-02T10:50:31-04:00
               total        used        free      shared  buff/cache   available
Mem:           119Gi        79Gi        10Gi       1.3Gi        31Gi        40Gi
docker: nvllm cpu=103.06% mem=5.378GiB / 119.6GiB
---
2026-05-02T10:51:02-04:00
               total        used        free      shared  buff/cache   available
Mem:           119Gi        79Gi        10Gi       1.3Gi        31Gi        40Gi
docker: nvllm cpu=102.39% mem=5.377GiB / 119.6GiB
---
2026-05-02T10:51:33-04:00
               total        used        free      shared  buff/cache   available
Mem:           119Gi        79Gi        10Gi       1.3Gi        31Gi        40Gi
docker: nvllm cpu=102.92% mem=5.377GiB / 119.6GiB
---
2026-05-02T10:52:04-04:00
               total        used        free      shared  buff/cache   available
Mem:           119Gi        79Gi        10Gi       1.3Gi        32Gi        40Gi
docker: nvllm cpu=102.81% mem=5.378GiB / 119.6GiB
---
2026-05-02T10:52:35-04:00
               total        used        free      shared  buff/cache   available
Mem:           119Gi        79Gi        10Gi       1.3Gi        32Gi        40Gi
docker: nvllm cpu=103.70% mem=5.377GiB / 119.6GiB
---
2026-05-02T10:53:06-04:00
               total        used        free      shared  buff/cache   available
Mem:           119Gi        79Gi        10Gi       1.3Gi        32Gi        40Gi
docker: nvllm cpu=102.93% mem=5.378GiB / 119.6GiB
---
2026-05-02T10:53:37-04:00
               total        used        free      shared  buff/cache   available
Mem:           119Gi        79Gi        10Gi       1.3Gi        32Gi        40Gi
docker: nvllm cpu=102.20% mem=5.378GiB / 119.6GiB
---
2026-05-02T10:54:08-04:00
               total        used        free      shared  buff/cache   available
Mem:           119Gi        79Gi        10Gi       1.3Gi        32Gi        40Gi
docker: nvllm cpu=103.07% mem=5.378GiB / 119.6GiB
---
2026-05-02T10:54:40-04:00
               total        used        free      shared  buff/cache   available
Mem:           119Gi        79Gi        10Gi       1.3Gi        32Gi        40Gi
docker: nvllm cpu=102.46% mem=5.378GiB / 119.6GiB
---
2026-05-02T10:55:11-04:00
               total        used        free      shared  buff/cache   available
Mem:           119Gi        79Gi        10Gi       1.3Gi        32Gi        40Gi
docker: nvllm cpu=102.71% mem=5.378GiB / 119.6GiB
---
2026-05-02T10:55:42-04:00
               total        used        free      shared  buff/cache   available
Mem:           119Gi        79Gi        10Gi       1.3Gi        32Gi        40Gi
docker: nvllm cpu=102.84% mem=5.377GiB / 119.6GiB
---
2026-05-02T10:56:13-04:00
               total        used        free      shared  buff/cache   available
Mem:           119Gi        79Gi        10Gi       1.3Gi        32Gi        40Gi
docker: nvllm cpu=103.23% mem=5.377GiB / 119.6GiB
---
2026-05-02T10:56:44-04:00
               total        used        free      shared  buff/cache   available
Mem:           119Gi        79Gi        10Gi       1.3Gi        32Gi        40Gi
docker: nvllm cpu=103.76% mem=5.377GiB / 119.6GiB
---
2026-05-02T10:57:15-04:00
               total        used        free      shared  buff/cache   available
Mem:           119Gi        79Gi        10Gi       1.3Gi        32Gi        40Gi
docker: nvllm cpu=102.90% mem=5.377GiB / 119.6GiB
---
2026-05-02T10:57:46-04:00
               total        used        free      shared  buff/cache   available
Mem:           119Gi        79Gi        10Gi       1.3Gi        32Gi        40Gi
docker: nvllm cpu=103.11% mem=5.377GiB / 119.6GiB
---
2026-05-02T10:58:17-04:00
               total        used        free      shared  buff/cache   available
Mem:           119Gi        79Gi        10Gi       1.3Gi        32Gi        40Gi
docker: nvllm cpu=103.57% mem=5.377GiB / 119.6GiB
---
2026-05-02T10:58:48-04:00
               total        used        free      shared  buff/cache   available
Mem:           119Gi        79Gi        10Gi       1.3Gi        32Gi        40Gi
docker: nvllm cpu=103.53% mem=5.378GiB / 119.6GiB
---
2026-05-02T10:59:19-04:00
               total        used        free      shared  buff/cache   available
Mem:           119Gi        79Gi        10Gi       1.3Gi        32Gi        40Gi
docker: nvllm cpu=102.80% mem=5.378GiB / 119.6GiB
---
2026-05-02T10:59:50-04:00
               total        used        free      shared  buff/cache   available
Mem:           119Gi        79Gi        10Gi       1.3Gi        32Gi        40Gi
docker: nvllm cpu=103.31% mem=5.378GiB / 119.6GiB
---
2026-05-02T11:00:21-04:00
               total        used        free      shared  buff/cache   available
Mem:           119Gi        79Gi        10Gi       1.3Gi        32Gi        40Gi
docker: nvllm cpu=102.45% mem=5.377GiB / 119.6GiB
---
2026-05-02T11:00:52-04:00
               total        used        free      shared  buff/cache   available
Mem:           119Gi        79Gi        10Gi       1.3Gi        32Gi        40Gi
docker: nvllm cpu=103.37% mem=5.377GiB / 119.6GiB
---
2026-05-02T11:01:23-04:00
               total        used        free      shared  buff/cache   available
Mem:           119Gi        79Gi        10Gi       1.3Gi        32Gi        40Gi
docker: nvllm cpu=103.18% mem=5.378GiB / 119.6GiB
---
2026-05-02T11:01:54-04:00
               total        used        free      shared  buff/cache   available
Mem:           119Gi        79Gi        10Gi       1.3Gi        32Gi        40Gi
docker: nvllm cpu=102.72% mem=5.377GiB / 119.6GiB
---
2026-05-02T11:02:25-04:00
               total        used        free      shared  buff/cache   available
Mem:           119Gi        79Gi        10Gi       1.3Gi        32Gi        40Gi
docker: nvllm cpu=103.48% mem=5.378GiB / 119.6GiB
---
2026-05-02T11:02:56-04:00
               total        used        free      shared  buff/cache   available
Mem:           119Gi        79Gi        10Gi       1.3Gi        32Gi        40Gi
docker: nvllm cpu=102.84% mem=5.377GiB / 119.6GiB
---
2026-05-02T11:03:27-04:00
               total        used        free      shared  buff/cache   available
Mem:           119Gi        79Gi        10Gi       1.3Gi        32Gi        40Gi
docker: nvllm cpu=103.16% mem=5.377GiB / 119.6GiB
---
2026-05-02T11:03:58-04:00
               total        used        free      shared  buff/cache   available
Mem:           119Gi        79Gi        10Gi       1.3Gi        32Gi        40Gi
docker: nvllm cpu=102.43% mem=5.377GiB / 119.6GiB
---
2026-05-02T11:04:29-04:00
               total        used        free      shared  buff/cache   available
Mem:           119Gi        79Gi        10Gi       1.3Gi        32Gi        40Gi
docker: nvllm cpu=102.79% mem=5.377GiB / 119.6GiB
---
2026-05-02T11:05:00-04:00
               total        used        free      shared  buff/cache   available
Mem:           119Gi        79Gi        10Gi       1.3Gi        32Gi        40Gi
docker: nvllm cpu=103.10% mem=5.377GiB / 119.6GiB
---
2026-05-02T11:05:31-04:00
               total        used        free      shared  buff/cache   available
Mem:           119Gi        79Gi        10Gi       1.3Gi        32Gi        40Gi
docker: nvllm cpu=103.28% mem=5.378GiB / 119.6GiB
---
2026-05-02T11:06:02-04:00
               total        used        free      shared  buff/cache   available
Mem:           119Gi        79Gi        10Gi       1.3Gi        32Gi        40Gi
docker: nvllm cpu=102.61% mem=5.378GiB / 119.6GiB
---
2026-05-02T11:06:33-04:00
               total        used        free      shared  buff/cache   available
Mem:           119Gi        79Gi        10Gi       1.3Gi        32Gi        40Gi
docker: nvllm cpu=103.12% mem=5.378GiB / 119.6GiB
---
2026-05-02T11:07:04-04:00
               total        used        free      shared  buff/cache   available
Mem:           119Gi        79Gi        10Gi       1.3Gi        32Gi        40Gi
docker: nvllm cpu=102.38% mem=5.377GiB / 119.6GiB
---
2026-05-02T11:07:35-04:00
               total        used        free      shared  buff/cache   available
Mem:           119Gi        79Gi        10Gi       1.3Gi        32Gi        40Gi
docker: nvllm cpu=102.98% mem=5.378GiB / 119.6GiB
---
2026-05-02T11:08:06-04:00
               total        used        free      shared  buff/cache   available
Mem:           119Gi        79Gi        10Gi       1.3Gi        32Gi        40Gi
docker: nvllm cpu=103.38% mem=5.377GiB / 119.6GiB
---
2026-05-02T11:08:37-04:00
               total        used        free      shared  buff/cache   available
Mem:           119Gi        79Gi        10Gi       1.3Gi        32Gi        40Gi
docker: nvllm cpu=103.33% mem=5.377GiB / 119.6GiB
---
2026-05-02T11:09:08-04:00
               total        used        free      shared  buff/cache   available
Mem:           119Gi        79Gi        10Gi       1.3Gi        32Gi        40Gi
docker: nvllm cpu=103.52% mem=5.42GiB / 119.6GiB
---
2026-05-02T11:09:39-04:00
               total        used        free      shared  buff/cache   available
Mem:           119Gi        79Gi        10Gi       1.3Gi        32Gi        40Gi
docker: nvllm cpu=103.39% mem=5.435GiB / 119.6GiB
---
2026-05-02T11:10:10-04:00
               total        used        free      shared  buff/cache   available
Mem:           119Gi        79Gi        10Gi       1.3Gi        32Gi        40Gi
docker: nvllm cpu=103.06% mem=5.446GiB / 119.6GiB
---
2026-05-02T11:10:41-04:00
               total        used        free      shared  buff/cache   available
Mem:           119Gi        79Gi        10Gi       1.3Gi        32Gi        40Gi
docker: nvllm cpu=103.23% mem=5.461GiB / 119.6GiB
---
2026-05-02T11:11:12-04:00
               total        used        free      shared  buff/cache   available
Mem:           119Gi        79Gi        10Gi       1.3Gi        32Gi        40Gi
docker: nvllm cpu=103.76% mem=5.476GiB / 119.6GiB
---
2026-05-02T11:11:43-04:00
               total        used        free      shared  buff/cache   available
Mem:           119Gi        79Gi        10Gi       1.3Gi        32Gi        40Gi
docker: nvllm cpu=104.41% mem=5.491GiB / 119.6GiB
---
2026-05-02T11:12:14-04:00
               total        used        free      shared  buff/cache   available
Mem:           119Gi        79Gi        10Gi       1.3Gi        32Gi        40Gi
docker: nvllm cpu=103.49% mem=5.522GiB / 119.6GiB
---
2026-05-02T11:12:45-04:00
               total        used        free      shared  buff/cache   available
Mem:           119Gi        79Gi        10Gi       1.3Gi        32Gi        40Gi
docker: nvllm cpu=104.41% mem=5.537GiB / 119.6GiB
---
2026-05-02T11:13:16-04:00
               total        used        free      shared  buff/cache   available
Mem:           119Gi        79Gi        10Gi       1.3Gi        32Gi        40Gi
docker: nvllm cpu=103.00% mem=5.547GiB / 119.6GiB
---
2026-05-02T11:13:47-04:00
               total        used        free      shared  buff/cache   available
Mem:           119Gi        79Gi        10Gi       1.3Gi        32Gi        40Gi
docker: nvllm cpu=102.65% mem=5.561GiB / 119.6GiB
---
2026-05-02T11:14:18-04:00
               total        used        free      shared  buff/cache   available
Mem:           119Gi        79Gi        10Gi       1.3Gi        32Gi        40Gi
docker: nvllm cpu=104.01% mem=5.576GiB / 119.6GiB
---
2026-05-02T11:14:49-04:00
               total        used        free      shared  buff/cache   available
Mem:           119Gi        79Gi        10Gi       1.3Gi        32Gi        40Gi
docker: nvllm cpu=103.78% mem=5.59GiB / 119.6GiB
---
2026-05-02T11:15:20-04:00
               total        used        free      shared  buff/cache   available
Mem:           119Gi        79Gi        10Gi       1.3Gi        32Gi        40Gi
docker: nvllm cpu=102.38% mem=5.621GiB / 119.6GiB
---
2026-05-02T11:15:51-04:00
               total        used        free      shared  buff/cache   available
Mem:           119Gi        79Gi        10Gi       1.3Gi        32Gi        40Gi
docker: nvllm cpu=105.06% mem=5.635GiB / 119.6GiB
---
2026-05-02T11:16:22-04:00
               total        used        free      shared  buff/cache   available
Mem:           119Gi        79Gi        10Gi       1.3Gi        32Gi        40Gi
docker: nvllm cpu=103.01% mem=5.646GiB / 119.6GiB
---
2026-05-02T11:16:53-04:00
               total        used        free      shared  buff/cache   available
Mem:           119Gi        79Gi        10Gi       1.3Gi        32Gi        40Gi
docker: nvllm cpu=103.74% mem=5.66GiB / 119.6GiB
---
2026-05-02T11:17:24-04:00
               total        used        free      shared  buff/cache   available
Mem:           119Gi        79Gi        10Gi       1.3Gi        32Gi        40Gi
docker: nvllm cpu=104.67% mem=5.674GiB / 119.6GiB
---
2026-05-02T11:17:56-04:00
               total        used        free      shared  buff/cache   available
Mem:           119Gi        79Gi        10Gi       1.3Gi        32Gi        40Gi
docker: nvllm cpu=103.02% mem=5.688GiB / 119.6GiB
---
2026-05-02T11:18:27-04:00
               total        used        free      shared  buff/cache   available
Mem:           119Gi        79Gi        10Gi       1.3Gi        32Gi        40Gi
docker: nvllm cpu=103.21% mem=5.719GiB / 119.6GiB
---
2026-05-02T11:18:58-04:00
               total        used        free      shared  buff/cache   available
Mem:           119Gi        79Gi        10Gi       1.3Gi        32Gi        39Gi
docker: nvllm cpu=103.58% mem=5.73GiB / 119.6GiB
---
2026-05-02T11:19:29-04:00
               total        used        free      shared  buff/cache   available
Mem:           119Gi        79Gi        10Gi       1.3Gi        32Gi        40Gi
docker: nvllm cpu=102.99% mem=5.744GiB / 119.6GiB
---
2026-05-02T11:20:00-04:00
               total        used        free      shared  buff/cache   available
Mem:           119Gi        79Gi        10Gi       1.3Gi        32Gi        39Gi
docker: nvllm cpu=104.38% mem=5.758GiB / 119.6GiB
---
2026-05-02T11:20:31-04:00
               total        used        free      shared  buff/cache   available
Mem:           119Gi        79Gi        10Gi       1.3Gi        32Gi        39Gi
docker: nvllm cpu=102.83% mem=5.772GiB / 119.6GiB
---
2026-05-02T11:21:02-04:00
               total        used        free      shared  buff/cache   available
Mem:           119Gi        79Gi        10Gi       1.3Gi        32Gi        39Gi
docker: nvllm cpu=103.63% mem=5.787GiB / 119.6GiB
---
2026-05-02T11:21:33-04:00
               total        used        free      shared  buff/cache   available
Mem:           119Gi        79Gi        10Gi       1.3Gi        32Gi        39Gi
docker: nvllm cpu=102.35% mem=5.798GiB / 119.6GiB
---
2026-05-02T11:22:04-04:00
               total        used        free      shared  buff/cache   available
Mem:           119Gi        79Gi        10Gi       1.3Gi        32Gi        39Gi
docker: nvllm cpu=103.09% mem=5.828GiB / 119.6GiB
---
2026-05-02T11:22:35-04:00
               total        used        free      shared  buff/cache   available
Mem:           119Gi        79Gi        10Gi       1.3Gi        32Gi        39Gi
docker: nvllm cpu=103.16% mem=5.842GiB / 119.6GiB
---
2026-05-02T11:23:06-04:00
               total        used        free      shared  buff/cache   available
Mem:           119Gi        79Gi        10Gi       1.3Gi        32Gi        39Gi
docker: nvllm cpu=104.13% mem=5.857GiB / 119.6GiB
---
2026-05-02T11:23:37-04:00
               total        used        free      shared  buff/cache   available
Mem:           119Gi        79Gi        10Gi       1.3Gi        32Gi        39Gi
docker: nvllm cpu=102.36% mem=5.871GiB / 119.6GiB
---
2026-05-02T11:24:08-04:00
               total        used        free      shared  buff/cache   available
Mem:           119Gi        79Gi        10Gi       1.3Gi        32Gi        39Gi
docker: nvllm cpu=104.64% mem=5.886GiB / 119.6GiB
---
2026-05-02T11:24:39-04:00
               total        used        free      shared  buff/cache   available
Mem:           119Gi        79Gi        10Gi       1.3Gi        32Gi        39Gi
docker: nvllm cpu=102.75% mem=5.896GiB / 119.6GiB
---
2026-05-02T11:25:10-04:00
               total        used        free      shared  buff/cache   available
Mem:           119Gi        79Gi        10Gi       1.3Gi        32Gi        39Gi
docker: nvllm cpu=103.42% mem=5.927GiB / 119.6GiB
---
2026-05-02T11:25:41-04:00
               total        used        free      shared  buff/cache   available
Mem:           119Gi        79Gi        10Gi       1.3Gi        32Gi        39Gi
docker: nvllm cpu=103.19% mem=5.941GiB / 119.6GiB
---
2026-05-02T11:26:12-04:00
               total        used        free      shared  buff/cache   available
Mem:           119Gi        79Gi        10Gi       1.3Gi        32Gi        39Gi
docker: nvllm cpu=104.25% mem=5.955GiB / 119.6GiB
---
2026-05-02T11:26:43-04:00
               total        used        free      shared  buff/cache   available
Mem:           119Gi        79Gi        10Gi       1.3Gi        32Gi        39Gi
docker: nvllm cpu=103.33% mem=5.97GiB / 119.6GiB
---
2026-05-02T11:27:14-04:00
               total        used        free      shared  buff/cache   available
Mem:           119Gi        79Gi        10Gi       1.3Gi        32Gi        39Gi
docker: nvllm cpu=103.24% mem=5.98GiB / 119.6GiB
---
2026-05-02T11:27:45-04:00
               total        used        free      shared  buff/cache   available
Mem:           119Gi        79Gi        10Gi       1.3Gi        32Gi        39Gi
docker: nvllm cpu=103.87% mem=5.995GiB / 119.6GiB
---
2026-05-02T11:28:16-04:00
               total        used        free      shared  buff/cache   available
Mem:           119Gi        79Gi         9Gi       1.3Gi        32Gi        39Gi
docker: nvllm cpu=102.98% mem=6.025GiB / 119.6GiB
---
2026-05-02T11:28:47-04:00
               total        used        free      shared  buff/cache   available
Mem:           119Gi        79Gi         9Gi       1.3Gi        32Gi        39Gi
docker: nvllm cpu=103.21% mem=6.04GiB / 119.6GiB
---
2026-05-02T11:29:18-04:00
               total        used        free      shared  buff/cache   available
Mem:           119Gi        79Gi         9Gi       1.3Gi        32Gi        39Gi
docker: nvllm cpu=103.39% mem=6.054GiB / 119.6GiB
---
2026-05-02T11:29:49-04:00
               total        used        free      shared  buff/cache   available
Mem:           119Gi        79Gi         9Gi       1.3Gi        32Gi        39Gi
docker: nvllm cpu=103.55% mem=6.069GiB / 119.6GiB
---
2026-05-02T11:30:20-04:00
               total        used        free      shared  buff/cache   available
Mem:           119Gi        79Gi       9.9Gi       1.3Gi        32Gi        39Gi
docker: nvllm cpu=103.62% mem=6.079GiB / 119.6GiB
---
2026-05-02T11:30:51-04:00
               total        used        free      shared  buff/cache   available
Mem:           119Gi        79Gi       9.9Gi       1.3Gi        32Gi        39Gi
docker: nvllm cpu=104.44% mem=6.094GiB / 119.6GiB
---
2026-05-02T11:31:22-04:00
               total        used        free      shared  buff/cache   available
Mem:           119Gi        80Gi       9.9Gi       1.3Gi        32Gi        39Gi
docker: nvllm cpu=102.75% mem=6.125GiB / 119.6GiB
---
2026-05-02T11:31:53-04:00
               total        used        free      shared  buff/cache   available
Mem:           119Gi        80Gi       9.9Gi       1.3Gi        32Gi        39Gi
docker: nvllm cpu=102.87% mem=6.14GiB / 119.6GiB
---
2026-05-02T11:32:24-04:00
               total        used        free      shared  buff/cache   available
Mem:           119Gi        80Gi       9.9Gi       1.3Gi        32Gi        39Gi
docker: nvllm cpu=103.15% mem=6.154GiB / 119.6GiB
---
2026-05-02T11:32:55-04:00
               total        used        free      shared  buff/cache   available
Mem:           119Gi        80Gi       9.9Gi       1.3Gi        32Gi        39Gi
docker: nvllm cpu=104.35% mem=6.169GiB / 119.6GiB
---
2026-05-02T11:33:26-04:00
               total        used        free      shared  buff/cache   available
Mem:           119Gi        80Gi       9.8Gi       1.3Gi        32Gi        39Gi
docker: nvllm cpu=103.97% mem=6.179GiB / 119.6GiB
---
2026-05-02T11:33:57-04:00
               total        used        free      shared  buff/cache   available
Mem:           119Gi        80Gi       9.8Gi       1.3Gi        32Gi        39Gi
docker: nvllm cpu=103.95% mem=6.194GiB / 119.6GiB
---
2026-05-02T11:34:28-04:00
               total        used        free      shared  buff/cache   available
Mem:           119Gi        80Gi       9.8Gi       1.3Gi        32Gi        39Gi
docker: nvllm cpu=102.69% mem=6.225GiB / 119.6GiB
---
2026-05-02T11:34:59-04:00
               total        used        free      shared  buff/cache   available
Mem:           119Gi        80Gi       9.8Gi       1.3Gi        32Gi        39Gi
docker: nvllm cpu=103.96% mem=6.239GiB / 119.6GiB
---
2026-05-02T11:35:30-04:00
               total        used        free      shared  buff/cache   available
Mem:           119Gi        80Gi       9.8Gi       1.3Gi        32Gi        39Gi
docker: nvllm cpu=103.24% mem=6.254GiB / 119.6GiB
---
2026-05-02T11:36:01-04:00
               total        used        free      shared  buff/cache   available
Mem:           119Gi        80Gi       9.7Gi       1.3Gi        32Gi        39Gi
docker: nvllm cpu=104.28% mem=6.265GiB / 119.6GiB
---
2026-05-02T11:36:32-04:00
               total        used        free      shared  buff/cache   available
Mem:           119Gi        80Gi       9.8Gi       1.3Gi        32Gi        39Gi
docker: nvllm cpu=104.54% mem=6.279GiB / 119.6GiB
---
2026-05-02T11:37:03-04:00
               total        used        free      shared  buff/cache   available
Mem:           119Gi        80Gi       9.8Gi       1.3Gi        32Gi        39Gi
docker: nvllm cpu=103.47% mem=6.293GiB / 119.6GiB
---
2026-05-02T11:37:34-04:00
               total        used        free      shared  buff/cache   available
Mem:           119Gi        80Gi       9.7Gi       1.3Gi        32Gi        39Gi
docker: nvllm cpu=107.32% mem=6.324GiB / 119.6GiB
---
2026-05-02T11:38:05-04:00
               total        used        free      shared  buff/cache   available
Mem:           119Gi        80Gi       9.7Gi       1.3Gi        32Gi        39Gi
docker: nvllm cpu=103.78% mem=6.339GiB / 119.6GiB
---
2026-05-02T11:38:36-04:00
               total        used        free      shared  buff/cache   available
Mem:           119Gi        80Gi       9.7Gi       1.3Gi        32Gi        39Gi
docker: nvllm cpu=105.16% mem=6.354GiB / 119.6GiB
---
2026-05-02T11:39:07-04:00
               total        used        free      shared  buff/cache   available
Mem:           119Gi        80Gi       9.6Gi       1.3Gi        32Gi        39Gi
docker: nvllm cpu=103.33% mem=6.365GiB / 119.6GiB
---
2026-05-02T11:39:38-04:00
               total        used        free      shared  buff/cache   available
Mem:           119Gi        80Gi       9.6Gi       1.3Gi        32Gi        39Gi
docker: nvllm cpu=103.16% mem=6.379GiB / 119.6GiB
---
2026-05-02T11:40:09-04:00
               total        used        free      shared  buff/cache   available
Mem:           119Gi        80Gi       9.6Gi       1.3Gi        32Gi        39Gi
docker: nvllm cpu=102.70% mem=6.393GiB / 119.6GiB
---
2026-05-02T11:40:40-04:00
               total        used        free      shared  buff/cache   available
Mem:           119Gi        80Gi       9.6Gi       1.3Gi        32Gi        39Gi
docker: nvllm cpu=102.59% mem=6.408GiB / 119.6GiB
---
2026-05-02T11:41:11-04:00
               total        used        free      shared  buff/cache   available
Mem:           119Gi        85Gi       1.9Gi       1.3Gi        34Gi        33Gi
docker: nvllm cpu=102.65% mem=12GiB / 119.6GiB
---
2026-05-02T11:41:42-04:00
               total        used        free      shared  buff/cache   available
Mem:           119Gi        85Gi       809Mi       1.3Gi        35Gi        33Gi
docker: nvllm cpu=101.92% mem=12.02GiB / 119.6GiB
---
2026-05-02T11:42:14-04:00
               total        used        free      shared  buff/cache   available
Mem:           119Gi        86Gi       3.7Gi       1.3Gi        32Gi        33Gi
docker: nvllm cpu=102.15% mem=12.73GiB / 119.6GiB
---
2026-05-02T11:42:45-04:00
               total        used        free      shared  buff/cache   available
Mem:           119Gi        92Gi       777Mi       1.3Gi        28Gi        27Gi
docker: nvllm cpu=102.63% mem=18.78GiB / 119.6GiB
---
2026-05-02T11:43:16-04:00
               total        used        free      shared  buff/cache   available
Mem:           119Gi        16Gi        79Gi       211Mi        24Gi       102Gi
---
2026-05-02T11:43:46-04:00
               total        used        free      shared  buff/cache   available
Mem:           119Gi        16Gi        78Gi       1.3Gi        26Gi       102Gi
docker: nvllm cpu=85.73% mem=3.178GiB / 119.6GiB
---
2026-05-02T11:44:17-04:00
               total        used        free      shared  buff/cache   available
Mem:           119Gi        42Gi        48Gi       2.3Gi        32Gi        77Gi
docker: nvllm cpu=103.14% mem=9.337GiB / 119.6GiB
---
2026-05-02T11:44:48-04:00
               total        used        free      shared  buff/cache   available
Mem:           119Gi        42Gi        48Gi       2.3Gi        32Gi        77Gi
docker: nvllm cpu=102.47% mem=9.388GiB / 119.6GiB
---
2026-05-02T11:45:19-04:00
               total        used        free      shared  buff/cache   available
Mem:           119Gi        42Gi        48Gi       2.3Gi        32Gi        77Gi
docker: nvllm cpu=102.30% mem=9.417GiB / 119.6GiB
---
2026-05-02T11:45:50-04:00
               total        used        free      shared  buff/cache   available
Mem:           119Gi        42Gi        48Gi       2.3Gi        32Gi        77Gi
docker: nvllm cpu=101.99% mem=9.444GiB / 119.6GiB
---
2026-05-02T11:46:21-04:00
               total        used        free      shared  buff/cache   available
Mem:           119Gi        43Gi        46Gi       2.3Gi        32Gi        76Gi
docker: nvllm cpu=102.21% mem=9.804GiB / 119.6GiB
---
2026-05-02T11:46:52-04:00
               total        used        free      shared  buff/cache   available
Mem:           119Gi        49Gi        40Gi       2.3Gi        33Gi        70Gi
docker: nvllm cpu=101.60% mem=9.877GiB / 119.6GiB
---
2026-05-02T11:47:23-04:00
               total        used        free      shared  buff/cache   available
Mem:           119Gi        53Gi        36Gi       2.3Gi        33Gi        66Gi
docker: nvllm cpu=102.68% mem=9.876GiB / 119.6GiB
---
2026-05-02T11:47:54-04:00
               total        used        free      shared  buff/cache   available
Mem:           119Gi        77Gi        12Gi       1.3Gi        32Gi        42Gi
docker: nvllm cpu=102.16% mem=10.12GiB / 119.6GiB
---
2026-05-02T11:48:25-04:00
               total        used        free      shared  buff/cache   available
Mem:           119Gi        79Gi        10Gi       1.3Gi        32Gi        40Gi
docker: nvllm cpu=104.81% mem=10.26GiB / 119.6GiB
---
2026-05-02T11:48:56-04:00
               total        used        free      shared  buff/cache   available
Mem:           119Gi        79Gi        10Gi       1.3Gi        32Gi        40Gi
docker: nvllm cpu=103.72% mem=10.26GiB / 119.6GiB
---
2026-05-02T11:49:27-04:00
               total        used        free      shared  buff/cache   available
Mem:           119Gi        79Gi        10Gi       1.3Gi        32Gi        40Gi
docker: nvllm cpu=103.63% mem=10.26GiB / 119.6GiB
---
2026-05-02T11:49:58-04:00
               total        used        free      shared  buff/cache   available
Mem:           119Gi        79Gi        10Gi       1.3Gi        32Gi        40Gi
docker: nvllm cpu=105.34% mem=10.26GiB / 119.6GiB
---
2026-05-02T11:50:29-04:00
               total        used        free      shared  buff/cache   available
Mem:           119Gi        79Gi        10Gi       1.3Gi        32Gi        40Gi
docker: nvllm cpu=104.71% mem=10.26GiB / 119.6GiB
---
2026-05-02T11:51:00-04:00
               total        used        free      shared  buff/cache   available
Mem:           119Gi        79Gi        10Gi       1.3Gi        32Gi        40Gi
docker: nvllm cpu=108.13% mem=10.26GiB / 119.6GiB
---
2026-05-02T11:51:31-04:00
               total        used        free      shared  buff/cache   available
Mem:           119Gi        79Gi        10Gi       1.3Gi        32Gi        40Gi
docker: nvllm cpu=105.58% mem=10.26GiB / 119.6GiB
---
2026-05-02T11:52:02-04:00
               total        used        free      shared  buff/cache   available
Mem:           119Gi        79Gi        10Gi       1.3Gi        32Gi        40Gi
docker: nvllm cpu=105.08% mem=10.26GiB / 119.6GiB
---
2026-05-02T11:52:33-04:00
               total        used        free      shared  buff/cache   available
Mem:           119Gi        79Gi        10Gi       1.3Gi        32Gi        40Gi
docker: nvllm cpu=105.33% mem=10.26GiB / 119.6GiB
---
2026-05-02T11:53:04-04:00
               total        used        free      shared  buff/cache   available
Mem:           119Gi        79Gi        10Gi       1.3Gi        32Gi        40Gi
docker: nvllm cpu=105.49% mem=10.26GiB / 119.6GiB
---
2026-05-02T11:53:35-04:00
               total        used        free      shared  buff/cache   available
Mem:           119Gi        79Gi        10Gi       1.3Gi        32Gi        40Gi
docker: nvllm cpu=105.37% mem=10.26GiB / 119.6GiB
---
2026-05-02T11:54:06-04:00
               total        used        free      shared  buff/cache   available
Mem:           119Gi        79Gi        10Gi       1.3Gi        32Gi        40Gi
docker: nvllm cpu=105.32% mem=10.26GiB / 119.6GiB
---
2026-05-02T11:54:37-04:00
               total        used        free      shared  buff/cache   available
Mem:           119Gi        79Gi        10Gi       1.3Gi        32Gi        40Gi
docker: nvllm cpu=103.69% mem=10.26GiB / 119.6GiB
---
2026-05-02T11:55:08-04:00
               total        used        free      shared  buff/cache   available
Mem:           119Gi        79Gi        10Gi       1.3Gi        32Gi        40Gi
docker: nvllm cpu=103.13% mem=10.26GiB / 119.6GiB
---
2026-05-02T11:55:39-04:00
               total        used        free      shared  buff/cache   available
Mem:           119Gi        79Gi        10Gi       1.3Gi        32Gi        40Gi
docker: nvllm cpu=103.63% mem=10.26GiB / 119.6GiB
---
2026-05-02T11:56:10-04:00
               total        used        free      shared  buff/cache   available
Mem:           119Gi        79Gi        10Gi       1.3Gi        32Gi        40Gi
docker: nvllm cpu=105.34% mem=10.26GiB / 119.6GiB
---
2026-05-02T11:56:41-04:00
               total        used        free      shared  buff/cache   available
Mem:           119Gi        79Gi        10Gi       1.3Gi        32Gi        40Gi
docker: nvllm cpu=105.36% mem=10.26GiB / 119.6GiB
---
2026-05-02T11:57:12-04:00
               total        used        free      shared  buff/cache   available
Mem:           119Gi        79Gi        10Gi       1.3Gi        32Gi        40Gi
docker: nvllm cpu=103.84% mem=10.26GiB / 119.6GiB
---
2026-05-02T11:57:43-04:00
               total        used        free      shared  buff/cache   available
Mem:           119Gi        79Gi        10Gi       1.3Gi        32Gi        40Gi
docker: nvllm cpu=103.84% mem=10.26GiB / 119.6GiB
---
2026-05-02T11:58:14-04:00
               total        used        free      shared  buff/cache   available
Mem:           119Gi        79Gi        10Gi       1.3Gi        32Gi        40Gi
docker: nvllm cpu=103.46% mem=10.26GiB / 119.6GiB
---
2026-05-02T11:58:45-04:00
               total        used        free      shared  buff/cache   available
Mem:           119Gi        79Gi        10Gi       1.3Gi        32Gi        40Gi
docker: nvllm cpu=103.46% mem=10.26GiB / 119.6GiB
---
2026-05-02T11:59:16-04:00
               total        used        free      shared  buff/cache   available
Mem:           119Gi        79Gi        10Gi       1.3Gi        32Gi        40Gi
docker: nvllm cpu=103.19% mem=10.26GiB / 119.6GiB
---
2026-05-02T11:59:47-04:00
               total        used        free      shared  buff/cache   available
Mem:           119Gi        79Gi        10Gi       1.3Gi        32Gi        40Gi
docker: nvllm cpu=105.08% mem=10.26GiB / 119.6GiB
---
2026-05-02T12:00:18-04:00
               total        used        free      shared  buff/cache   available
Mem:           119Gi        79Gi        10Gi       1.3Gi        32Gi        40Gi
docker: nvllm cpu=103.28% mem=10.26GiB / 119.6GiB
---
2026-05-02T12:00:49-04:00
               total        used        free      shared  buff/cache   available
Mem:           119Gi        79Gi        10Gi       1.3Gi        32Gi        40Gi
docker: nvllm cpu=103.03% mem=10.26GiB / 119.6GiB
---
2026-05-02T12:01:20-04:00
               total        used        free      shared  buff/cache   available
Mem:           119Gi        79Gi        10Gi       1.3Gi        32Gi        40Gi
docker: nvllm cpu=103.63% mem=10.26GiB / 119.6GiB
---
2026-05-02T12:01:51-04:00
               total        used        free      shared  buff/cache   available
Mem:           119Gi        79Gi        10Gi       1.3Gi        32Gi        40Gi
docker: nvllm cpu=105.59% mem=10.26GiB / 119.6GiB
---
2026-05-02T12:02:22-04:00
               total        used        free      shared  buff/cache   available
Mem:           119Gi        79Gi        10Gi       1.3Gi        32Gi        40Gi
docker: nvllm cpu=105.30% mem=10.26GiB / 119.6GiB
---
2026-05-02T12:02:53-04:00
               total        used        free      shared  buff/cache   available
Mem:           119Gi        79Gi        10Gi       1.3Gi        32Gi        40Gi
docker: nvllm cpu=105.41% mem=10.26GiB / 119.6GiB
---
2026-05-02T12:03:24-04:00
               total        used        free      shared  buff/cache   available
Mem:           119Gi        79Gi        10Gi       1.3Gi        32Gi        40Gi
docker: nvllm cpu=104.96% mem=10.26GiB / 119.6GiB
---
2026-05-02T12:03:55-04:00
               total        used        free      shared  buff/cache   available
Mem:           119Gi        79Gi        10Gi       1.3Gi        32Gi        40Gi
docker: nvllm cpu=106.02% mem=10.26GiB / 119.6GiB
---
2026-05-02T12:04:27-04:00
               total        used        free      shared  buff/cache   available
Mem:           119Gi        79Gi        10Gi       1.3Gi        32Gi        40Gi
docker: nvllm cpu=104.24% mem=10.26GiB / 119.6GiB
---
2026-05-02T12:04:58-04:00
               total        used        free      shared  buff/cache   available
Mem:           119Gi        79Gi        10Gi       1.3Gi        32Gi        40Gi
docker: nvllm cpu=105.55% mem=10.26GiB / 119.6GiB
---
2026-05-02T12:05:29-04:00
               total        used        free      shared  buff/cache   available
Mem:           119Gi        79Gi        10Gi       1.3Gi        32Gi        40Gi
docker: nvllm cpu=104.01% mem=10.26GiB / 119.6GiB
---
2026-05-02T12:06:00-04:00
               total        used        free      shared  buff/cache   available
Mem:           119Gi        79Gi        10Gi       1.3Gi        32Gi        40Gi
docker: nvllm cpu=105.47% mem=10.26GiB / 119.6GiB
---
2026-05-02T12:06:31-04:00
               total        used        free      shared  buff/cache   available
Mem:           119Gi        79Gi        10Gi       1.3Gi        32Gi        40Gi
docker: nvllm cpu=103.70% mem=10.26GiB / 119.6GiB
---
2026-05-02T12:07:02-04:00
               total        used        free      shared  buff/cache   available
Mem:           119Gi        79Gi        10Gi       1.3Gi        32Gi        40Gi
docker: nvllm cpu=104.69% mem=10.26GiB / 119.6GiB
---
2026-05-02T12:07:33-04:00
               total        used        free      shared  buff/cache   available
Mem:           119Gi        79Gi        10Gi       1.3Gi        32Gi        40Gi
docker: nvllm cpu=105.33% mem=10.26GiB / 119.6GiB
---
2026-05-02T12:08:04-04:00
               total        used        free      shared  buff/cache   available
Mem:           119Gi        79Gi        10Gi       1.3Gi        32Gi        40Gi
docker: nvllm cpu=105.12% mem=10.26GiB / 119.6GiB
---
2026-05-02T12:08:35-04:00
               total        used        free      shared  buff/cache   available
Mem:           119Gi        79Gi        10Gi       1.3Gi        32Gi        40Gi
docker: nvllm cpu=108.72% mem=10.26GiB / 119.6GiB
---
2026-05-02T12:09:06-04:00
               total        used        free      shared  buff/cache   available
Mem:           119Gi        79Gi        10Gi       1.3Gi        32Gi        40Gi
docker: nvllm cpu=105.75% mem=10.26GiB / 119.6GiB
---
2026-05-02T12:09:37-04:00
               total        used        free      shared  buff/cache   available
Mem:           119Gi        79Gi        10Gi       1.3Gi        32Gi        40Gi
docker: nvllm cpu=108.68% mem=10.26GiB / 119.6GiB
---
2026-05-02T12:10:08-04:00
               total        used        free      shared  buff/cache   available
Mem:           119Gi        79Gi        10Gi       1.3Gi        32Gi        40Gi
docker: nvllm cpu=105.26% mem=10.26GiB / 119.6GiB
---
2026-05-02T12:10:39-04:00
               total        used        free      shared  buff/cache   available
Mem:           119Gi        79Gi        10Gi       1.3Gi        32Gi        40Gi
docker: nvllm cpu=103.64% mem=10.26GiB / 119.6GiB
---
2026-05-02T12:11:10-04:00
               total        used        free      shared  buff/cache   available
Mem:           119Gi        79Gi        10Gi       1.3Gi        32Gi        40Gi
docker: nvllm cpu=105.17% mem=10.26GiB / 119.6GiB
---
2026-05-02T12:11:41-04:00
               total        used        free      shared  buff/cache   available
Mem:           119Gi        79Gi        10Gi       1.3Gi        32Gi        40Gi
docker: nvllm cpu=104.16% mem=10.26GiB / 119.6GiB
---
2026-05-02T12:12:12-04:00
               total        used        free      shared  buff/cache   available
Mem:           119Gi        79Gi        10Gi       1.3Gi        32Gi        40Gi
docker: nvllm cpu=103.54% mem=10.26GiB / 119.6GiB
---
2026-05-02T12:12:43-04:00
               total        used        free      shared  buff/cache   available
Mem:           119Gi        79Gi        10Gi       1.3Gi        32Gi        40Gi
docker: nvllm cpu=105.09% mem=10.26GiB / 119.6GiB
---
2026-05-02T12:13:14-04:00
               total        used        free      shared  buff/cache   available
Mem:           119Gi        79Gi        10Gi       1.3Gi        32Gi        40Gi
docker: nvllm cpu=105.72% mem=10.26GiB / 119.6GiB
---
2026-05-02T12:13:45-04:00
               total        used        free      shared  buff/cache   available
Mem:           119Gi        79Gi        10Gi       1.3Gi        32Gi        40Gi
docker: nvllm cpu=107.53% mem=10.26GiB / 119.6GiB
---
2026-05-02T12:14:16-04:00
               total        used        free      shared  buff/cache   available
Mem:           119Gi        79Gi        10Gi       1.3Gi        32Gi        40Gi
docker: nvllm cpu=105.31% mem=10.26GiB / 119.6GiB
---
2026-05-02T12:14:47-04:00
               total        used        free      shared  buff/cache   available
Mem:           119Gi        79Gi        10Gi       1.3Gi        32Gi        40Gi
docker: nvllm cpu=103.92% mem=10.26GiB / 119.6GiB
---
2026-05-02T12:15:18-04:00
               total        used        free      shared  buff/cache   available
Mem:           119Gi        79Gi        10Gi       1.3Gi        32Gi        40Gi
docker: nvllm cpu=103.86% mem=10.26GiB / 119.6GiB
---
2026-05-02T12:15:49-04:00
               total        used        free      shared  buff/cache   available
Mem:           119Gi        79Gi        10Gi       1.3Gi        32Gi        40Gi
docker: nvllm cpu=103.83% mem=10.26GiB / 119.6GiB
---
2026-05-02T12:16:20-04:00
               total        used        free      shared  buff/cache   available
Mem:           119Gi        79Gi        10Gi       1.3Gi        32Gi        40Gi
docker: nvllm cpu=103.79% mem=10.26GiB / 119.6GiB
---
2026-05-02T12:16:51-04:00
               total        used        free      shared  buff/cache   available
Mem:           119Gi        79Gi        10Gi       1.3Gi        32Gi        40Gi
docker: nvllm cpu=104.89% mem=10.26GiB / 119.6GiB
---
2026-05-02T12:17:22-04:00
               total        used        free      shared  buff/cache   available
Mem:           119Gi        79Gi        10Gi       1.3Gi        32Gi        40Gi
docker: nvllm cpu=105.52% mem=10.26GiB / 119.6GiB
---
2026-05-02T12:17:53-04:00
               total        used        free      shared  buff/cache   available
Mem:           119Gi        79Gi        10Gi       1.3Gi        32Gi        40Gi
docker: nvllm cpu=105.16% mem=10.26GiB / 119.6GiB
---
2026-05-02T12:18:24-04:00
               total        used        free      shared  buff/cache   available
Mem:           119Gi        79Gi        10Gi       1.3Gi        32Gi        40Gi
docker: nvllm cpu=103.40% mem=10.26GiB / 119.6GiB
---
2026-05-02T12:18:55-04:00
               total        used        free      shared  buff/cache   available
Mem:           119Gi        79Gi        10Gi       1.3Gi        32Gi        40Gi
docker: nvllm cpu=103.81% mem=10.26GiB / 119.6GiB
---
2026-05-02T12:19:26-04:00
               total        used        free      shared  buff/cache   available
Mem:           119Gi        79Gi        10Gi       1.3Gi        32Gi        40Gi
docker: nvllm cpu=103.47% mem=10.26GiB / 119.6GiB
---
2026-05-02T12:19:57-04:00
               total        used        free      shared  buff/cache   available
Mem:           119Gi        79Gi        10Gi       1.3Gi        32Gi        40Gi
docker: nvllm cpu=103.56% mem=10.26GiB / 119.6GiB
---
2026-05-02T12:20:28-04:00
               total        used        free      shared  buff/cache   available
Mem:           119Gi        79Gi        10Gi       1.3Gi        32Gi        40Gi
docker: nvllm cpu=103.43% mem=10.26GiB / 119.6GiB
---
2026-05-02T12:20:59-04:00
               total        used        free      shared  buff/cache   available
Mem:           119Gi        79Gi        10Gi       1.3Gi        32Gi        40Gi
docker: nvllm cpu=104.18% mem=10.26GiB / 119.6GiB
---
2026-05-02T12:21:30-04:00
               total        used        free      shared  buff/cache   available
Mem:           119Gi        79Gi        10Gi       1.3Gi        32Gi        40Gi
docker: nvllm cpu=106.27% mem=10.26GiB / 119.6GiB
---
2026-05-02T12:22:01-04:00
               total        used        free      shared  buff/cache   available
Mem:           119Gi        79Gi        10Gi       1.3Gi        32Gi        40Gi
docker: nvllm cpu=108.68% mem=10.26GiB / 119.6GiB
---
2026-05-02T12:22:32-04:00
               total        used        free      shared  buff/cache   available
Mem:           119Gi        79Gi        10Gi       1.3Gi        32Gi        40Gi
docker: nvllm cpu=103.45% mem=10.26GiB / 119.6GiB
---
2026-05-02T12:23:03-04:00
               total        used        free      shared  buff/cache   available
Mem:           119Gi        79Gi        10Gi       1.3Gi        32Gi        40Gi
docker: nvllm cpu=105.80% mem=10.26GiB / 119.6GiB
---
2026-05-02T12:23:34-04:00
               total        used        free      shared  buff/cache   available
Mem:           119Gi        79Gi        10Gi       1.3Gi        32Gi        40Gi
docker: nvllm cpu=104.99% mem=10.26GiB / 119.6GiB
---
2026-05-02T12:24:05-04:00
               total        used        free      shared  buff/cache   available
Mem:           119Gi        79Gi        10Gi       1.3Gi        32Gi        40Gi
docker: nvllm cpu=103.40% mem=10.26GiB / 119.6GiB
---
2026-05-02T12:24:36-04:00
               total        used        free      shared  buff/cache   available
Mem:           119Gi        79Gi        10Gi       1.3Gi        32Gi        40Gi
docker: nvllm cpu=103.49% mem=10.26GiB / 119.6GiB
---
2026-05-02T12:25:07-04:00
               total        used        free      shared  buff/cache   available
Mem:           119Gi        79Gi        10Gi       1.3Gi        32Gi        40Gi
docker: nvllm cpu=104.75% mem=10.26GiB / 119.6GiB
---
2026-05-02T12:25:38-04:00
               total        used        free      shared  buff/cache   available
Mem:           119Gi        79Gi        10Gi       1.3Gi        32Gi        40Gi
docker: nvllm cpu=105.72% mem=10.26GiB / 119.6GiB
---
2026-05-02T12:26:09-04:00
               total        used        free      shared  buff/cache   available
Mem:           119Gi        79Gi        10Gi       1.3Gi        32Gi        40Gi
docker: nvllm cpu=104.95% mem=10.26GiB / 119.6GiB
---
2026-05-02T12:26:40-04:00
               total        used        free      shared  buff/cache   available
Mem:           119Gi        79Gi        10Gi       1.3Gi        32Gi        40Gi
docker: nvllm cpu=103.80% mem=10.26GiB / 119.6GiB
---
2026-05-02T12:27:11-04:00
               total        used        free      shared  buff/cache   available
Mem:           119Gi        79Gi        10Gi       1.3Gi        32Gi        40Gi
