2026-05-16T12:31:17-04:00
               total        used        free      shared  buff/cache   available
Mem:           119Gi        80Gi        11Gi       1.1Gi        29Gi        38Gi
101.20% 30.25GiB / 119.6GiB
---
2026-05-16T12:31:33-04:00
               total        used        free      shared  buff/cache   available
Mem:           119Gi        83Gi       7.9Gi       1.1Gi        29Gi        35Gi
102.28% 30.52GiB / 119.6GiB
---
2026-05-16T12:31:49-04:00
               total        used        free      shared  buff/cache   available
Mem:           119Gi        84Gi       7.5Gi       1.1Gi        29Gi        35Gi
104.11% 31.11GiB / 119.6GiB
---
2026-05-16T12:32:05-04:00
               total        used        free      shared  buff/cache   available
Mem:           119Gi        83Gi       7.8Gi       1.1Gi        29Gi        35Gi
101.99% 30.8GiB / 119.6GiB
---
2026-05-16T12:32:21-04:00
               total        used        free      shared  buff/cache   available
Mem:           119Gi        84Gi       7.8Gi       1.1Gi        29Gi        35Gi
112.71% 30.81GiB / 119.6GiB
---
2026-05-16T12:32:37-04:00
               total        used        free      shared  buff/cache   available
Mem:           119Gi        83Gi       7.9Gi       1.1Gi        29Gi        35Gi
113.63% 30.81GiB / 119.6GiB
---
2026-05-16T12:32:54-04:00
               total        used        free      shared  buff/cache   available
Mem:           119Gi        83Gi       8.0Gi       1.1Gi        29Gi        35Gi
105.58% 30.81GiB / 119.6GiB
---
2026-05-16T12:33:10-04:00
               total        used        free      shared  buff/cache   available
Mem:           119Gi        83Gi       8.0Gi       1.1Gi        29Gi        35Gi
105.68% 30.81GiB / 119.6GiB
---
2026-05-16T12:33:26-04:00
               total        used        free      shared  buff/cache   available
Mem:           119Gi        83Gi       8.0Gi       1.1Gi        29Gi        35Gi
105.75% 30.81GiB / 119.6GiB
---
2026-05-16T12:33:42-04:00
               total        used        free      shared  buff/cache   available
Mem:           119Gi        83Gi       8.0Gi       1.1Gi        29Gi        35Gi
105.60% 30.81GiB / 119.6GiB
---
2026-05-16T12:33:58-04:00
               total        used        free      shared  buff/cache   available
Mem:           119Gi        83Gi       8.0Gi       1.1Gi        29Gi        35Gi
105.56% 30.81GiB / 119.6GiB
---
2026-05-16T12:34:14-04:00
               total        used        free      shared  buff/cache   available
Mem:           119Gi        83Gi       8.0Gi       1.1Gi        29Gi        35Gi
105.16% 30.81GiB / 119.6GiB
---
2026-05-16T12:34:30-04:00
               total        used        free      shared  buff/cache   available
Mem:           119Gi        83Gi       8.0Gi       1.1Gi        29Gi        35Gi
106.64% 30.81GiB / 119.6GiB
---
2026-05-16T12:34:46-04:00
               total        used        free      shared  buff/cache   available
Mem:           119Gi        83Gi       8.0Gi       1.1Gi        29Gi        35Gi
105.09% 30.81GiB / 119.6GiB
---
2026-05-16T12:35:02-04:00
               total        used        free      shared  buff/cache   available
Mem:           119Gi        83Gi       8.0Gi       1.1Gi        29Gi        35Gi
106.47% 30.81GiB / 119.6GiB
---
2026-05-16T12:35:18-04:00
               total        used        free      shared  buff/cache   available
Mem:           119Gi        83Gi       8.0Gi       1.1Gi        29Gi        35Gi
106.78% 30.81GiB / 119.6GiB
---
2026-05-16T12:35:34-04:00
               total        used        free      shared  buff/cache   available
Mem:           119Gi        83Gi       8.0Gi       1.1Gi        29Gi        35Gi
106.22% 30.81GiB / 119.6GiB
---
2026-05-16T12:35:50-04:00
               total        used        free      shared  buff/cache   available
Mem:           119Gi        83Gi       8.0Gi       1.1Gi        29Gi        35Gi
106.84% 30.81GiB / 119.6GiB
---
2026-05-16T12:36:06-04:00
               total        used        free      shared  buff/cache   available
Mem:           119Gi        83Gi       8.0Gi       1.1Gi        29Gi        35Gi
106.52% 30.81GiB / 119.6GiB
---
2026-05-16T12:36:22-04:00
               total        used        free      shared  buff/cache   available
Mem:           119Gi        83Gi       8.0Gi       1.1Gi        29Gi        35Gi
106.56% 30.81GiB / 119.6GiB
---
2026-05-16T12:36:38-04:00
               total        used        free      shared  buff/cache   available
Mem:           119Gi        83Gi       8.0Gi       1.1Gi        29Gi        35Gi
106.61% 30.81GiB / 119.6GiB
---
2026-05-16T12:36:54-04:00
               total        used        free      shared  buff/cache   available
Mem:           119Gi        83Gi       8.0Gi       1.1Gi        29Gi        35Gi
106.62% 30.81GiB / 119.6GiB
---
2026-05-16T12:37:10-04:00
               total        used        free      shared  buff/cache   available
Mem:           119Gi        83Gi       8.0Gi       1.1Gi        29Gi        35Gi
106.47% 30.81GiB / 119.6GiB
---
2026-05-16T12:37:26-04:00
               total        used        free      shared  buff/cache   available
Mem:           119Gi        83Gi       8.0Gi       1.1Gi        29Gi        35Gi
105.32% 30.81GiB / 119.6GiB
---
2026-05-16T12:37:42-04:00
               total        used        free      shared  buff/cache   available
Mem:           119Gi        83Gi       8.0Gi       1.1Gi        29Gi        35Gi
106.72% 30.81GiB / 119.6GiB
---
2026-05-16T12:37:58-04:00
               total        used        free      shared  buff/cache   available
Mem:           119Gi        83Gi       8.0Gi       1.1Gi        29Gi        35Gi
108.02% 30.81GiB / 119.6GiB
---
2026-05-16T12:38:14-04:00
               total        used        free      shared  buff/cache   available
Mem:           119Gi        83Gi       8.0Gi       1.1Gi        29Gi        35Gi
106.88% 30.81GiB / 119.6GiB
---
2026-05-16T12:38:30-04:00
               total        used        free      shared  buff/cache   available
Mem:           119Gi        83Gi       8.0Gi       1.1Gi        29Gi        35Gi
106.67% 30.81GiB / 119.6GiB
---
2026-05-16T12:38:46-04:00
               total        used        free      shared  buff/cache   available
Mem:           119Gi        83Gi       7.9Gi       1.1Gi        29Gi        35Gi
107.14% 30.81GiB / 119.6GiB
---
2026-05-16T12:39:02-04:00
               total        used        free      shared  buff/cache   available
Mem:           119Gi        83Gi       7.9Gi       1.1Gi        29Gi        35Gi
107.45% 30.81GiB / 119.6GiB
---
2026-05-16T12:39:18-04:00
               total        used        free      shared  buff/cache   available
Mem:           119Gi        83Gi       7.9Gi       1.1Gi        29Gi        35Gi
106.68% 30.81GiB / 119.6GiB
---
2026-05-16T12:39:34-04:00
               total        used        free      shared  buff/cache   available
Mem:           119Gi        83Gi       7.9Gi       1.1Gi        29Gi        35Gi
108.01% 30.81GiB / 119.6GiB
---
2026-05-16T12:39:50-04:00
               total        used        free      shared  buff/cache   available
Mem:           119Gi        83Gi       7.9Gi       1.1Gi        29Gi        35Gi
106.39% 30.81GiB / 119.6GiB
---
2026-05-16T12:40:06-04:00
               total        used        free      shared  buff/cache   available
Mem:           119Gi        83Gi       7.9Gi       1.1Gi        29Gi        35Gi
108.35% 30.83GiB / 119.6GiB
---
2026-05-16T12:40:22-04:00
               total        used        free      shared  buff/cache   available
Mem:           119Gi        83Gi       7.9Gi       1.1Gi        29Gi        35Gi
108.51% 30.87GiB / 119.6GiB
---
2026-05-16T12:40:38-04:00
               total        used        free      shared  buff/cache   available
Mem:           119Gi        83Gi       7.8Gi       1.1Gi        29Gi        35Gi
106.13% 30.92GiB / 119.6GiB
---
2026-05-16T12:40:54-04:00
               total        used        free      shared  buff/cache   available
Mem:           119Gi        85Gi       6.8Gi       1.1Gi        29Gi        34Gi
103.29% 32.18GiB / 119.6GiB
---
2026-05-16T12:41:10-04:00
               total        used        free      shared  buff/cache   available
Mem:           119Gi        85Gi       5.9Gi       1.1Gi        29Gi        33Gi
102.55% 33.01GiB / 119.6GiB
---
2026-05-16T12:41:26-04:00
               total        used        free      shared  buff/cache   available
Mem:           119Gi        88Gi       2.9Gi       1.1Gi        29Gi        30Gi
102.62% 35.65GiB / 119.6GiB
---
2026-05-16T12:41:42-04:00
               total        used        free      shared  buff/cache   available
Mem:           119Gi        88Gi       3.0Gi       1.1Gi        29Gi        30Gi
102.62% 35.59GiB / 119.6GiB
---
2026-05-16T12:41:58-04:00
               total        used        free      shared  buff/cache   available
Mem:           119Gi        88Gi       3.1Gi       1.1Gi        29Gi        30Gi
107.50% 35.59GiB / 119.6GiB
---
2026-05-16T12:42:14-04:00
               total        used        free      shared  buff/cache   available
Mem:           119Gi        88Gi       3.1Gi       1.1Gi        29Gi        30Gi
106.06% 35.59GiB / 119.6GiB
---
2026-05-16T12:42:30-04:00
               total        used        free      shared  buff/cache   available
Mem:           119Gi        88Gi       3.1Gi       1.1Gi        29Gi        30Gi
105.92% 35.59GiB / 119.6GiB
---
2026-05-16T12:42:46-04:00
               total        used        free      shared  buff/cache   available
Mem:           119Gi        88Gi       3.1Gi       1.1Gi        29Gi        30Gi
106.00% 35.59GiB / 119.6GiB
---
2026-05-16T12:43:02-04:00
               total        used        free      shared  buff/cache   available
Mem:           119Gi        88Gi       3.1Gi       1.1Gi        29Gi        30Gi
107.69% 35.59GiB / 119.6GiB
---
2026-05-16T12:43:18-04:00
               total        used        free      shared  buff/cache   available
Mem:           119Gi        88Gi       3.1Gi       1.1Gi        29Gi        30Gi
105.93% 35.59GiB / 119.6GiB
---
2026-05-16T12:43:34-04:00
               total        used        free      shared  buff/cache   available
Mem:           119Gi        88Gi       3.1Gi       1.1Gi        29Gi        30Gi
107.35% 35.59GiB / 119.6GiB
---
2026-05-16T12:43:50-04:00
               total        used        free      shared  buff/cache   available
Mem:           119Gi        88Gi       3.1Gi       1.1Gi        29Gi        30Gi
106.43% 35.59GiB / 119.6GiB
---
2026-05-16T12:44:07-04:00
               total        used        free      shared  buff/cache   available
Mem:           119Gi        88Gi       3.1Gi       1.1Gi        29Gi        30Gi
112.74% 35.59GiB / 119.6GiB
---
2026-05-16T12:44:23-04:00
               total        used        free      shared  buff/cache   available
Mem:           119Gi        88Gi       3.1Gi       1.1Gi        29Gi        30Gi
111.24% 35.59GiB / 119.6GiB
---
2026-05-16T12:44:39-04:00
               total        used        free      shared  buff/cache   available
Mem:           119Gi        88Gi       3.1Gi       1.1Gi        29Gi        30Gi
110.88% 35.59GiB / 119.6GiB
---
2026-05-16T12:44:55-04:00
               total        used        free      shared  buff/cache   available
Mem:           119Gi        88Gi       3.1Gi       1.1Gi        29Gi        30Gi
107.31% 35.59GiB / 119.6GiB
---
2026-05-16T12:45:11-04:00
               total        used        free      shared  buff/cache   available
Mem:           119Gi        88Gi       3.1Gi       1.1Gi        29Gi        30Gi
105.86% 35.59GiB / 119.6GiB
---
2026-05-16T12:45:27-04:00
               total        used        free      shared  buff/cache   available
Mem:           119Gi        88Gi       3.1Gi       1.1Gi        29Gi        30Gi
115.14% 35.6GiB / 119.6GiB
---
2026-05-16T12:45:43-04:00
               total        used        free      shared  buff/cache   available
Mem:           119Gi        88Gi       3.1Gi       1.1Gi        29Gi        30Gi
111.32% 35.6GiB / 119.6GiB
---
2026-05-16T12:45:59-04:00
               total        used        free      shared  buff/cache   available
Mem:           119Gi        88Gi       3.1Gi       1.1Gi        29Gi        30Gi
105.81% 35.6GiB / 119.6GiB
---
2026-05-16T12:46:15-04:00
               total        used        free      shared  buff/cache   available
Mem:           119Gi        88Gi       3.1Gi       1.1Gi        29Gi        30Gi
105.36% 35.6GiB / 119.6GiB
---
2026-05-16T12:46:31-04:00
               total        used        free      shared  buff/cache   available
Mem:           119Gi        88Gi       3.1Gi       1.1Gi        29Gi        30Gi
107.10% 35.6GiB / 119.6GiB
---
2026-05-16T12:46:47-04:00
               total        used        free      shared  buff/cache   available
Mem:           119Gi        88Gi       3.1Gi       1.1Gi        29Gi        30Gi
115.43% 35.6GiB / 119.6GiB
---
2026-05-16T12:47:03-04:00
               total        used        free      shared  buff/cache   available
Mem:           119Gi        88Gi       3.1Gi       1.1Gi        29Gi        30Gi
111.01% 35.6GiB / 119.6GiB
---
2026-05-16T12:47:19-04:00
               total        used        free      shared  buff/cache   available
Mem:           119Gi        88Gi       3.1Gi       1.1Gi        29Gi        30Gi
107.05% 35.6GiB / 119.6GiB
---
2026-05-16T12:47:35-04:00
               total        used        free      shared  buff/cache   available
Mem:           119Gi        88Gi       3.1Gi       1.1Gi        29Gi        30Gi
105.67% 35.6GiB / 119.6GiB
---
2026-05-16T12:47:51-04:00
               total        used        free      shared  buff/cache   available
Mem:           119Gi        88Gi       3.1Gi       1.1Gi        29Gi        30Gi
116.11% 35.6GiB / 119.6GiB
---
2026-05-16T12:48:07-04:00
               total        used        free      shared  buff/cache   available
Mem:           119Gi        88Gi       3.1Gi       1.1Gi        29Gi        30Gi
116.21% 35.6GiB / 119.6GiB
---
2026-05-16T12:48:23-04:00
               total        used        free      shared  buff/cache   available
Mem:           119Gi        88Gi       3.1Gi       1.1Gi        29Gi        30Gi
107.68% 35.6GiB / 119.6GiB
---
2026-05-16T12:48:39-04:00
               total        used        free      shared  buff/cache   available
Mem:           119Gi        88Gi       3.1Gi       1.1Gi        29Gi        30Gi
111.66% 35.6GiB / 119.6GiB
---
2026-05-16T12:48:55-04:00
               total        used        free      shared  buff/cache   available
Mem:           119Gi        88Gi       3.1Gi       1.1Gi        29Gi        30Gi
111.71% 35.6GiB / 119.6GiB
---
2026-05-16T12:49:11-04:00
               total        used        free      shared  buff/cache   available
Mem:           119Gi        88Gi       3.1Gi       1.1Gi        29Gi        30Gi
2.89% 35.6GiB / 119.6GiB
---
2026-05-16T12:49:27-04:00
               total        used        free      shared  buff/cache   available
Mem:           119Gi        88Gi       3.1Gi       1.1Gi        29Gi        30Gi
2.68% 35.6GiB / 119.6GiB
---
2026-05-16T12:49:43-04:00
               total        used        free      shared  buff/cache   available
Mem:           119Gi        88Gi       3.1Gi       1.1Gi        29Gi        30Gi
2.53% 35.6GiB / 119.6GiB
---
2026-05-16T12:49:59-04:00
               total        used        free      shared  buff/cache   available
Mem:           119Gi        88Gi       3.1Gi       1.1Gi        29Gi        30Gi
2.23% 35.6GiB / 119.6GiB
---
2026-05-16T12:50:15-04:00
               total        used        free      shared  buff/cache   available
Mem:           119Gi        88Gi       3.1Gi       1.1Gi        29Gi        30Gi
2.64% 35.6GiB / 119.6GiB
---
2026-05-16T12:50:31-04:00
               total        used        free      shared  buff/cache   available
Mem:           119Gi        88Gi       3.1Gi       1.1Gi        29Gi        30Gi
2.53% 35.6GiB / 119.6GiB
---
2026-05-16T12:50:47-04:00
               total        used        free      shared  buff/cache   available
Mem:           119Gi        88Gi       3.1Gi       1.1Gi        29Gi        30Gi
2.75% 35.6GiB / 119.6GiB
---
