2026-05-16T11:30:48-04:00
               total        used        free      shared  buff/cache   available
Mem:           119Gi        80Gi        39Gi       1.1Gi       2.0Gi        39Gi
83.59% 4.998GiB / 119.6GiB
---
2026-05-16T11:31:04-04:00
               total        used        free      shared  buff/cache   available
Mem:           119Gi        82Gi        37Gi       1.1Gi       1.8Gi        37Gi
102.54% 4.866GiB / 119.6GiB
---
2026-05-16T11:31:20-04:00
               total        used        free      shared  buff/cache   available
Mem:           119Gi        82Gi        36Gi       1.1Gi       1.8Gi        36Gi
102.72% 4.864GiB / 119.6GiB
---
2026-05-16T11:31:36-04:00
               total        used        free      shared  buff/cache   available
Mem:           119Gi        83Gi        36Gi       1.1Gi       2.2Gi        36Gi
115.72% 5.425GiB / 119.6GiB
---
2026-05-16T11:31:52-04:00
               total        used        free      shared  buff/cache   available
Mem:           119Gi        83Gi        35Gi       1.1Gi       2.4Gi        35Gi
102.13% 5.58GiB / 119.6GiB
---
2026-05-16T11:32:08-04:00
               total        used        free      shared  buff/cache   available
Mem:           119Gi        84Gi        35Gi       1.1Gi       2.4Gi        35Gi
102.65% 5.874GiB / 119.6GiB
---
2026-05-16T11:32:24-04:00
               total        used        free      shared  buff/cache   available
Mem:           119Gi        83Gi        35Gi       1.1Gi       2.4Gi        35Gi
112.98% 5.581GiB / 119.6GiB
---
2026-05-16T11:32:41-04:00
               total        used        free      shared  buff/cache   available
Mem:           119Gi        83Gi        35Gi       1.1Gi       2.5Gi        35Gi
104.90% 5.586GiB / 119.6GiB
---
2026-05-16T11:32:57-04:00
               total        used        free      shared  buff/cache   available
Mem:           119Gi        83Gi        35Gi       1.1Gi       2.5Gi        35Gi
105.11% 5.586GiB / 119.6GiB
---
2026-05-16T11:33:13-04:00
               total        used        free      shared  buff/cache   available
Mem:           119Gi        83Gi        35Gi       1.1Gi       2.5Gi        35Gi
106.11% 5.586GiB / 119.6GiB
---
2026-05-16T11:33:29-04:00
               total        used        free      shared  buff/cache   available
Mem:           119Gi        83Gi        35Gi       1.1Gi       2.5Gi        35Gi
105.51% 5.586GiB / 119.6GiB
---
2026-05-16T11:33:45-04:00
               total        used        free      shared  buff/cache   available
Mem:           119Gi        83Gi        35Gi       1.1Gi       2.5Gi        35Gi
106.56% 5.586GiB / 119.6GiB
---
2026-05-16T11:34:01-04:00
               total        used        free      shared  buff/cache   available
Mem:           119Gi        83Gi        35Gi       1.1Gi       2.5Gi        35Gi
104.96% 5.587GiB / 119.6GiB
---
2026-05-16T11:34:17-04:00
               total        used        free      shared  buff/cache   available
Mem:           119Gi        83Gi        35Gi       1.1Gi       2.5Gi        35Gi
104.97% 5.586GiB / 119.6GiB
---
2026-05-16T11:34:33-04:00
               total        used        free      shared  buff/cache   available
Mem:           119Gi        83Gi        35Gi       1.1Gi       2.5Gi        35Gi
106.06% 5.586GiB / 119.6GiB
---
2026-05-16T11:34:49-04:00
               total        used        free      shared  buff/cache   available
Mem:           119Gi        83Gi        35Gi       1.1Gi       2.5Gi        35Gi
104.59% 5.587GiB / 119.6GiB
---
2026-05-16T11:35:05-04:00
               total        used        free      shared  buff/cache   available
Mem:           119Gi        83Gi        35Gi       1.1Gi       2.5Gi        35Gi
106.19% 5.587GiB / 119.6GiB
---
2026-05-16T11:35:21-04:00
               total        used        free      shared  buff/cache   available
Mem:           119Gi        83Gi        35Gi       1.1Gi       2.5Gi        35Gi
104.54% 5.586GiB / 119.6GiB
---
2026-05-16T11:35:37-04:00
               total        used        free      shared  buff/cache   available
Mem:           119Gi        83Gi        35Gi       1.1Gi       2.5Gi        35Gi
101.44% 5.587GiB / 119.6GiB
---
2026-05-16T11:35:53-04:00
               total        used        free      shared  buff/cache   available
Mem:           119Gi        83Gi        35Gi       1.1Gi       2.5Gi        35Gi
105.16% 5.586GiB / 119.6GiB
---
2026-05-16T11:36:09-04:00
               total        used        free      shared  buff/cache   available
Mem:           119Gi        83Gi        35Gi       1.1Gi       2.5Gi        35Gi
106.25% 5.586GiB / 119.6GiB
---
2026-05-16T11:36:25-04:00
               total        used        free      shared  buff/cache   available
Mem:           119Gi        83Gi        35Gi       1.1Gi       2.5Gi        35Gi
106.28% 5.586GiB / 119.6GiB
---
2026-05-16T11:36:41-04:00
               total        used        free      shared  buff/cache   available
Mem:           119Gi        83Gi        35Gi       1.1Gi       2.5Gi        35Gi
106.02% 5.587GiB / 119.6GiB
---
2026-05-16T11:36:57-04:00
               total        used        free      shared  buff/cache   available
Mem:           119Gi        83Gi        35Gi       1.1Gi       2.5Gi        35Gi
105.01% 5.587GiB / 119.6GiB
---
2026-05-16T11:37:13-04:00
               total        used        free      shared  buff/cache   available
Mem:           119Gi        83Gi        35Gi       1.1Gi       2.5Gi        35Gi
112.22% 5.586GiB / 119.6GiB
---
2026-05-16T11:37:29-04:00
               total        used        free      shared  buff/cache   available
Mem:           119Gi        83Gi        35Gi       1.1Gi       2.5Gi        35Gi
105.18% 5.589GiB / 119.6GiB
---
2026-05-16T11:37:45-04:00
               total        used        free      shared  buff/cache   available
Mem:           119Gi        83Gi        35Gi       1.1Gi       2.5Gi        35Gi
103.97% 5.589GiB / 119.6GiB
---
2026-05-16T11:38:01-04:00
               total        used        free      shared  buff/cache   available
Mem:           119Gi        83Gi        35Gi       1.1Gi       2.5Gi        35Gi
105.08% 5.589GiB / 119.6GiB
---
2026-05-16T11:38:17-04:00
               total        used        free      shared  buff/cache   available
Mem:           119Gi        83Gi        35Gi       1.1Gi       2.5Gi        35Gi
106.46% 5.588GiB / 119.6GiB
---
2026-05-16T11:38:33-04:00
               total        used        free      shared  buff/cache   available
Mem:           119Gi        83Gi        35Gi       1.1Gi       2.5Gi        35Gi
105.78% 5.589GiB / 119.6GiB
---
2026-05-16T11:38:49-04:00
               total        used        free      shared  buff/cache   available
Mem:           119Gi        83Gi        35Gi       1.1Gi       2.6Gi        35Gi
105.96% 5.593GiB / 119.6GiB
---
2026-05-16T11:39:05-04:00
               total        used        free      shared  buff/cache   available
Mem:           119Gi        83Gi        35Gi       1.1Gi       2.6Gi        35Gi
104.58% 5.593GiB / 119.6GiB
---
2026-05-16T11:39:21-04:00
               total        used        free      shared  buff/cache   available
Mem:           119Gi        83Gi        35Gi       1.1Gi       2.6Gi        35Gi
105.93% 5.593GiB / 119.6GiB
---
2026-05-16T11:39:37-04:00
               total        used        free      shared  buff/cache   available
Mem:           119Gi        83Gi        35Gi       1.1Gi       2.6Gi        35Gi
106.88% 5.602GiB / 119.6GiB
---
2026-05-16T11:39:53-04:00
               total        used        free      shared  buff/cache   available
Mem:           119Gi        83Gi        35Gi       1.1Gi       2.6Gi        35Gi
106.22% 5.603GiB / 119.6GiB
---
2026-05-16T11:40:09-04:00
               total        used        free      shared  buff/cache   available
Mem:           119Gi        83Gi        35Gi       1.1Gi       2.6Gi        35Gi
107.32% 5.639GiB / 119.6GiB
---
2026-05-16T11:40:25-04:00
               total        used        free      shared  buff/cache   available
Mem:           119Gi        83Gi        35Gi       1.1Gi       2.6Gi        35Gi
108.26% 5.691GiB / 119.6GiB
---
2026-05-16T11:40:41-04:00
               total        used        free      shared  buff/cache   available
Mem:           119Gi        83Gi        35Gi       1.1Gi       2.6Gi        35Gi
113.16% 5.724GiB / 119.6GiB
---
2026-05-16T11:40:57-04:00
               total        used        free      shared  buff/cache   available
Mem:           119Gi        85Gi        33Gi       1.1Gi       3.1Gi        34Gi
102.18% 7.092GiB / 119.6GiB
---
2026-05-16T11:41:13-04:00
               total        used        free      shared  buff/cache   available
Mem:           119Gi        87Gi        32Gi       1.1Gi       2.6Gi        32Gi
102.67% 9.152GiB / 119.6GiB
---
2026-05-16T11:41:29-04:00
               total        used        free      shared  buff/cache   available
Mem:           119Gi        88Gi        30Gi       1.1Gi       2.6Gi        30Gi
102.78% 10.4GiB / 119.6GiB
---
2026-05-16T11:41:45-04:00
               total        used        free      shared  buff/cache   available
Mem:           119Gi        88Gi        30Gi       1.1Gi       2.6Gi        30Gi
105.66% 10.4GiB / 119.6GiB
---
2026-05-16T11:42:01-04:00
               total        used        free      shared  buff/cache   available
Mem:           119Gi        88Gi        30Gi       1.1Gi       2.6Gi        31Gi
105.59% 10.4GiB / 119.6GiB
---
2026-05-16T11:42:17-04:00
               total        used        free      shared  buff/cache   available
Mem:           119Gi        88Gi        30Gi       1.1Gi       2.6Gi        31Gi
106.75% 10.4GiB / 119.6GiB
---
2026-05-16T11:42:33-04:00
               total        used        free      shared  buff/cache   available
Mem:           119Gi        88Gi        30Gi       1.1Gi       2.6Gi        31Gi
105.27% 10.41GiB / 119.6GiB
---
2026-05-16T11:42:49-04:00
               total        used        free      shared  buff/cache   available
Mem:           119Gi        88Gi        30Gi       1.1Gi       2.6Gi        31Gi
105.49% 10.41GiB / 119.6GiB
---
2026-05-16T11:43:05-04:00
               total        used        free      shared  buff/cache   available
Mem:           119Gi        88Gi        30Gi       1.1Gi       2.6Gi        31Gi
107.01% 10.41GiB / 119.6GiB
---
2026-05-16T11:43:22-04:00
               total        used        free      shared  buff/cache   available
Mem:           119Gi        88Gi        30Gi       1.1Gi       2.6Gi        31Gi
102.44% 10.41GiB / 119.6GiB
---
2026-05-16T11:43:38-04:00
               total        used        free      shared  buff/cache   available
Mem:           119Gi        88Gi        30Gi       1.1Gi       2.6Gi        31Gi
106.63% 10.41GiB / 119.6GiB
---
2026-05-16T11:43:54-04:00
               total        used        free      shared  buff/cache   available
Mem:           119Gi        88Gi        30Gi       1.1Gi       2.6Gi        31Gi
104.98% 10.41GiB / 119.6GiB
---
2026-05-16T11:44:10-04:00
               total        used        free      shared  buff/cache   available
Mem:           119Gi        88Gi        30Gi       1.1Gi       2.6Gi        31Gi
105.12% 10.41GiB / 119.6GiB
---
2026-05-16T11:44:26-04:00
               total        used        free      shared  buff/cache   available
Mem:           119Gi        88Gi        30Gi       1.1Gi       2.6Gi        31Gi
106.24% 10.41GiB / 119.6GiB
---
2026-05-16T11:44:42-04:00
               total        used        free      shared  buff/cache   available
Mem:           119Gi        88Gi        30Gi       1.1Gi       2.6Gi        31Gi
105.10% 10.41GiB / 119.6GiB
---
2026-05-16T11:44:58-04:00
               total        used        free      shared  buff/cache   available
Mem:           119Gi        88Gi        30Gi       1.1Gi       2.6Gi        31Gi
112.53% 10.41GiB / 119.6GiB
---
2026-05-16T11:45:14-04:00
               total        used        free      shared  buff/cache   available
Mem:           119Gi        88Gi        30Gi       1.1Gi       2.6Gi        31Gi
105.21% 10.41GiB / 119.6GiB
---
2026-05-16T11:45:30-04:00
               total        used        free      shared  buff/cache   available
Mem:           119Gi        88Gi        30Gi       1.1Gi       2.6Gi        31Gi
104.30% 10.41GiB / 119.6GiB
---
2026-05-16T11:45:46-04:00
               total        used        free      shared  buff/cache   available
Mem:           119Gi        88Gi        30Gi       1.1Gi       2.6Gi        31Gi
106.64% 10.41GiB / 119.6GiB
---
2026-05-16T11:46:02-04:00
               total        used        free      shared  buff/cache   available
Mem:           119Gi        88Gi        30Gi       1.1Gi       2.6Gi        31Gi
106.07% 10.41GiB / 119.6GiB
---
2026-05-16T11:46:18-04:00
               total        used        free      shared  buff/cache   available
Mem:           119Gi        88Gi        30Gi       1.1Gi       2.6Gi        31Gi
105.97% 10.41GiB / 119.6GiB
---
2026-05-16T11:46:34-04:00
               total        used        free      shared  buff/cache   available
Mem:           119Gi        88Gi        30Gi       1.1Gi       2.6Gi        31Gi
108.02% 10.41GiB / 119.6GiB
---
2026-05-16T11:46:50-04:00
               total        used        free      shared  buff/cache   available
Mem:           119Gi        88Gi        30Gi       1.1Gi       2.6Gi        31Gi
105.91% 10.41GiB / 119.6GiB
---
2026-05-16T11:47:06-04:00
               total        used        free      shared  buff/cache   available
Mem:           119Gi        88Gi        30Gi       1.1Gi       2.6Gi        31Gi
105.98% 10.41GiB / 119.6GiB
---
2026-05-16T11:47:22-04:00
               total        used        free      shared  buff/cache   available
Mem:           119Gi        88Gi        30Gi       1.1Gi       2.6Gi        31Gi
105.18% 10.41GiB / 119.6GiB
---
2026-05-16T11:47:38-04:00
               total        used        free      shared  buff/cache   available
Mem:           119Gi        88Gi        30Gi       1.1Gi       2.6Gi        31Gi
110.65% 10.41GiB / 119.6GiB
---
2026-05-16T11:47:54-04:00
               total        used        free      shared  buff/cache   available
Mem:           119Gi        88Gi        30Gi       1.1Gi       2.6Gi        31Gi
106.41% 10.42GiB / 119.6GiB
---
2026-05-16T11:48:10-04:00
               total        used        free      shared  buff/cache   available
Mem:           119Gi        88Gi        30Gi       1.1Gi       2.6Gi        31Gi
105.58% 10.42GiB / 119.6GiB
---
2026-05-16T11:48:26-04:00
               total        used        free      shared  buff/cache   available
Mem:           119Gi        88Gi        30Gi       1.1Gi       2.6Gi        31Gi
105.83% 10.42GiB / 119.6GiB
---
2026-05-16T11:48:42-04:00
               total        used        free      shared  buff/cache   available
Mem:           119Gi        88Gi        30Gi       1.1Gi       2.6Gi        31Gi
107.16% 10.42GiB / 119.6GiB
---
2026-05-16T11:48:58-04:00
               total        used        free      shared  buff/cache   available
Mem:           119Gi        88Gi        30Gi       1.1Gi       2.6Gi        31Gi
105.86% 10.42GiB / 119.6GiB
---
2026-05-16T11:49:14-04:00
               total        used        free      shared  buff/cache   available
Mem:           119Gi        88Gi        30Gi       1.1Gi       2.6Gi        31Gi
105.51% 10.42GiB / 119.6GiB
---
2026-05-16T11:49:30-04:00
               total        used        free      shared  buff/cache   available
Mem:           119Gi        88Gi        30Gi       1.1Gi       2.6Gi        31Gi
107.05% 10.42GiB / 119.6GiB
---
2026-05-16T11:49:46-04:00
               total        used        free      shared  buff/cache   available
Mem:           119Gi        88Gi        30Gi       1.1Gi       2.6Gi        31Gi
107.05% 10.42GiB / 119.6GiB
---
2026-05-16T11:50:02-04:00
               total        used        free      shared  buff/cache   available
Mem:           119Gi        88Gi        30Gi       1.1Gi       2.6Gi        31Gi
105.41% 10.42GiB / 119.6GiB
---
2026-05-16T11:50:18-04:00
               total        used        free      shared  buff/cache   available
Mem:           119Gi        88Gi        30Gi       1.1Gi       2.6Gi        31Gi
107.01% 10.42GiB / 119.6GiB
---
2026-05-16T11:50:34-04:00
               total        used        free      shared  buff/cache   available
Mem:           119Gi        88Gi        30Gi       1.1Gi       2.6Gi        31Gi
106.97% 10.42GiB / 119.6GiB
---
2026-05-16T11:50:50-04:00
               total        used        free      shared  buff/cache   available
Mem:           119Gi        88Gi        30Gi       1.1Gi       2.6Gi        31Gi
105.51% 10.42GiB / 119.6GiB
---
2026-05-16T11:51:06-04:00
               total        used        free      shared  buff/cache   available
Mem:           119Gi        88Gi        30Gi       1.1Gi       2.6Gi        31Gi
105.00% 10.42GiB / 119.6GiB
---
2026-05-16T11:51:22-04:00
               total        used        free      shared  buff/cache   available
Mem:           119Gi        88Gi        30Gi       1.1Gi       2.6Gi        31Gi
107.69% 10.42GiB / 119.6GiB
---
2026-05-16T11:51:38-04:00
               total        used        free      shared  buff/cache   available
Mem:           119Gi        88Gi        30Gi       1.1Gi       2.6Gi        31Gi
105.61% 10.42GiB / 119.6GiB
---
2026-05-16T11:51:54-04:00
               total        used        free      shared  buff/cache   available
Mem:           119Gi        88Gi        30Gi       1.1Gi       2.6Gi        31Gi
105.63% 10.42GiB / 119.6GiB
---
2026-05-16T11:52:10-04:00
               total        used        free      shared  buff/cache   available
Mem:           119Gi        88Gi        30Gi       1.1Gi       2.6Gi        31Gi
106.61% 10.42GiB / 119.6GiB
---
2026-05-16T11:52:26-04:00
               total        used        free      shared  buff/cache   available
Mem:           119Gi        88Gi        30Gi       1.1Gi       2.6Gi        31Gi
105.81% 10.42GiB / 119.6GiB
---
2026-05-16T11:52:42-04:00
               total        used        free      shared  buff/cache   available
Mem:           119Gi        88Gi        30Gi       1.1Gi       2.6Gi        31Gi
106.92% 10.42GiB / 119.6GiB
---
2026-05-16T11:52:58-04:00
               total        used        free      shared  buff/cache   available
Mem:           119Gi        88Gi        30Gi       1.1Gi       2.6Gi        31Gi
106.58% 10.42GiB / 119.6GiB
---
2026-05-16T11:53:14-04:00
               total        used        free      shared  buff/cache   available
Mem:           119Gi        88Gi        30Gi       1.1Gi       2.6Gi        31Gi
104.53% 10.42GiB / 119.6GiB
---
2026-05-16T11:53:30-04:00
               total        used        free      shared  buff/cache   available
Mem:           119Gi        88Gi        30Gi       1.1Gi       2.6Gi        31Gi
107.69% 10.42GiB / 119.6GiB
---
2026-05-16T11:53:46-04:00
               total        used        free      shared  buff/cache   available
Mem:           119Gi        88Gi        30Gi       1.1Gi       2.6Gi        31Gi
106.52% 10.42GiB / 119.6GiB
---
2026-05-16T11:54:02-04:00
               total        used        free      shared  buff/cache   available
Mem:           119Gi        88Gi        30Gi       1.1Gi       2.6Gi        31Gi
106.07% 10.42GiB / 119.6GiB
---
2026-05-16T11:54:19-04:00
               total        used        free      shared  buff/cache   available
Mem:           119Gi        88Gi        30Gi       1.1Gi       2.6Gi        31Gi
107.51% 10.42GiB / 119.6GiB
---
2026-05-16T11:54:35-04:00
               total        used        free      shared  buff/cache   available
Mem:           119Gi        88Gi        30Gi       1.1Gi       2.6Gi        31Gi
105.83% 10.43GiB / 119.6GiB
---
2026-05-16T11:54:51-04:00
               total        used        free      shared  buff/cache   available
Mem:           119Gi        88Gi        30Gi       1.1Gi       2.6Gi        31Gi
105.88% 10.43GiB / 119.6GiB
---
2026-05-16T11:55:07-04:00
               total        used        free      shared  buff/cache   available
Mem:           119Gi        88Gi        30Gi       1.1Gi       2.6Gi        31Gi
107.42% 10.43GiB / 119.6GiB
---
2026-05-16T11:55:23-04:00
               total        used        free      shared  buff/cache   available
Mem:           119Gi        88Gi        30Gi       1.1Gi       2.6Gi        31Gi
107.61% 10.43GiB / 119.6GiB
---
2026-05-16T11:55:39-04:00
               total        used        free      shared  buff/cache   available
Mem:           119Gi        88Gi        30Gi       1.1Gi       2.6Gi        31Gi
105.72% 10.43GiB / 119.6GiB
---
2026-05-16T11:55:55-04:00
               total        used        free      shared  buff/cache   available
Mem:           119Gi        88Gi        30Gi       1.1Gi       2.6Gi        31Gi
114.15% 10.43GiB / 119.6GiB
---
2026-05-16T11:56:11-04:00
               total        used        free      shared  buff/cache   available
Mem:           119Gi        88Gi        30Gi       1.1Gi       2.6Gi        31Gi
107.27% 10.43GiB / 119.6GiB
---
2026-05-16T11:56:27-04:00
               total        used        free      shared  buff/cache   available
Mem:           119Gi        88Gi        30Gi       1.1Gi       2.6Gi        31Gi
105.19% 10.43GiB / 119.6GiB
---
2026-05-16T11:56:43-04:00
               total        used        free      shared  buff/cache   available
Mem:           119Gi        88Gi        30Gi       1.1Gi       2.6Gi        31Gi
107.41% 10.43GiB / 119.6GiB
---
2026-05-16T11:56:59-04:00
               total        used        free      shared  buff/cache   available
Mem:           119Gi        88Gi        30Gi       1.1Gi       2.6Gi        31Gi
106.64% 10.43GiB / 119.6GiB
---
2026-05-16T11:57:15-04:00
               total        used        free      shared  buff/cache   available
Mem:           119Gi        88Gi        30Gi       1.1Gi       2.6Gi        31Gi
105.21% 10.43GiB / 119.6GiB
---
2026-05-16T11:57:31-04:00
               total        used        free      shared  buff/cache   available
Mem:           119Gi        88Gi        30Gi       1.1Gi       2.6Gi        31Gi
105.85% 10.43GiB / 119.6GiB
---
2026-05-16T11:57:47-04:00
               total        used        free      shared  buff/cache   available
Mem:           119Gi        88Gi        30Gi       1.1Gi       2.6Gi        31Gi
107.03% 10.43GiB / 119.6GiB
---
2026-05-16T11:58:03-04:00
               total        used        free      shared  buff/cache   available
Mem:           119Gi        88Gi        30Gi       1.1Gi       2.6Gi        31Gi
105.97% 10.43GiB / 119.6GiB
---
2026-05-16T11:58:19-04:00
               total        used        free      shared  buff/cache   available
Mem:           119Gi        88Gi        30Gi       1.1Gi       2.6Gi        31Gi
105.67% 10.43GiB / 119.6GiB
---
2026-05-16T11:58:35-04:00
               total        used        free      shared  buff/cache   available
Mem:           119Gi        88Gi        30Gi       1.1Gi       2.6Gi        31Gi
107.32% 10.43GiB / 119.6GiB
---
2026-05-16T11:58:51-04:00
               total        used        free      shared  buff/cache   available
Mem:           119Gi        88Gi        30Gi       1.1Gi       2.6Gi        31Gi
102.49% 10.43GiB / 119.6GiB
---
2026-05-16T11:59:07-04:00
               total        used        free      shared  buff/cache   available
Mem:           119Gi        88Gi        30Gi       1.1Gi       2.6Gi        31Gi
108.69% 10.43GiB / 119.6GiB
---
2026-05-16T11:59:23-04:00
               total        used        free      shared  buff/cache   available
Mem:           119Gi        88Gi        30Gi       1.1Gi       2.6Gi        31Gi
107.47% 10.43GiB / 119.6GiB
---
2026-05-16T11:59:39-04:00
               total        used        free      shared  buff/cache   available
Mem:           119Gi        88Gi        30Gi       1.1Gi       2.6Gi        31Gi
115.19% 10.43GiB / 119.6GiB
---
2026-05-16T11:59:55-04:00
               total        used        free      shared  buff/cache   available
Mem:           119Gi        88Gi        30Gi       1.1Gi       2.6Gi        31Gi
110.98% 10.43GiB / 119.6GiB
---
2026-05-16T12:00:11-04:00
               total        used        free      shared  buff/cache   available
Mem:           119Gi        88Gi        30Gi       1.1Gi       2.7Gi        31Gi
107.74% 10.43GiB / 119.6GiB
---
2026-05-16T12:00:27-04:00
               total        used        free      shared  buff/cache   available
Mem:           119Gi        88Gi        30Gi       1.1Gi       2.7Gi        31Gi
107.48% 10.43GiB / 119.6GiB
---
2026-05-16T12:00:43-04:00
               total        used        free      shared  buff/cache   available
Mem:           119Gi        88Gi        30Gi       1.1Gi       2.7Gi        31Gi
105.94% 10.44GiB / 119.6GiB
---
2026-05-16T12:00:59-04:00
               total        used        free      shared  buff/cache   available
Mem:           119Gi        88Gi        30Gi       1.1Gi       2.7Gi        31Gi
105.34% 10.44GiB / 119.6GiB
---
2026-05-16T12:01:15-04:00
               total        used        free      shared  buff/cache   available
Mem:           119Gi        88Gi        30Gi       1.1Gi       2.7Gi        31Gi
107.16% 10.44GiB / 119.6GiB
---
2026-05-16T12:01:31-04:00
               total        used        free      shared  buff/cache   available
Mem:           119Gi        88Gi        30Gi       1.1Gi       2.7Gi        31Gi
105.33% 10.44GiB / 119.6GiB
---
2026-05-16T12:01:47-04:00
               total        used        free      shared  buff/cache   available
Mem:           119Gi        88Gi        30Gi       1.1Gi       2.7Gi        31Gi
105.62% 10.44GiB / 119.6GiB
---
2026-05-16T12:02:03-04:00
               total        used        free      shared  buff/cache   available
Mem:           119Gi        88Gi        30Gi       1.1Gi       2.7Gi        31Gi
114.91% 10.44GiB / 119.6GiB
---
2026-05-16T12:02:19-04:00
               total        used        free      shared  buff/cache   available
Mem:           119Gi        88Gi        30Gi       1.1Gi       2.7Gi        31Gi
105.97% 10.44GiB / 119.6GiB
---
2026-05-16T12:02:35-04:00
               total        used        free      shared  buff/cache   available
Mem:           119Gi        88Gi        30Gi       1.1Gi       2.7Gi        31Gi
105.80% 10.44GiB / 119.6GiB
---
2026-05-16T12:02:51-04:00
               total        used        free      shared  buff/cache   available
Mem:           119Gi        88Gi        30Gi       1.1Gi       2.7Gi        31Gi
107.21% 10.44GiB / 119.6GiB
---
2026-05-16T12:03:07-04:00
               total        used        free      shared  buff/cache   available
Mem:           119Gi        88Gi        30Gi       1.1Gi       2.7Gi        31Gi
107.26% 10.44GiB / 119.6GiB
---
2026-05-16T12:03:23-04:00
               total        used        free      shared  buff/cache   available
Mem:           119Gi        88Gi        30Gi       1.1Gi       2.7Gi        31Gi
110.35% 10.44GiB / 119.6GiB
---
2026-05-16T12:03:39-04:00
               total        used        free      shared  buff/cache   available
Mem:           119Gi        88Gi        30Gi       1.1Gi       2.7Gi        31Gi
107.13% 10.44GiB / 119.6GiB
---
2026-05-16T12:03:55-04:00
               total        used        free      shared  buff/cache   available
Mem:           119Gi        88Gi        30Gi       1.1Gi       2.7Gi        31Gi
107.42% 10.44GiB / 119.6GiB
---
2026-05-16T12:04:11-04:00
               total        used        free      shared  buff/cache   available
Mem:           119Gi        88Gi        30Gi       1.1Gi       2.7Gi        31Gi
105.27% 10.44GiB / 119.6GiB
---
2026-05-16T12:04:27-04:00
               total        used        free      shared  buff/cache   available
Mem:           119Gi        88Gi        30Gi       1.1Gi       2.7Gi        31Gi
107.05% 10.44GiB / 119.6GiB
---
2026-05-16T12:04:43-04:00
               total        used        free      shared  buff/cache   available
Mem:           119Gi        88Gi        30Gi       1.1Gi       2.7Gi        31Gi
106.71% 10.44GiB / 119.6GiB
---
2026-05-16T12:04:59-04:00
               total        used        free      shared  buff/cache   available
Mem:           119Gi        88Gi        30Gi       1.1Gi       2.7Gi        31Gi
105.53% 10.44GiB / 119.6GiB
---
2026-05-16T12:05:15-04:00
               total        used        free      shared  buff/cache   available
Mem:           119Gi        88Gi        30Gi       1.1Gi       2.7Gi        31Gi
106.60% 10.44GiB / 119.6GiB
---
2026-05-16T12:05:32-04:00
               total        used        free      shared  buff/cache   available
Mem:           119Gi        88Gi        30Gi       1.1Gi       2.7Gi        31Gi
105.44% 10.44GiB / 119.6GiB
---
2026-05-16T12:05:48-04:00
               total        used        free      shared  buff/cache   available
Mem:           119Gi        88Gi        30Gi       1.1Gi       2.7Gi        31Gi
105.71% 10.44GiB / 119.6GiB
---
2026-05-16T12:06:04-04:00
               total        used        free      shared  buff/cache   available
Mem:           119Gi        88Gi        30Gi       1.1Gi       2.7Gi        31Gi
114.29% 10.44GiB / 119.6GiB
---
2026-05-16T12:06:20-04:00
               total        used        free      shared  buff/cache   available
Mem:           119Gi        88Gi        30Gi       1.1Gi       2.7Gi        31Gi
105.56% 10.44GiB / 119.6GiB
---
2026-05-16T12:06:36-04:00
               total        used        free      shared  buff/cache   available
Mem:           119Gi        88Gi        30Gi       1.1Gi       2.7Gi        31Gi
102.14% 10.44GiB / 119.6GiB
---
2026-05-16T12:06:52-04:00
               total        used        free      shared  buff/cache   available
Mem:           119Gi        88Gi        30Gi       1.1Gi       2.7Gi        31Gi
114.84% 10.44GiB / 119.6GiB
---
2026-05-16T12:07:08-04:00
               total        used        free      shared  buff/cache   available
Mem:           119Gi        88Gi        30Gi       1.1Gi       2.7Gi        31Gi
106.10% 10.45GiB / 119.6GiB
---
2026-05-16T12:07:24-04:00
               total        used        free      shared  buff/cache   available
Mem:           119Gi        88Gi        30Gi       1.1Gi       2.7Gi        31Gi
106.10% 10.45GiB / 119.6GiB
---
2026-05-16T12:07:40-04:00
               total        used        free      shared  buff/cache   available
Mem:           119Gi        88Gi        30Gi       1.1Gi       2.7Gi        31Gi
113.21% 10.45GiB / 119.6GiB
---
2026-05-16T12:07:56-04:00
               total        used        free      shared  buff/cache   available
Mem:           119Gi        88Gi        30Gi       1.1Gi       2.7Gi        31Gi
105.72% 10.45GiB / 119.6GiB
---
2026-05-16T12:08:12-04:00
               total        used        free      shared  buff/cache   available
Mem:           119Gi        88Gi        30Gi       1.1Gi       2.7Gi        31Gi
106.07% 10.45GiB / 119.6GiB
---
2026-05-16T12:08:28-04:00
               total        used        free      shared  buff/cache   available
Mem:           119Gi        88Gi        30Gi       1.1Gi       2.7Gi        31Gi
107.82% 10.45GiB / 119.6GiB
---
2026-05-16T12:08:44-04:00
               total        used        free      shared  buff/cache   available
Mem:           119Gi        88Gi        30Gi       1.1Gi       2.7Gi        31Gi
107.71% 10.45GiB / 119.6GiB
---
2026-05-16T12:09:00-04:00
               total        used        free      shared  buff/cache   available
Mem:           119Gi        88Gi        30Gi       1.1Gi       2.7Gi        31Gi
105.75% 10.45GiB / 119.6GiB
---
2026-05-16T12:09:16-04:00
               total        used        free      shared  buff/cache   available
Mem:           119Gi        88Gi        30Gi       1.1Gi       2.7Gi        31Gi
107.15% 10.45GiB / 119.6GiB
---
2026-05-16T12:09:32-04:00
               total        used        free      shared  buff/cache   available
Mem:           119Gi        88Gi        30Gi       1.1Gi       2.7Gi        31Gi
107.41% 10.45GiB / 119.6GiB
---
2026-05-16T12:09:48-04:00
               total        used        free      shared  buff/cache   available
Mem:           119Gi        88Gi        30Gi       1.1Gi       2.7Gi        31Gi
105.28% 10.45GiB / 119.6GiB
---
2026-05-16T12:10:04-04:00
               total        used        free      shared  buff/cache   available
Mem:           119Gi        88Gi        30Gi       1.1Gi       2.7Gi        31Gi
107.05% 10.45GiB / 119.6GiB
---
2026-05-16T12:10:20-04:00
               total        used        free      shared  buff/cache   available
Mem:           119Gi        88Gi        30Gi       1.1Gi       2.7Gi        31Gi
107.65% 10.45GiB / 119.6GiB
---
2026-05-16T12:10:36-04:00
               total        used        free      shared  buff/cache   available
Mem:           119Gi        88Gi        30Gi       1.1Gi       2.7Gi        31Gi
105.36% 10.45GiB / 119.6GiB
---
2026-05-16T12:10:52-04:00
               total        used        free      shared  buff/cache   available
Mem:           119Gi        88Gi        30Gi       1.1Gi       2.7Gi        31Gi
105.62% 10.45GiB / 119.6GiB
---
2026-05-16T12:11:08-04:00
               total        used        free      shared  buff/cache   available
Mem:           119Gi        88Gi        30Gi       1.1Gi       2.7Gi        31Gi
107.27% 10.45GiB / 119.6GiB
---
2026-05-16T12:11:24-04:00
               total        used        free      shared  buff/cache   available
Mem:           119Gi        88Gi        30Gi       1.1Gi       2.7Gi        31Gi
105.21% 10.45GiB / 119.6GiB
---
2026-05-16T12:11:40-04:00
               total        used        free      shared  buff/cache   available
Mem:           119Gi        88Gi        30Gi       1.1Gi       2.7Gi        31Gi
105.37% 10.45GiB / 119.6GiB
---
2026-05-16T12:11:56-04:00
               total        used        free      shared  buff/cache   available
Mem:           119Gi        88Gi        30Gi       1.1Gi       2.7Gi        31Gi
107.04% 10.45GiB / 119.6GiB
---
2026-05-16T12:12:12-04:00
               total        used        free      shared  buff/cache   available
Mem:           119Gi        88Gi        30Gi       1.1Gi       2.7Gi        31Gi
105.18% 10.45GiB / 119.6GiB
---
2026-05-16T12:12:28-04:00
               total        used        free      shared  buff/cache   available
Mem:           119Gi        88Gi        30Gi       1.1Gi       2.7Gi        31Gi
106.15% 10.45GiB / 119.6GiB
---
2026-05-16T12:12:44-04:00
               total        used        free      shared  buff/cache   available
Mem:           119Gi        88Gi        30Gi       1.1Gi       2.7Gi        30Gi
107.07% 10.45GiB / 119.6GiB
---
2026-05-16T12:13:00-04:00
               total        used        free      shared  buff/cache   available
Mem:           119Gi        88Gi        30Gi       1.1Gi       2.7Gi        30Gi
107.15% 10.45GiB / 119.6GiB
---
2026-05-16T12:13:16-04:00
               total        used        free      shared  buff/cache   available
Mem:           119Gi        88Gi        30Gi       1.1Gi       2.7Gi        31Gi
105.59% 10.46GiB / 119.6GiB
---
2026-05-16T12:13:32-04:00
               total        used        free      shared  buff/cache   available
Mem:           119Gi        88Gi        30Gi       1.1Gi       2.7Gi        31Gi
107.11% 10.46GiB / 119.6GiB
---
2026-05-16T12:13:48-04:00
               total        used        free      shared  buff/cache   available
Mem:           119Gi        88Gi        30Gi       1.1Gi       2.7Gi        31Gi
107.08% 10.46GiB / 119.6GiB
---
2026-05-16T12:14:04-04:00
               total        used        free      shared  buff/cache   available
Mem:           119Gi        88Gi        30Gi       1.1Gi       2.7Gi        31Gi
105.61% 10.46GiB / 119.6GiB
---
2026-05-16T12:14:20-04:00
               total        used        free      shared  buff/cache   available
Mem:           119Gi        88Gi        30Gi       1.1Gi       2.7Gi        31Gi
104.40% 10.46GiB / 119.6GiB
---
2026-05-16T12:14:36-04:00
               total        used        free      shared  buff/cache   available
Mem:           119Gi        88Gi        30Gi       1.1Gi       2.7Gi        31Gi
115.04% 10.46GiB / 119.6GiB
---
2026-05-16T12:14:52-04:00
               total        used        free      shared  buff/cache   available
Mem:           119Gi        88Gi        30Gi       1.1Gi       2.7Gi        31Gi
106.00% 10.46GiB / 119.6GiB
---
2026-05-16T12:15:08-04:00
               total        used        free      shared  buff/cache   available
Mem:           119Gi        88Gi        30Gi       1.1Gi       2.7Gi        31Gi
110.58% 10.46GiB / 119.6GiB
---
2026-05-16T12:15:24-04:00
               total        used        free      shared  buff/cache   available
Mem:           119Gi        88Gi        30Gi       1.1Gi       2.7Gi        31Gi
109.53% 10.46GiB / 119.6GiB
---
2026-05-16T12:15:40-04:00
               total        used        free      shared  buff/cache   available
Mem:           119Gi        88Gi        30Gi       1.1Gi       2.7Gi        31Gi
105.77% 10.46GiB / 119.6GiB
---
2026-05-16T12:15:56-04:00
               total        used        free      shared  buff/cache   available
Mem:           119Gi        88Gi        30Gi       1.1Gi       2.7Gi        31Gi
110.52% 10.46GiB / 119.6GiB
---
2026-05-16T12:16:12-04:00
               total        used        free      shared  buff/cache   available
Mem:           119Gi        88Gi        30Gi       1.1Gi       2.7Gi        31Gi
107.21% 10.46GiB / 119.6GiB
---
2026-05-16T12:16:28-04:00
               total        used        free      shared  buff/cache   available
Mem:           119Gi        88Gi        30Gi       1.1Gi       2.7Gi        31Gi
107.51% 10.46GiB / 119.6GiB
---
2026-05-16T12:16:44-04:00
               total        used        free      shared  buff/cache   available
Mem:           119Gi        88Gi        30Gi       1.1Gi       2.7Gi        31Gi
105.79% 10.46GiB / 119.6GiB
---
2026-05-16T12:17:00-04:00
               total        used        free      shared  buff/cache   available
Mem:           119Gi        88Gi        30Gi       1.1Gi       2.7Gi        31Gi
107.22% 10.46GiB / 119.6GiB
---
2026-05-16T12:17:16-04:00
               total        used        free      shared  buff/cache   available
Mem:           119Gi        88Gi        30Gi       1.1Gi       2.7Gi        31Gi
107.24% 10.46GiB / 119.6GiB
---
2026-05-16T12:17:33-04:00
               total        used        free      shared  buff/cache   available
Mem:           119Gi        88Gi        30Gi       1.1Gi       2.7Gi        31Gi
105.76% 10.46GiB / 119.6GiB
---
2026-05-16T12:17:49-04:00
               total        used        free      shared  buff/cache   available
Mem:           119Gi        88Gi        30Gi       1.1Gi       2.7Gi        31Gi
108.25% 10.46GiB / 119.6GiB
---
2026-05-16T12:18:05-04:00
               total        used        free      shared  buff/cache   available
Mem:           119Gi        88Gi        30Gi       1.1Gi       2.7Gi        31Gi
107.27% 10.46GiB / 119.6GiB
---
2026-05-16T12:18:21-04:00
               total        used        free      shared  buff/cache   available
Mem:           119Gi        88Gi        30Gi       1.1Gi       2.7Gi        31Gi
105.51% 10.46GiB / 119.6GiB
---
2026-05-16T12:18:37-04:00
               total        used        free      shared  buff/cache   available
Mem:           119Gi        88Gi        30Gi       1.1Gi       2.7Gi        31Gi
110.45% 10.46GiB / 119.6GiB
---
2026-05-16T12:18:53-04:00
               total        used        free      shared  buff/cache   available
Mem:           119Gi        88Gi        30Gi       1.1Gi       2.7Gi        30Gi
107.03% 10.46GiB / 119.6GiB
---
2026-05-16T12:19:09-04:00
               total        used        free      shared  buff/cache   available
Mem:           119Gi        88Gi        30Gi       1.1Gi       2.7Gi        30Gi
105.09% 10.46GiB / 119.6GiB
---
2026-05-16T12:19:25-04:00
               total        used        free      shared  buff/cache   available
Mem:           119Gi        88Gi        30Gi       1.1Gi       2.7Gi        31Gi
105.18% 10.46GiB / 119.6GiB
---
2026-05-16T12:19:41-04:00
               total        used        free      shared  buff/cache   available
Mem:           119Gi        88Gi        30Gi       1.1Gi       2.7Gi        31Gi
107.15% 10.46GiB / 119.6GiB
---
2026-05-16T12:19:57-04:00
               total        used        free      shared  buff/cache   available
Mem:           119Gi        88Gi        30Gi       1.1Gi       2.7Gi        31Gi
102.29% 10.47GiB / 119.6GiB
---
2026-05-16T12:20:13-04:00
               total        used        free      shared  buff/cache   available
Mem:           119Gi        88Gi        30Gi       1.1Gi       2.7Gi        31Gi
105.48% 10.47GiB / 119.6GiB
---
2026-05-16T12:20:29-04:00
               total        used        free      shared  buff/cache   available
Mem:           119Gi        88Gi        30Gi       1.1Gi       2.7Gi        31Gi
107.04% 10.47GiB / 119.6GiB
---
2026-05-16T12:20:45-04:00
               total        used        free      shared  buff/cache   available
Mem:           119Gi        88Gi        30Gi       1.1Gi       2.7Gi        31Gi
114.42% 10.47GiB / 119.6GiB
---
2026-05-16T12:21:01-04:00
               total        used        free      shared  buff/cache   available
Mem:           119Gi        88Gi        30Gi       1.1Gi       2.7Gi        31Gi
105.75% 10.47GiB / 119.6GiB
---
2026-05-16T12:21:17-04:00
               total        used        free      shared  buff/cache   available
Mem:           119Gi        88Gi        30Gi       1.1Gi       2.8Gi        31Gi
107.45% 10.47GiB / 119.6GiB
---
2026-05-16T12:21:33-04:00
               total        used        free      shared  buff/cache   available
Mem:           119Gi        88Gi        30Gi       1.1Gi       2.8Gi        31Gi
114.79% 10.47GiB / 119.6GiB
---
2026-05-16T12:21:49-04:00
               total        used        free      shared  buff/cache   available
Mem:           119Gi        88Gi        30Gi       1.1Gi       2.8Gi        31Gi
105.64% 10.47GiB / 119.6GiB
---
2026-05-16T12:22:05-04:00
               total        used        free      shared  buff/cache   available
Mem:           119Gi        88Gi        30Gi       1.1Gi       2.8Gi        31Gi
105.50% 10.47GiB / 119.6GiB
---
2026-05-16T12:22:21-04:00
               total        used        free      shared  buff/cache   available
Mem:           119Gi        88Gi        30Gi       1.1Gi       2.8Gi        31Gi
107.41% 10.47GiB / 119.6GiB
---
2026-05-16T12:22:37-04:00
               total        used        free      shared  buff/cache   available
Mem:           119Gi        88Gi        30Gi       1.1Gi       2.8Gi        30Gi
105.39% 10.47GiB / 119.6GiB
---
2026-05-16T12:22:53-04:00
               total        used        free      shared  buff/cache   available
Mem:           119Gi        88Gi        30Gi       1.1Gi       2.8Gi        30Gi
105.37% 10.47GiB / 119.6GiB
---
2026-05-16T12:23:09-04:00
               total        used        free      shared  buff/cache   available
Mem:           119Gi        88Gi        30Gi       1.1Gi       2.8Gi        30Gi
114.14% 10.47GiB / 119.6GiB
---
2026-05-16T12:23:25-04:00
               total        used        free      shared  buff/cache   available
Mem:           119Gi        88Gi        30Gi       1.1Gi       2.8Gi        31Gi
2.06% 10.47GiB / 119.6GiB
---
2026-05-16T12:23:41-04:00
               total        used        free      shared  buff/cache   available
Mem:           119Gi        88Gi        30Gi       1.1Gi       2.8Gi        31Gi
2.92% 10.47GiB / 119.6GiB
---
2026-05-16T12:23:57-04:00
               total        used        free      shared  buff/cache   available
Mem:           119Gi        88Gi        30Gi       1.1Gi       2.8Gi        31Gi
2.82% 10.47GiB / 119.6GiB
---
2026-05-16T12:24:13-04:00
               total        used        free      shared  buff/cache   available
Mem:           119Gi        88Gi        30Gi       1.1Gi       2.8Gi        31Gi
3.19% 10.47GiB / 119.6GiB
---
2026-05-16T12:24:29-04:00
               total        used        free      shared  buff/cache   available
Mem:           119Gi        88Gi        30Gi       1.1Gi       2.8Gi        31Gi
2.81% 10.47GiB / 119.6GiB
---
2026-05-16T12:24:45-04:00
               total        used        free      shared  buff/cache   available
Mem:           119Gi        88Gi        30Gi       1.1Gi       2.8Gi        31Gi
2.82% 10.47GiB / 119.6GiB
---
2026-05-16T12:25:01-04:00
               total        used        free      shared  buff/cache   available
Mem:           119Gi        88Gi        30Gi       1.1Gi       2.8Gi        31Gi
2.47% 10.47GiB / 119.6GiB
---
2026-05-16T12:25:17-04:00
               total        used        free      shared  buff/cache   available
Mem:           119Gi        88Gi        30Gi       1.1Gi       2.8Gi        31Gi
2.83% 10.47GiB / 119.6GiB
---
